{
	"UsrGrp|000": "mkdir /UsrGrp/000/test: permission denied",
	"UsrGrp|001": "mkdir /UsrGrp/001/test: permission denied",
	"UsrGrp|002": "mkdir /UsrGrp/002/test: permission denied",
	"UsrGrp|003": "mkdir /UsrGrp/003/test: permission denied",
	"UsrGrp|004": "mkdir /UsrGrp/004/test: permission denied",
	"UsrGrp|005": "mkdir /UsrGrp/005/test: permission denied",
	"UsrGrp|006": "mkdir /UsrGrp/006/test: permission denied",
	"UsrGrp|007": "mkdir /UsrGrp/007/test: permission denied",
	"UsrGrp|010": "mkdir /UsrGrp/010/test: permission denied",
	"UsrGrp|011": "mkdir /UsrGrp/011/test: permission denied",
	"UsrGrp|012": "mkdir /UsrGrp/012/test: permission denied",
	"UsrGrp|013": "mkdir /UsrGrp/013/test: permission denied",
	"UsrGrp|014": "mkdir /UsrGrp/014/test: permission denied",
	"UsrGrp|015": "mkdir /UsrGrp/015/test: permission denied",
	"UsrGrp|016": "mkdir /UsrGrp/016/test: permission denied",
	"UsrGrp|017": "mkdir /UsrGrp/017/test: permission denied",
	"UsrGrp|020": "mkdir /UsrGrp/020/test: permission denied",
	"UsrGrp|021": "mkdir /UsrGrp/021/test: permission denied",
	"UsrGrp|022": "mkdir /UsrGrp/022/test: permission denied",
	"UsrGrp|023": "mkdir /UsrGrp/023/test: permission denied",
	"UsrGrp|024": "mkdir /UsrGrp/024/test: permission denied",
	"UsrGrp|025": "mkdir /UsrGrp/025/test: permission denied",
	"UsrGrp|026": "mkdir /UsrGrp/026/test: permission denied",
	"UsrGrp|027": "mkdir /UsrGrp/027/test: permission denied",
	"UsrGrp|030": "mkdir /UsrGrp/030/test: permission denied",
	"UsrGrp|031": "mkdir /UsrGrp/031/test: permission denied",
	"UsrGrp|032": "mkdir /UsrGrp/032/test: permission denied",
	"UsrGrp|033": "mkdir /UsrGrp/033/test: permission denied",
	"UsrGrp|034": "mkdir /UsrGrp/034/test: permission denied",
	"UsrGrp|035": "mkdir /UsrGrp/035/test: permission denied",
	"UsrGrp|036": "mkdir /UsrGrp/036/test: permission denied",
	"UsrGrp|037": "mkdir /UsrGrp/037/test: permission denied",
	"UsrGrp|040": "mkdir /UsrGrp/040/test: permission denied",
	"UsrGrp|041": "mkdir /UsrGrp/041/test: permission denied",
	"UsrGrp|042": "mkdir /UsrGrp/042/test: permission denied",
	"UsrGrp|043": "mkdir /UsrGrp/043/test: permission denied",
	"UsrGrp|044": "mkdir /UsrGrp/044/test: permission denied",
	"UsrGrp|045": "mkdir /UsrGrp/045/test: permission denied",
	"UsrGrp|046": "mkdir /UsrGrp/046/test: permission denied",
	"UsrGrp|047": "mkdir /UsrGrp/047/test: permission denied",
	"UsrGrp|050": "mkdir /UsrGrp/050/test: permission denied",
	"UsrGrp|051": "mkdir /UsrGrp/051/test: permission denied",
	"UsrGrp|052": "mkdir /UsrGrp/052/test: permission denied",
	"UsrGrp|053": "mkdir /UsrGrp/053/test: permission denied",
	"UsrGrp|054": "mkdir /UsrGrp/054/test: permission denied",
	"UsrGrp|055": "mkdir /UsrGrp/055/test: permission denied",
	"UsrGrp|056": "mkdir /UsrGrp/056/test: permission denied",
	"UsrGrp|057": "mkdir /UsrGrp/057/test: permission denied",
	"UsrGrp|060": "mkdir /UsrGrp/060/test: permission denied",
	"UsrGrp|061": "mkdir /UsrGrp/061/test: permission denied",
	"UsrGrp|062": "mkdir /UsrGrp/062/test: permission denied",
	"UsrGrp|063": "mkdir /UsrGrp/063/test: permission denied",
	"UsrGrp|064": "mkdir /UsrGrp/064/test: permission denied",
	"UsrGrp|065": "mkdir /UsrGrp/065/test: permission denied",
	"UsrGrp|066": "mkdir /UsrGrp/066/test: permission denied",
	"UsrGrp|067": "mkdir /UsrGrp/067/test: permission denied",
	"UsrGrp|070": "mkdir /UsrGrp/070/test: permission denied",
	"UsrGrp|071": "mkdir /UsrGrp/071/test: permission denied",
	"UsrGrp|072": "mkdir /UsrGrp/072/test: permission denied",
	"UsrGrp|073": "mkdir /UsrGrp/073/test: permission denied",
	"UsrGrp|074": "mkdir /UsrGrp/074/test: permission denied",
	"UsrGrp|075": "mkdir /UsrGrp/075/test: permission denied",
	"UsrGrp|076": "mkdir /UsrGrp/076/test: permission denied",
	"UsrGrp|077": "mkdir /UsrGrp/077/test: permission denied",
	"UsrGrp|100": "mkdir /UsrGrp/100/test: permission denied",
	"UsrGrp|101": "mkdir /UsrGrp/101/test: permission denied",
	"UsrGrp|102": "mkdir /UsrGrp/102/test: permission denied",
	"UsrGrp|103": "mkdir /UsrGrp/103/test: permission denied",
	"UsrGrp|104": "mkdir /UsrGrp/104/test: permission denied",
	"UsrGrp|105": "mkdir /UsrGrp/105/test: permission denied",
	"UsrGrp|106": "mkdir /UsrGrp/106/test: permission denied",
	"UsrGrp|107": "mkdir /UsrGrp/107/test: permission denied",
	"UsrGrp|110": "mkdir /UsrGrp/110/test: permission denied",
	"UsrGrp|111": "mkdir /UsrGrp/111/test: permission denied",
	"UsrGrp|112": "mkdir /UsrGrp/112/test: permission denied",
	"UsrGrp|113": "mkdir /UsrGrp/113/test: permission denied",
	"UsrGrp|114": "mkdir /UsrGrp/114/test: permission denied",
	"UsrGrp|115": "mkdir /UsrGrp/115/test: permission denied",
	"UsrGrp|116": "mkdir /UsrGrp/116/test: permission denied",
	"UsrGrp|117": "mkdir /UsrGrp/117/test: permission denied",
	"UsrGrp|120": "mkdir /UsrGrp/120/test: permission denied",
	"UsrGrp|121": "mkdir /UsrGrp/121/test: permission denied",
	"UsrGrp|122": "mkdir /UsrGrp/122/test: permission denied",
	"UsrGrp|123": "mkdir /UsrGrp/123/test: permission denied",
	"UsrGrp|124": "mkdir /UsrGrp/124/test: permission denied",
	"UsrGrp|125": "mkdir /UsrGrp/125/test: permission denied",
	"UsrGrp|126": "mkdir /UsrGrp/126/test: permission denied",
	"UsrGrp|127": "mkdir /UsrGrp/127/test: permission denied",
	"UsrGrp|130": "mkdir /UsrGrp/130/test: permission denied",
	"UsrGrp|131": "mkdir /UsrGrp/131/test: permission denied",
	"UsrGrp|132": "mkdir /UsrGrp/132/test: permission denied",
	"UsrGrp|133": "mkdir /UsrGrp/133/test: permission denied",
	"UsrGrp|134": "mkdir /UsrGrp/134/test: permission denied",
	"UsrGrp|135": "mkdir /UsrGrp/135/test: permission denied",
	"UsrGrp|136": "mkdir /UsrGrp/136/test: permission denied",
	"UsrGrp|137": "mkdir /UsrGrp/137/test: permission denied",
	"UsrGrp|140": "mkdir /UsrGrp/140/test: permission denied",
	"UsrGrp|141": "mkdir /UsrGrp/141/test: permission denied",
	"UsrGrp|142": "mkdir /UsrGrp/142/test: permission denied",
	"UsrGrp|143": "mkdir /UsrGrp/143/test: permission denied",
	"UsrGrp|144": "mkdir /UsrGrp/144/test: permission denied",
	"UsrGrp|145": "mkdir /UsrGrp/145/test: permission denied",
	"UsrGrp|146": "mkdir /UsrGrp/146/test: permission denied",
	"UsrGrp|147": "mkdir /UsrGrp/147/test: permission denied",
	"UsrGrp|150": "mkdir /UsrGrp/150/test: permission denied",
	"UsrGrp|151": "mkdir /UsrGrp/151/test: permission denied",
	"UsrGrp|152": "mkdir /UsrGrp/152/test: permission denied",
	"UsrGrp|153": "mkdir /UsrGrp/153/test: permission denied",
	"UsrGrp|154": "mkdir /UsrGrp/154/test: permission denied",
	"UsrGrp|155": "mkdir /UsrGrp/155/test: permission denied",
	"UsrGrp|156": "mkdir /UsrGrp/156/test: permission denied",
	"UsrGrp|157": "mkdir /UsrGrp/157/test: permission denied",
	"UsrGrp|160": "mkdir /UsrGrp/160/test: permission denied",
	"UsrGrp|161": "mkdir /UsrGrp/161/test: permission denied",
	"UsrGrp|162": "mkdir /UsrGrp/162/test: permission denied",
	"UsrGrp|163": "mkdir /UsrGrp/163/test: permission denied",
	"UsrGrp|164": "mkdir /UsrGrp/164/test: permission denied",
	"UsrGrp|165": "mkdir /UsrGrp/165/test: permission denied",
	"UsrGrp|166": "mkdir /UsrGrp/166/test: permission denied",
	"UsrGrp|167": "mkdir /UsrGrp/167/test: permission denied",
	"UsrGrp|170": "mkdir /UsrGrp/170/test: permission denied",
	"UsrGrp|171": "mkdir /UsrGrp/171/test: permission denied",
	"UsrGrp|172": "mkdir /UsrGrp/172/test: permission denied",
	"UsrGrp|173": "mkdir /UsrGrp/173/test: permission denied",
	"UsrGrp|174": "mkdir /UsrGrp/174/test: permission denied",
	"UsrGrp|175": "mkdir /UsrGrp/175/test: permission denied",
	"UsrGrp|176": "mkdir /UsrGrp/176/test: permission denied",
	"UsrGrp|177": "mkdir /UsrGrp/177/test: permission denied",
	"UsrGrp|200": "mkdir /UsrGrp/200/test: permission denied",
	"UsrGrp|201": "mkdir /UsrGrp/201/test: permission denied",
	"UsrGrp|202": "mkdir /UsrGrp/202/test: permission denied",
	"UsrGrp|203": "mkdir /UsrGrp/203/test: permission denied",
	"UsrGrp|204": "mkdir /UsrGrp/204/test: permission denied",
	"UsrGrp|205": "mkdir /UsrGrp/205/test: permission denied",
	"UsrGrp|206": "mkdir /UsrGrp/206/test: permission denied",
	"UsrGrp|207": "mkdir /UsrGrp/207/test: permission denied",
	"UsrGrp|210": "mkdir /UsrGrp/210/test: permission denied",
	"UsrGrp|211": "mkdir /UsrGrp/211/test: permission denied",
	"UsrGrp|212": "mkdir /UsrGrp/212/test: permission denied",
	"UsrGrp|213": "mkdir /UsrGrp/213/test: permission denied",
	"UsrGrp|214": "mkdir /UsrGrp/214/test: permission denied",
	"UsrGrp|215": "mkdir /UsrGrp/215/test: permission denied",
	"UsrGrp|216": "mkdir /UsrGrp/216/test: permission denied",
	"UsrGrp|217": "mkdir /UsrGrp/217/test: permission denied",
	"UsrGrp|220": "mkdir /UsrGrp/220/test: permission denied",
	"UsrGrp|221": "mkdir /UsrGrp/221/test: permission denied",
	"UsrGrp|222": "mkdir /UsrGrp/222/test: permission denied",
	"UsrGrp|223": "mkdir /UsrGrp/223/test: permission denied",
	"UsrGrp|224": "mkdir /UsrGrp/224/test: permission denied",
	"UsrGrp|225": "mkdir /UsrGrp/225/test: permission denied",
	"UsrGrp|226": "mkdir /UsrGrp/226/test: permission denied",
	"UsrGrp|227": "mkdir /UsrGrp/227/test: permission denied",
	"UsrGrp|230": "mkdir /UsrGrp/230/test: permission denied",
	"UsrGrp|231": "mkdir /UsrGrp/231/test: permission denied",
	"UsrGrp|232": "mkdir /UsrGrp/232/test: permission denied",
	"UsrGrp|233": "mkdir /UsrGrp/233/test: permission denied",
	"UsrGrp|234": "mkdir /UsrGrp/234/test: permission denied",
	"UsrGrp|235": "mkdir /UsrGrp/235/test: permission denied",
	"UsrGrp|236": "mkdir /UsrGrp/236/test: permission denied",
	"UsrGrp|237": "mkdir /UsrGrp/237/test: permission denied",
	"UsrGrp|240": "mkdir /UsrGrp/240/test: permission denied",
	"UsrGrp|241": "mkdir /UsrGrp/241/test: permission denied",
	"UsrGrp|242": "mkdir /UsrGrp/242/test: permission denied",
	"UsrGrp|243": "mkdir /UsrGrp/243/test: permission denied",
	"UsrGrp|244": "mkdir /UsrGrp/244/test: permission denied",
	"UsrGrp|245": "mkdir /UsrGrp/245/test: permission denied",
	"UsrGrp|246": "mkdir /UsrGrp/246/test: permission denied",
	"UsrGrp|247": "mkdir /UsrGrp/247/test: permission denied",
	"UsrGrp|250": "mkdir /UsrGrp/250/test: permission denied",
	"UsrGrp|251": "mkdir /UsrGrp/251/test: permission denied",
	"UsrGrp|252": "mkdir /UsrGrp/252/test: permission denied",
	"UsrGrp|253": "mkdir /UsrGrp/253/test: permission denied",
	"UsrGrp|254": "mkdir /UsrGrp/254/test: permission denied",
	"UsrGrp|255": "mkdir /UsrGrp/255/test: permission denied",
	"UsrGrp|256": "mkdir /UsrGrp/256/test: permission denied",
	"UsrGrp|257": "mkdir /UsrGrp/257/test: permission denied",
	"UsrGrp|260": "mkdir /UsrGrp/260/test: permission denied",
	"UsrGrp|261": "mkdir /UsrGrp/261/test: permission denied",
	"UsrGrp|262": "mkdir /UsrGrp/262/test: permission denied",
	"UsrGrp|263": "mkdir /UsrGrp/263/test: permission denied",
	"UsrGrp|264": "mkdir /UsrGrp/264/test: permission denied",
	"UsrGrp|265": "mkdir /UsrGrp/265/test: permission denied",
	"UsrGrp|266": "mkdir /UsrGrp/266/test: permission denied",
	"UsrGrp|267": "mkdir /UsrGrp/267/test: permission denied",
	"UsrGrp|270": "mkdir /UsrGrp/270/test: permission denied",
	"UsrGrp|271": "mkdir /UsrGrp/271/test: permission denied",
	"UsrGrp|272": "mkdir /UsrGrp/272/test: permission denied",
	"UsrGrp|273": "mkdir /UsrGrp/273/test: permission denied",
	"UsrGrp|274": "mkdir /UsrGrp/274/test: permission denied",
	"UsrGrp|275": "mkdir /UsrGrp/275/test: permission denied",
	"UsrGrp|276": "mkdir /UsrGrp/276/test: permission denied",
	"UsrGrp|277": "mkdir /UsrGrp/277/test: permission denied",
	"UsrGrp|300": "",
	"UsrGrp|301": "",
	"UsrGrp|302": "",
	"UsrGrp|303": "",
	"UsrGrp|304": "",
	"UsrGrp|305": "",
	"UsrGrp|306": "",
	"UsrGrp|307": "",
	"UsrGrp|310": "",
	"UsrGrp|311": "",
	"UsrGrp|312": "",
	"UsrGrp|313": "",
	"UsrGrp|314": "",
	"UsrGrp|315": "",
	"UsrGrp|316": "",
	"UsrGrp|317": "",
	"UsrGrp|320": "",
	"UsrGrp|321": "",
	"UsrGrp|322": "",
	"UsrGrp|323": "",
	"UsrGrp|324": "",
	"UsrGrp|325": "",
	"UsrGrp|326": "",
	"UsrGrp|327": "",
	"UsrGrp|330": "",
	"UsrGrp|331": "",
	"UsrGrp|332": "",
	"UsrGrp|333": "",
	"UsrGrp|334": "",
	"UsrGrp|335": "",
	"UsrGrp|336": "",
	"UsrGrp|337": "",
	"UsrGrp|340": "",
	"UsrGrp|341": "",
	"UsrGrp|342": "",
	"UsrGrp|343": "",
	"UsrGrp|344": "",
	"UsrGrp|345": "",
	"UsrGrp|346": "",
	"UsrGrp|347": "",
	"UsrGrp|350": "",
	"UsrGrp|351": "",
	"UsrGrp|352": "",
	"UsrGrp|353": "",
	"UsrGrp|354": "",
	"UsrGrp|355": "",
	"UsrGrp|356": "",
	"UsrGrp|357": "",
	"UsrGrp|360": "",
	"UsrGrp|361": "",
	"UsrGrp|362": "",
	"UsrGrp|363": "",
	"UsrGrp|364": "",
	"UsrGrp|365": "",
	"UsrGrp|366": "",
	"UsrGrp|367": "",
	"UsrGrp|370": "",
	"UsrGrp|371": "",
	"UsrGrp|372": "",
	"UsrGrp|373": "",
	"UsrGrp|374": "",
	"UsrGrp|375": "",
	"UsrGrp|376": "",
	"UsrGrp|377": "",
	"UsrGrp|400": "mkdir /UsrGrp/400/test: permission denied",
	"UsrGrp|401": "mkdir /UsrGrp/401/test: permission denied",
	"UsrGrp|402": "mkdir /UsrGrp/402/test: permission denied",
	"UsrGrp|403": "mkdir /UsrGrp/403/test: permission denied",
	"UsrGrp|404": "mkdir /UsrGrp/404/test: permission denied",
	"UsrGrp|405": "mkdir /UsrGrp/405/test: permission denied",
	"UsrGrp|406": "mkdir /UsrGrp/406/test: permission denied",
	"UsrGrp|407": "mkdir /UsrGrp/407/test: permission denied",
	"UsrGrp|410": "mkdir /UsrGrp/410/test: permission denied",
	"UsrGrp|411": "mkdir /UsrGrp/411/test: permission denied",
	"UsrGrp|412": "mkdir /UsrGrp/412/test: permission denied",
	"UsrGrp|413": "mkdir /UsrGrp/413/test: permission denied",
	"UsrGrp|414": "mkdir /UsrGrp/414/test: permission denied",
	"UsrGrp|415": "mkdir /UsrGrp/415/test: permission denied",
	"UsrGrp|416": "mkdir /UsrGrp/416/test: permission denied",
	"UsrGrp|417": "mkdir /UsrGrp/417/test: permission denied",
	"UsrGrp|420": "mkdir /UsrGrp/420/test: permission denied",
	"UsrGrp|421": "mkdir /UsrGrp/421/test: permission denied",
	"UsrGrp|422": "mkdir /UsrGrp/422/test: permission denied",
	"UsrGrp|423": "mkdir /UsrGrp/423/test: permission denied",
	"UsrGrp|424": "mkdir /UsrGrp/424/test: permission denied",
	"UsrGrp|425": "mkdir /UsrGrp/425/test: permission denied",
	"UsrGrp|426": "mkdir /UsrGrp/426/test: permission denied",
	"UsrGrp|427": "mkdir /UsrGrp/427/test: permission denied",
	"UsrGrp|430": "mkdir /UsrGrp/430/test: permission denied",
	"UsrGrp|431": "mkdir /UsrGrp/431/test: permission denied",
	"UsrGrp|432": "mkdir /UsrGrp/432/test: permission denied",
	"UsrGrp|433": "mkdir /UsrGrp/433/test: permission denied",
	"UsrGrp|434": "mkdir /UsrGrp/434/test: permission denied",
	"UsrGrp|435": "mkdir /UsrGrp/435/test: permission denied",
	"UsrGrp|436": "mkdir /UsrGrp/436/test: permission denied",
	"UsrGrp|437": "mkdir /UsrGrp/437/test: permission denied",
	"UsrGrp|440": "mkdir /UsrGrp/440/test: permission denied",
	"UsrGrp|441": "mkdir /UsrGrp/441/test: permission denied",
	"UsrGrp|442": "mkdir /UsrGrp/442/test: permission denied",
	"UsrGrp|443": "mkdir /UsrGrp/443/test: permission denied",
	"UsrGrp|444": "mkdir /UsrGrp/444/test: permission denied",
	"UsrGrp|445": "mkdir /UsrGrp/445/test: permission denied",
	"UsrGrp|446": "mkdir /UsrGrp/446/test: permission denied",
	"UsrGrp|447": "mkdir /UsrGrp/447/test: permission denied",
	"UsrGrp|450": "mkdir /UsrGrp/450/test: permission denied",
	"UsrGrp|451": "mkdir /UsrGrp/451/test: permission denied",
	"UsrGrp|452": "mkdir /UsrGrp/452/test: permission denied",
	"UsrGrp|453": "mkdir /UsrGrp/453/test: permission denied",
	"UsrGrp|454": "mkdir /UsrGrp/454/test: permission denied",
	"UsrGrp|455": "mkdir /UsrGrp/455/test: permission denied",
	"UsrGrp|456": "mkdir /UsrGrp/456/test: permission denied",
	"UsrGrp|457": "mkdir /UsrGrp/457/test: permission denied",
	"UsrGrp|460": "mkdir /UsrGrp/460/test: permission denied",
	"UsrGrp|461": "mkdir /UsrGrp/461/test: permission denied",
	"UsrGrp|462": "mkdir /UsrGrp/462/test: permission denied",
	"UsrGrp|463": "mkdir /UsrGrp/463/test: permission denied",
	"UsrGrp|464": "mkdir /UsrGrp/464/test: permission denied",
	"UsrGrp|465": "mkdir /UsrGrp/465/test: permission denied",
	"UsrGrp|466": "mkdir /UsrGrp/466/test: permission denied",
	"UsrGrp|467": "mkdir /UsrGrp/467/test: permission denied",
	"UsrGrp|470": "mkdir /UsrGrp/470/test: permission denied",
	"UsrGrp|471": "mkdir /UsrGrp/471/test: permission denied",
	"UsrGrp|472": "mkdir /UsrGrp/472/test: permission denied",
	"UsrGrp|473": "mkdir /UsrGrp/473/test: permission denied",
	"UsrGrp|474": "mkdir /UsrGrp/474/test: permission denied",
	"UsrGrp|475": "mkdir /UsrGrp/475/test: permission denied",
	"UsrGrp|476": "mkdir /UsrGrp/476/test: permission denied",
	"UsrGrp|477": "mkdir /UsrGrp/477/test: permission denied",
	"UsrGrp|500": "mkdir /UsrGrp/500/test: permission denied",
	"UsrGrp|501": "mkdir /UsrGrp/501/test: permission denied",
	"UsrGrp|502": "mkdir /UsrGrp/502/test: permission denied",
	"UsrGrp|503": "mkdir /UsrGrp/503/test: permission denied",
	"UsrGrp|504": "mkdir /UsrGrp/504/test: permission denied",
	"UsrGrp|505": "mkdir /UsrGrp/505/test: permission denied",
	"UsrGrp|506": "mkdir /UsrGrp/506/test: permission denied",
	"UsrGrp|507": "mkdir /UsrGrp/507/test: permission denied",
	"UsrGrp|510": "mkdir /UsrGrp/510/test: permission denied",
	"UsrGrp|511": "mkdir /UsrGrp/511/test: permission denied",
	"UsrGrp|512": "mkdir /UsrGrp/512/test: permission denied",
	"UsrGrp|513": "mkdir /UsrGrp/513/test: permission denied",
	"UsrGrp|514": "mkdir /UsrGrp/514/test: permission denied",
	"UsrGrp|515": "mkdir /UsrGrp/515/test: permission denied",
	"UsrGrp|516": "mkdir /UsrGrp/516/test: permission denied",
	"UsrGrp|517": "mkdir /UsrGrp/517/test: permission denied",
	"UsrGrp|520": "mkdir /UsrGrp/520/test: permission denied",
	"UsrGrp|521": "mkdir /UsrGrp/521/test: permission denied",
	"UsrGrp|522": "mkdir /UsrGrp/522/test: permission denied",
	"UsrGrp|523": "mkdir /UsrGrp/523/test: permission denied",
	"UsrGrp|524": "mkdir /UsrGrp/524/test: permission denied",
	"UsrGrp|525": "mkdir /UsrGrp/525/test: permission denied",
	"UsrGrp|526": "mkdir /UsrGrp/526/test: permission denied",
	"UsrGrp|527": "mkdir /UsrGrp/527/test: permission denied",
	"UsrGrp|530": "mkdir /UsrGrp/530/test: permission denied",
	"UsrGrp|531": "mkdir /UsrGrp/531/test: permission denied",
	"UsrGrp|532": "mkdir /UsrGrp/532/test: permission denied",
	"UsrGrp|533": "mkdir /UsrGrp/533/test: permission denied",
	"UsrGrp|534": "mkdir /UsrGrp/534/test: permission denied",
	"UsrGrp|535": "mkdir /UsrGrp/535/test: permission denied",
	"UsrGrp|536": "mkdir /UsrGrp/536/test: permission denied",
	"UsrGrp|537": "mkdir /UsrGrp/537/test: permission denied",
	"UsrGrp|540": "mkdir /UsrGrp/540/test: permission denied",
	"UsrGrp|541": "mkdir /UsrGrp/541/test: permission denied",
	"UsrGrp|542": "mkdir /UsrGrp/542/test: permission denied",
	"UsrGrp|543": "mkdir /UsrGrp/543/test: permission denied",
	"UsrGrp|544": "mkdir /UsrGrp/544/test: permission denied",
	"UsrGrp|545": "mkdir /UsrGrp/545/test: permission denied",
	"UsrGrp|546": "mkdir /UsrGrp/546/test: permission denied",
	"UsrGrp|547": "mkdir /UsrGrp/547/test: permission denied",
	"UsrGrp|550": "mkdir /UsrGrp/550/test: permission denied",
	"UsrGrp|551": "mkdir /UsrGrp/551/test: permission denied",
	"UsrGrp|552": "mkdir /UsrGrp/552/test: permission denied",
	"UsrGrp|553": "mkdir /UsrGrp/553/test: permission denied",
	"UsrGrp|554": "mkdir /UsrGrp/554/test: permission denied",
	"UsrGrp|555": "mkdir /UsrGrp/555/test: permission denied",
	"UsrGrp|556": "mkdir /UsrGrp/556/test: permission denied",
	"UsrGrp|557": "mkdir /UsrGrp/557/test: permission denied",
	"UsrGrp|560": "mkdir /UsrGrp/560/test: permission denied",
	"UsrGrp|561": "mkdir /UsrGrp/561/test: permission denied",
	"UsrGrp|562": "mkdir /UsrGrp/562/test: permission denied",
	"UsrGrp|563": "mkdir /UsrGrp/563/test: permission denied",
	"UsrGrp|564": "mkdir /UsrGrp/564/test: permission denied",
	"UsrGrp|565": "mkdir /UsrGrp/565/test: permission denied",
	"UsrGrp|566": "mkdir /UsrGrp/566/test: permission denied",
	"UsrGrp|567": "mkdir /UsrGrp/567/test: permission denied",
	"UsrGrp|570": "mkdir /UsrGrp/570/test: permission denied",
	"UsrGrp|571": "mkdir /UsrGrp/571/test: permission denied",
	"UsrGrp|572": "mkdir /UsrGrp/572/test: permission denied",
	"UsrGrp|573": "mkdir /UsrGrp/573/test: permission denied",
	"UsrGrp|574": "mkdir /UsrGrp/574/test: permission denied",
	"UsrGrp|575": "mkdir /UsrGrp/575/test: permission denied",
	"UsrGrp|576": "mkdir /UsrGrp/576/test: permission denied",
	"UsrGrp|577": "mkdir /UsrGrp/577/test: permission denied",
	"UsrGrp|600": "mkdir /UsrGrp/600/test: permission denied",
	"UsrGrp|601": "mkdir /UsrGrp/601/test: permission denied",
	"UsrGrp|602": "mkdir /UsrGrp/602/test: permission denied",
	"UsrGrp|603": "mkdir /UsrGrp/603/test: permission denied",
	"UsrGrp|604": "mkdir /UsrGrp/604/test: permission denied",
	"UsrGrp|605": "mkdir /UsrGrp/605/test: permission denied",
	"UsrGrp|606": "mkdir /UsrGrp/606/test: permission denied",
	"UsrGrp|607": "mkdir /UsrGrp/607/test: permission denied",
	"UsrGrp|610": "mkdir /UsrGrp/610/test: permission denied",
	"UsrGrp|611": "mkdir /UsrGrp/611/test: permission denied",
	"UsrGrp|612": "mkdir /UsrGrp/612/test: permission denied",
	"UsrGrp|613": "mkdir /UsrGrp/613/test: permission denied",
	"UsrGrp|614": "mkdir /UsrGrp/614/test: permission denied",
	"UsrGrp|615": "mkdir /UsrGrp/615/test: permission denied",
	"UsrGrp|616": "mkdir /UsrGrp/616/test: permission denied",
	"UsrGrp|617": "mkdir /UsrGrp/617/test: permission denied",
	"UsrGrp|620": "mkdir /UsrGrp/620/test: permission denied",
	"UsrGrp|621": "mkdir /UsrGrp/621/test: permission denied",
	"UsrGrp|622": "mkdir /UsrGrp/622/test: permission denied",
	"UsrGrp|623": "mkdir /UsrGrp/623/test: permission denied",
	"UsrGrp|624": "mkdir /UsrGrp/624/test: permission denied",
	"UsrGrp|625": "mkdir /UsrGrp/625/test: permission denied",
	"UsrGrp|626": "mkdir /UsrGrp/626/test: permission denied",
	"UsrGrp|627": "mkdir /UsrGrp/627/test: permission denied",
	"UsrGrp|630": "mkdir /UsrGrp/630/test: permission denied",
	"UsrGrp|631": "mkdir /UsrGrp/631/test: permission denied",
	"UsrGrp|632": "mkdir /UsrGrp/632/test: permission denied",
	"UsrGrp|633": "mkdir /UsrGrp/633/test: permission denied",
	"UsrGrp|634": "mkdir /UsrGrp/634/test: permission denied",
	"UsrGrp|635": "mkdir /UsrGrp/635/test: permission denied",
	"UsrGrp|636": "mkdir /UsrGrp/636/test: permission denied",
	"UsrGrp|637": "mkdir /UsrGrp/637/test: permission denied",
	"UsrGrp|640": "mkdir /UsrGrp/640/test: permission denied",
	"UsrGrp|641": "mkdir /UsrGrp/641/test: permission denied",
	"UsrGrp|642": "mkdir /UsrGrp/642/test: permission denied",
	"UsrGrp|643": "mkdir /UsrGrp/643/test: permission denied",
	"UsrGrp|644": "mkdir /UsrGrp/644/test: permission denied",
	"UsrGrp|645": "mkdir /UsrGrp/645/test: permission denied",
	"UsrGrp|646": "mkdir /UsrGrp/646/test: permission denied",
	"UsrGrp|647": "mkdir /UsrGrp/647/test: permission denied",
	"UsrGrp|650": "mkdir /UsrGrp/650/test: permission denied",
	"UsrGrp|651": "mkdir /UsrGrp/651/test: permission denied",
	"UsrGrp|652": "mkdir /UsrGrp/652/test: permission denied",
	"UsrGrp|653": "mkdir /UsrGrp/653/test: permission denied",
	"UsrGrp|654": "mkdir /UsrGrp/654/test: permission denied",
	"UsrGrp|655": "mkdir /UsrGrp/655/test: permission denied",
	"UsrGrp|656": "mkdir /UsrGrp/656/test: permission denied",
	"UsrGrp|657": "mkdir /UsrGrp/657/test: permission denied",
	"UsrGrp|660": "mkdir /UsrGrp/660/test: permission denied",
	"UsrGrp|661": "mkdir /UsrGrp/661/test: permission denied",
	"UsrGrp|662": "mkdir /UsrGrp/662/test: permission denied",
	"UsrGrp|663": "mkdir /UsrGrp/663/test: permission denied",
	"UsrGrp|664": "mkdir /UsrGrp/664/test: permission denied",
	"UsrGrp|665": "mkdir /UsrGrp/665/test: permission denied",
	"UsrGrp|666": "mkdir /UsrGrp/666/test: permission denied",
	"UsrGrp|667": "mkdir /UsrGrp/667/test: permission denied",
	"UsrGrp|670": "mkdir /UsrGrp/670/test: permission denied",
	"UsrGrp|671": "mkdir /UsrGrp/671/test: permission denied",
	"UsrGrp|672": "mkdir /UsrGrp/672/test: permission denied",
	"UsrGrp|673": "mkdir /UsrGrp/673/test: permission denied",
	"UsrGrp|674": "mkdir /UsrGrp/674/test: permission denied",
	"UsrGrp|675": "mkdir /UsrGrp/675/test: permission denied",
	"UsrGrp|676": "mkdir /UsrGrp/676/test: permission denied",
	"UsrGrp|677": "mkdir /UsrGrp/677/test: permission denied",
	"UsrGrp|700": "",
	"UsrGrp|701": "",
	"UsrGrp|702": "",
	"UsrGrp|703": "",
	"UsrGrp|704": "",
	"UsrGrp|705": "",
	"UsrGrp|706": "",
	"UsrGrp|707": "",
	"UsrGrp|710": "",
	"UsrGrp|711": "",
	"UsrGrp|712": "",
	"UsrGrp|713": "",
	"UsrGrp|714": "",
	"UsrGrp|715": "",
	"UsrGrp|716": "",
	"UsrGrp|717": "",
	"UsrGrp|720": "",
	"UsrGrp|721": "",
	"UsrGrp|722": "",
	"UsrGrp|723": "",
	"UsrGrp|724": "",
	"UsrGrp|725": "",
	"UsrGrp|726": "",
	"UsrGrp|727": "",
	"UsrGrp|730": "",
	"UsrGrp|731": "",
	"UsrGrp|732": "",
	"UsrGrp|733": "",
	"UsrGrp|734": "",
	"UsrGrp|735": "",
	"UsrGrp|736": "",
	"UsrGrp|737": "",
	"UsrGrp|740": "",
	"UsrGrp|741": "",
	"UsrGrp|742": "",
	"UsrGrp|743": "",
	"UsrGrp|744": "",
	"UsrGrp|745": "",
	"UsrGrp|746": "",
	"UsrGrp|747": "",
	"UsrGrp|750": "",
	"UsrGrp|751": "",
	"UsrGrp|752": "",
	"UsrGrp|753": "",
	"UsrGrp|754": "",
	"UsrGrp|755": "",
	"UsrGrp|756": "",
	"UsrGrp|757": "",
	"UsrGrp|760": "",
	"UsrGrp|761": "",
	"UsrGrp|762": "",
	"UsrGrp|763": "",
	"UsrGrp|764": "",
	"UsrGrp|765": "",
	"UsrGrp|766": "",
	"UsrGrp|767": "",
	"UsrGrp|770": "",
	"UsrGrp|771": "",
	"UsrGrp|772": "",
	"UsrGrp|773": "",
	"UsrGrp|774": "",
	"UsrGrp|775": "",
	"UsrGrp|776": "",
	"UsrGrp|777": "",
	"UsrOth|000": "mkdir /UsrOth/000/test: permission denied",
	"UsrOth|001": "mkdir /UsrOth/001/test: permission denied",
	"UsrOth|002": "mkdir /UsrOth/002/test: permission denied",
	"UsrOth|003": "mkdir /UsrOth/003/test: permission denied",
	"UsrOth|004": "mkdir /UsrOth/004/test: permission denied",
	"UsrOth|005": "mkdir /UsrOth/005/test: permission denied",
	"UsrOth|006": "mkdir /UsrOth/006/test: permission denied",
	"UsrOth|007": "mkdir /UsrOth/007/test: permission denied",
	"UsrOth|010": "mkdir /UsrOth/010/test: permission denied",
	"UsrOth|011": "mkdir /UsrOth/011/test: permission denied",
	"UsrOth|012": "mkdir /UsrOth/012/test: permission denied",
	"UsrOth|013": "mkdir /UsrOth/013/test: permission denied",
	"UsrOth|014": "mkdir /UsrOth/014/test: permission denied",
	"UsrOth|015": "mkdir /UsrOth/015/test: permission denied",
	"UsrOth|016": "mkdir /UsrOth/016/test: permission denied",
	"UsrOth|017": "mkdir /UsrOth/017/test: permission denied",
	"UsrOth|020": "mkdir /UsrOth/020/test: permission denied",
	"UsrOth|021": "mkdir /UsrOth/021/test: permission denied",
	"UsrOth|022": "mkdir /UsrOth/022/test: permission denied",
	"UsrOth|023": "mkdir /UsrOth/023/test: permission denied",
	"UsrOth|024": "mkdir /UsrOth/024/test: permission denied",
	"UsrOth|025": "mkdir /UsrOth/025/test: permission denied",
	"UsrOth|026": "mkdir /UsrOth/026/test: permission denied",
	"UsrOth|027": "mkdir /UsrOth/027/test: permission denied",
	"UsrOth|030": "mkdir /UsrOth/030/test: permission denied",
	"UsrOth|031": "mkdir /UsrOth/031/test: permission denied",
	"UsrOth|032": "mkdir /UsrOth/032/test: permission denied",
	"UsrOth|033": "mkdir /UsrOth/033/test: permission denied",
	"UsrOth|034": "mkdir /UsrOth/034/test: permission denied",
	"UsrOth|035": "mkdir /UsrOth/035/test: permission denied",
	"UsrOth|036": "mkdir /UsrOth/036/test: permission denied",
	"UsrOth|037": "mkdir /UsrOth/037/test: permission denied",
	"UsrOth|040": "mkdir /UsrOth/040/test: permission denied",
	"UsrOth|041": "mkdir /UsrOth/041/test: permission denied",
	"UsrOth|042": "mkdir /UsrOth/042/test: permission denied",
	"UsrOth|043": "mkdir /UsrOth/043/test: permission denied",
	"UsrOth|044": "mkdir /UsrOth/044/test: permission denied",
	"UsrOth|045": "mkdir /UsrOth/045/test: permission denied",
	"UsrOth|046": "mkdir /UsrOth/046/test: permission denied",
	"UsrOth|047": "mkdir /UsrOth/047/test: permission denied",
	"UsrOth|050": "mkdir /UsrOth/050/test: permission denied",
	"UsrOth|051": "mkdir /UsrOth/051/test: permission denied",
	"UsrOth|052": "mkdir /UsrOth/052/test: permission denied",
	"UsrOth|053": "mkdir /UsrOth/053/test: permission denied",
	"UsrOth|054": "mkdir /UsrOth/054/test: permission denied",
	"UsrOth|055": "mkdir /UsrOth/055/test: permission denied",
	"UsrOth|056": "mkdir /UsrOth/056/test: permission denied",
	"UsrOth|057": "mkdir /UsrOth/057/test: permission denied",
	"UsrOth|060": "mkdir /UsrOth/060/test: permission denied",
	"UsrOth|061": "mkdir /UsrOth/061/test: permission denied",
	"UsrOth|062": "mkdir /UsrOth/062/test: permission denied",
	"UsrOth|063": "mkdir /UsrOth/063/test: permission denied",
	"UsrOth|064": "mkdir /UsrOth/064/test: permission denied",
	"UsrOth|065": "mkdir /UsrOth/065/test: permission denied",
	"UsrOth|066": "mkdir /UsrOth/066/test: permission denied",
	"UsrOth|067": "mkdir /UsrOth/067/test: permission denied",
	"UsrOth|070": "mkdir /UsrOth/070/test: permission denied",
	"UsrOth|071": "mkdir /UsrOth/071/test: permission denied",
	"UsrOth|072": "mkdir /UsrOth/072/test: permission denied",
	"UsrOth|073": "mkdir /UsrOth/073/test: permission denied",
	"UsrOth|074": "mkdir /UsrOth/074/test: permission denied",
	"UsrOth|075": "mkdir /UsrOth/075/test: permission denied",
	"UsrOth|076": "mkdir /UsrOth/076/test: permission denied",
	"UsrOth|077": "mkdir /UsrOth/077/test: permission denied",
	"UsrOth|100": "mkdir /UsrOth/100/test: permission denied",
	"UsrOth|101": "mkdir /UsrOth/101/test: permission denied",
	"UsrOth|102": "mkdir /UsrOth/102/test: permission denied",
	"UsrOth|103": "mkdir /UsrOth/103/test: permission denied",
	"UsrOth|104": "mkdir /UsrOth/104/test: permission denied",
	"UsrOth|105": "mkdir /UsrOth/105/test: permission denied",
	"UsrOth|106": "mkdir /UsrOth/106/test: permission denied",
	"UsrOth|107": "mkdir /UsrOth/107/test: permission denied",
	"UsrOth|110": "mkdir /UsrOth/110/test: permission denied",
	"UsrOth|111": "mkdir /UsrOth/111/test: permission denied",
	"UsrOth|112": "mkdir /UsrOth/112/test: permission denied",
	"UsrOth|113": "mkdir /UsrOth/113/test: permission denied",
	"UsrOth|114": "mkdir /UsrOth/114/test: permission denied",
	"UsrOth|115": "mkdir /UsrOth/115/test: permission denied",
	"UsrOth|116": "mkdir /UsrOth/116/test: permission denied",
	"UsrOth|117": "mkdir /UsrOth/117/test: permission denied",
	"UsrOth|120": "mkdir /UsrOth/120/test: permission denied",
	"UsrOth|121": "mkdir /UsrOth/121/test: permission denied",
	"UsrOth|122": "mkdir /UsrOth/122/test: permission denied",
	"UsrOth|123": "mkdir /UsrOth/123/test: permission denied",
	"UsrOth|124": "mkdir /UsrOth/124/test: permission denied",
	"UsrOth|125": "mkdir /UsrOth/125/test: permission denied",
	"UsrOth|126": "mkdir /UsrOth/126/test: permission denied",
	"UsrOth|127": "mkdir /UsrOth/127/test: permission denied",
	"UsrOth|130": "mkdir /UsrOth/130/test: permission denied",
	"UsrOth|131": "mkdir /UsrOth/131/test: permission denied",
	"UsrOth|132": "mkdir /UsrOth/132/test: permission denied",
	"UsrOth|133": "mkdir /UsrOth/133/test: permission denied",
	"UsrOth|134": "mkdir /UsrOth/134/test: permission denied",
	"UsrOth|135": "mkdir /UsrOth/135/test: permission denied",
	"UsrOth|136": "mkdir /UsrOth/136/test: permission denied",
	"UsrOth|137": "mkdir /UsrOth/137/test: permission denied",
	"UsrOth|140": "mkdir /UsrOth/140/test: permission denied",
	"UsrOth|141": "mkdir /UsrOth/141/test: permission denied",
	"UsrOth|142": "mkdir /UsrOth/142/test: permission denied",
	"UsrOth|143": "mkdir /UsrOth/143/test: permission denied",
	"UsrOth|144": "mkdir /UsrOth/144/test: permission denied",
	"UsrOth|145": "mkdir /UsrOth/145/test: permission denied",
	"UsrOth|146": "mkdir /UsrOth/146/test: permission denied",
	"UsrOth|147": "mkdir /UsrOth/147/test: permission denied",
	"UsrOth|150": "mkdir /UsrOth/150/test: permission denied",
	"UsrOth|151": "mkdir /UsrOth/151/test: permission denied",
	"UsrOth|152": "mkdir /UsrOth/152/test: permission denied",
	"UsrOth|153": "mkdir /UsrOth/153/test: permission denied",
	"UsrOth|154": "mkdir /UsrOth/154/test: permission denied",
	"UsrOth|155": "mkdir /UsrOth/155/test: permission denied",
	"UsrOth|156": "mkdir /UsrOth/156/test: permission denied",
	"UsrOth|157": "mkdir /UsrOth/157/test: permission denied",
	"UsrOth|160": "mkdir /UsrOth/160/test: permission denied",
	"UsrOth|161": "mkdir /UsrOth/161/test: permission denied",
	"UsrOth|162": "mkdir /UsrOth/162/test: permission denied",
	"UsrOth|163": "mkdir /UsrOth/163/test: permission denied",
	"UsrOth|164": "mkdir /UsrOth/164/test: permission denied",
	"UsrOth|165": "mkdir /UsrOth/165/test: permission denied",
	"UsrOth|166": "mkdir /UsrOth/166/test: permission denied",
	"UsrOth|167": "mkdir /UsrOth/167/test: permission denied",
	"UsrOth|170": "mkdir /UsrOth/170/test: permission denied",
	"UsrOth|171": "mkdir /UsrOth/171/test: permission denied",
	"UsrOth|172": "mkdir /UsrOth/172/test: permission denied",
	"UsrOth|173": "mkdir /UsrOth/173/test: permission denied",
	"UsrOth|174": "mkdir /UsrOth/174/test: permission denied",
	"UsrOth|175": "mkdir /UsrOth/175/test: permission denied",
	"UsrOth|176": "mkdir /UsrOth/176/test: permission denied",
	"UsrOth|177": "mkdir /UsrOth/177/test: permission denied",
	"UsrOth|200": "mkdir /UsrOth/200/test: permission denied",
	"UsrOth|201": "mkdir /UsrOth/201/test: permission denied",
	"UsrOth|202": "mkdir /UsrOth/202/test: permission denied",
	"UsrOth|203": "mkdir /UsrOth/203/test: permission denied",
	"UsrOth|204": "mkdir /UsrOth/204/test: permission denied",
	"UsrOth|205": "mkdir /UsrOth/205/test: permission denied",
	"UsrOth|206": "mkdir /UsrOth/206/test: permission denied",
	"UsrOth|207": "mkdir /UsrOth/207/test: permission denied",
	"UsrOth|210": "mkdir /UsrOth/210/test: permission denied",
	"UsrOth|211": "mkdir /UsrOth/211/test: permission denied",
	"UsrOth|212": "mkdir /UsrOth/212/test: permission denied",
	"UsrOth|213": "mkdir /UsrOth/213/test: permission denied",
	"UsrOth|214": "mkdir /UsrOth/214/test: permission denied",
	"UsrOth|215": "mkdir /UsrOth/215/test: permission denied",
	"UsrOth|216": "mkdir /UsrOth/216/test: permission denied",
	"UsrOth|217": "mkdir /UsrOth/217/test: permission denied",
	"UsrOth|220": "mkdir /UsrOth/220/test: permission denied",
	"UsrOth|221": "mkdir /UsrOth/221/test: permission denied",
	"UsrOth|222": "mkdir /UsrOth/222/test: permission denied",
	"UsrOth|223": "mkdir /UsrOth/223/test: permission denied",
	"UsrOth|224": "mkdir /UsrOth/224/test: permission denied",
	"UsrOth|225": "mkdir /UsrOth/225/test: permission denied",
	"UsrOth|226": "mkdir /UsrOth/226/test: permission denied",
	"UsrOth|227": "mkdir /UsrOth/227/test: permission denied",
	"UsrOth|230": "mkdir /UsrOth/230/test: permission denied",
	"UsrOth|231": "mkdir /UsrOth/231/test: permission denied",
	"UsrOth|232": "mkdir /UsrOth/232/test: permission denied",
	"UsrOth|233": "mkdir /UsrOth/233/test: permission denied",
	"UsrOth|234": "mkdir /UsrOth/234/test: permission denied",
	"UsrOth|235": "mkdir /UsrOth/235/test: permission denied",
	"UsrOth|236": "mkdir /UsrOth/236/test: permission denied",
	"UsrOth|237": "mkdir /UsrOth/237/test: permission denied",
	"UsrOth|240": "mkdir /UsrOth/240/test: permission denied",
	"UsrOth|241": "mkdir /UsrOth/241/test: permission denied",
	"UsrOth|242": "mkdir /UsrOth/242/test: permission denied",
	"UsrOth|243": "mkdir /UsrOth/243/test: permission denied",
	"UsrOth|244": "mkdir /UsrOth/244/test: permission denied",
	"UsrOth|245": "mkdir /UsrOth/245/test: permission denied",
	"UsrOth|246": "mkdir /UsrOth/246/test: permission denied",
	"UsrOth|247": "mkdir /UsrOth/247/test: permission denied",
	"UsrOth|250": "mkdir /UsrOth/250/test: permission denied",
	"UsrOth|251": "mkdir /UsrOth/251/test: permission denied",
	"UsrOth|252": "mkdir /UsrOth/252/test: permission denied",
	"UsrOth|253": "mkdir /UsrOth/253/test: permission denied",
	"UsrOth|254": "mkdir /UsrOth/254/test: permission denied",
	"UsrOth|255": "mkdir /UsrOth/255/test: permission denied",
	"UsrOth|256": "mkdir /UsrOth/256/test: permission denied",
	"UsrOth|257": "mkdir /UsrOth/257/test: permission denied",
	"UsrOth|260": "mkdir /UsrOth/260/test: permission denied",
	"UsrOth|261": "mkdir /UsrOth/261/test: permission denied",
	"UsrOth|262": "mkdir /UsrOth/262/test: permission denied",
	"UsrOth|263": "mkdir /UsrOth/263/test: permission denied",
	"UsrOth|264": "mkdir /UsrOth/264/test: permission denied",
	"UsrOth|265": "mkdir /UsrOth/265/test: permission denied",
	"UsrOth|266": "mkdir /UsrOth/266/test: permission denied",
	"UsrOth|267": "mkdir /UsrOth/267/test: permission denied",
	"UsrOth|270": "mkdir /UsrOth/270/test: permission denied",
	"UsrOth|271": "mkdir /UsrOth/271/test: permission denied",
	"UsrOth|272": "mkdir /UsrOth/272/test: permission denied",
	"UsrOth|273": "mkdir /UsrOth/273/test: permission denied",
	"UsrOth|274": "mkdir /UsrOth/274/test: permission denied",
	"UsrOth|275": "mkdir /UsrOth/275/test: permission denied",
	"UsrOth|276": "mkdir /UsrOth/276/test: permission denied",
	"UsrOth|277": "mkdir /UsrOth/277/test: permission denied",
	"UsrOth|300": "",
	"UsrOth|301": "",
	"UsrOth|302": "",
	"UsrOth|303": "",
	"UsrOth|304": "",
	"UsrOth|305": "",
	"UsrOth|306": "",
	"UsrOth|307": "",
	"UsrOth|310": "",
	"UsrOth|311": "",
	"UsrOth|312": "",
	"UsrOth|313": "",
	"UsrOth|314": "",
	"UsrOth|315": "",
	"UsrOth|316": "",
	"UsrOth|317": "",
	"UsrOth|320": "",
	"UsrOth|321": "",
	"UsrOth|322": "",
	"UsrOth|323": "",
	"UsrOth|324": "",
	"UsrOth|325": "",
	"UsrOth|326": "",
	"UsrOth|327": "",
	"UsrOth|330": "",
	"UsrOth|331": "",
	"UsrOth|332": "",
	"UsrOth|333": "",
	"UsrOth|334": "",
	"UsrOth|335": "",
	"UsrOth|336": "",
	"UsrOth|337": "",
	"UsrOth|340": "",
	"UsrOth|341": "",
	"UsrOth|342": "",
	"UsrOth|343": "",
	"UsrOth|344": "",
	"UsrOth|345": "",
	"UsrOth|346": "",
	"UsrOth|347": "",
	"UsrOth|350": "",
	"UsrOth|351": "",
	"UsrOth|352": "",
	"UsrOth|353": "",
	"UsrOth|354": "",
	"UsrOth|355": "",
	"UsrOth|356": "",
	"UsrOth|357": "",
	"UsrOth|360": "",
	"UsrOth|361": "",
	"UsrOth|362": "",
	"UsrOth|363": "",
	"UsrOth|364": "",
	"UsrOth|365": "",
	"UsrOth|366": "",
	"UsrOth|367": "",
	"UsrOth|370": "",
	"UsrOth|371": "",
	"UsrOth|372": "",
	"UsrOth|373": "",
	"UsrOth|374": "",
	"UsrOth|375": "",
	"UsrOth|376": "",
	"UsrOth|377": "",
	"UsrOth|400": "mkdir /UsrOth/400/test: permission denied",
	"UsrOth|401": "mkdir /UsrOth/401/test: permission denied",
	"UsrOth|402": "mkdir /UsrOth/402/test: permission denied",
	"UsrOth|403": "mkdir /UsrOth/403/test: permission denied",
	"UsrOth|404": "mkdir /UsrOth/404/test: permission denied",
	"UsrOth|405": "mkdir /UsrOth/405/test: permission denied",
	"UsrOth|406": "mkdir /UsrOth/406/test: permission denied",
	"UsrOth|407": "mkdir /UsrOth/407/test: permission denied",
	"UsrOth|410": "mkdir /UsrOth/410/test: permission denied",
	"UsrOth|411": "mkdir /UsrOth/411/test: permission denied",
	"UsrOth|412": "mkdir /UsrOth/412/test: permission denied",
	"UsrOth|413": "mkdir /UsrOth/413/test: permission denied",
	"UsrOth|414": "mkdir /UsrOth/414/test: permission denied",
	"UsrOth|415": "mkdir /UsrOth/415/test: permission denied",
	"UsrOth|416": "mkdir /UsrOth/416/test: permission denied",
	"UsrOth|417": "mkdir /UsrOth/417/test: permission denied",
	"UsrOth|420": "mkdir /UsrOth/420/test: permission denied",
	"UsrOth|421": "mkdir /UsrOth/421/test: permission denied",
	"UsrOth|422": "mkdir /UsrOth/422/test: permission denied",
	"UsrOth|423": "mkdir /UsrOth/423/test: permission denied",
	"UsrOth|424": "mkdir /UsrOth/424/test: permission denied",
	"UsrOth|425": "mkdir /UsrOth/425/test: permission denied",
	"UsrOth|426": "mkdir /UsrOth/426/test: permission denied",
	"UsrOth|427": "mkdir /UsrOth/427/test: permission denied",
	"UsrOth|430": "mkdir /UsrOth/430/test: permission denied",
	"UsrOth|431": "mkdir /UsrOth/431/test: permission denied",
	"UsrOth|432": "mkdir /UsrOth/432/test: permission denied",
	"UsrOth|433": "mkdir /UsrOth/433/test: permission denied",
	"UsrOth|434": "mkdir /UsrOth/434/test: permission denied",
	"UsrOth|435": "mkdir /UsrOth/435/test: permission denied",
	"UsrOth|436": "mkdir /UsrOth/436/test: permission denied",
	"UsrOth|437": "mkdir /UsrOth/437/test: permission denied",
	"UsrOth|440": "mkdir /UsrOth/440/test: permission denied",
	"UsrOth|441": "mkdir /UsrOth/441/test: permission denied",
	"UsrOth|442": "mkdir /UsrOth/442/test: permission denied",
	"UsrOth|443": "mkdir /UsrOth/443/test: permission denied",
	"UsrOth|444": "mkdir /UsrOth/444/test: permission denied",
	"UsrOth|445": "mkdir /UsrOth/445/test: permission denied",
	"UsrOth|446": "mkdir /UsrOth/446/test: permission denied",
	"UsrOth|447": "mkdir /UsrOth/447/test: permission denied",
	"UsrOth|450": "mkdir /UsrOth/450/test: permission denied",
	"UsrOth|451": "mkdir /UsrOth/451/test: permission denied",
	"UsrOth|452": "mkdir /UsrOth/452/test: permission denied",
	"UsrOth|453": "mkdir /UsrOth/453/test: permission denied",
	"UsrOth|454": "mkdir /UsrOth/454/test: permission denied",
	"UsrOth|455": "mkdir /UsrOth/455/test: permission denied",
	"UsrOth|456": "mkdir /UsrOth/456/test: permission denied",
	"UsrOth|457": "mkdir /UsrOth/457/test: permission denied",
	"UsrOth|460": "mkdir /UsrOth/460/test: permission denied",
	"UsrOth|461": "mkdir /UsrOth/461/test: permission denied",
	"UsrOth|462": "mkdir /UsrOth/462/test: permission denied",
	"UsrOth|463": "mkdir /UsrOth/463/test: permission denied",
	"UsrOth|464": "mkdir /UsrOth/464/test: permission denied",
	"UsrOth|465": "mkdir /UsrOth/465/test: permission denied",
	"UsrOth|466": "mkdir /UsrOth/466/test: permission denied",
	"UsrOth|467": "mkdir /UsrOth/467/test: permission denied",
	"UsrOth|470": "mkdir /UsrOth/470/test: permission denied",
	"UsrOth|471": "mkdir /UsrOth/471/test: permission denied",
	"UsrOth|472": "mkdir /UsrOth/472/test: permission denied",
	"UsrOth|473": "mkdir /UsrOth/473/test: permission denied",
	"UsrOth|474": "mkdir /UsrOth/474/test: permission denied",
	"UsrOth|475": "mkdir /UsrOth/475/test: permission denied",
	"UsrOth|476": "mkdir /UsrOth/476/test: permission denied",
	"UsrOth|477": "mkdir /UsrOth/477/test: permission denied",
	"UsrOth|500": "mkdir /UsrOth/500/test: permission denied",
	"UsrOth|501": "mkdir /UsrOth/501/test: permission denied",
	"UsrOth|502": "mkdir /UsrOth/502/test: permission denied",
	"UsrOth|503": "mkdir /UsrOth/503/test: permission denied",
	"UsrOth|504": "mkdir /UsrOth/504/test: permission denied",
	"UsrOth|505": "mkdir /UsrOth/505/test: permission denied",
	"UsrOth|506": "mkdir /UsrOth/506/test: permission denied",
	"UsrOth|507": "mkdir /UsrOth/507/test: permission denied",
	"UsrOth|510": "mkdir /UsrOth/510/test: permission denied",
	"UsrOth|511": "mkdir /UsrOth/511/test: permission denied",
	"UsrOth|512": "mkdir /UsrOth/512/test: permission denied",
	"UsrOth|513": "mkdir /UsrOth/513/test: permission denied",
	"UsrOth|514": "mkdir /UsrOth/514/test: permission denied",
	"UsrOth|515": "mkdir /UsrOth/515/test: permission denied",
	"UsrOth|516": "mkdir /UsrOth/516/test: permission denied",
	"UsrOth|517": "mkdir /UsrOth/517/test: permission denied",
	"UsrOth|520": "mkdir /UsrOth/520/test: permission denied",
	"UsrOth|521": "mkdir /UsrOth/521/test: permission denied",
	"UsrOth|522": "mkdir /UsrOth/522/test: permission denied",
	"UsrOth|523": "mkdir /UsrOth/523/test: permission denied",
	"UsrOth|524": "mkdir /UsrOth/524/test: permission denied",
	"UsrOth|525": "mkdir /UsrOth/525/test: permission denied",
	"UsrOth|526": "mkdir /UsrOth/526/test: permission denied",
	"UsrOth|527": "mkdir /UsrOth/527/test: permission denied",
	"UsrOth|530": "mkdir /UsrOth/530/test: permission denied",
	"UsrOth|531": "mkdir /UsrOth/531/test: permission denied",
	"UsrOth|532": "mkdir /UsrOth/532/test: permission denied",
	"UsrOth|533": "mkdir /UsrOth/533/test: permission denied",
	"UsrOth|534": "mkdir /UsrOth/534/test: permission denied",
	"UsrOth|535": "mkdir /UsrOth/535/test: permission denied",
	"UsrOth|536": "mkdir /UsrOth/536/test: permission denied",
	"UsrOth|537": "mkdir /UsrOth/537/test: permission denied",
	"UsrOth|540": "mkdir /UsrOth/540/test: permission denied",
	"UsrOth|541": "mkdir /UsrOth/541/test: permission denied",
	"UsrOth|542": "mkdir /UsrOth/542/test: permission denied",
	"UsrOth|543": "mkdir /UsrOth/543/test: permission denied",
	"UsrOth|544": "mkdir /UsrOth/544/test: permission denied",
	"UsrOth|545": "mkdir /UsrOth/545/test: permission denied",
	"UsrOth|546": "mkdir /UsrOth/546/test: permission denied",
	"UsrOth|547": "mkdir /UsrOth/547/test: permission denied",
	"UsrOth|550": "mkdir /UsrOth/550/test: permission denied",
	"UsrOth|551": "mkdir /UsrOth/551/test: permission denied",
	"UsrOth|552": "mkdir /UsrOth/552/test: permission denied",
	"UsrOth|553": "mkdir /UsrOth/553/test: permission denied",
	"UsrOth|554": "mkdir /UsrOth/554/test: permission denied",
	"UsrOth|555": "mkdir /UsrOth/555/test: permission denied",
	"UsrOth|556": "mkdir /UsrOth/556/test: permission denied",
	"UsrOth|557": "mkdir /UsrOth/557/test: permission denied",
	"UsrOth|560": "mkdir /UsrOth/560/test: permission denied",
	"UsrOth|561": "mkdir /UsrOth/561/test: permission denied",
	"UsrOth|562": "mkdir /UsrOth/562/test: permission denied",
	"UsrOth|563": "mkdir /UsrOth/563/test: permission denied",
	"UsrOth|564": "mkdir /UsrOth/564/test: permission denied",
	"UsrOth|565": "mkdir /UsrOth/565/test: permission denied",
	"UsrOth|566": "mkdir /UsrOth/566/test: permission denied",
	"UsrOth|567": "mkdir /UsrOth/567/test: permission denied",
	"UsrOth|570": "mkdir /UsrOth/570/test: permission denied",
	"UsrOth|571": "mkdir /UsrOth/571/test: permission denied",
	"UsrOth|572": "mkdir /UsrOth/572/test: permission denied",
	"UsrOth|573": "mkdir /UsrOth/573/test: permission denied",
	"UsrOth|574": "mkdir /UsrOth/574/test: permission denied",
	"UsrOth|575": "mkdir /UsrOth/575/test: permission denied",
	"UsrOth|576": "mkdir /UsrOth/576/test: permission denied",
	"UsrOth|577": "mkdir /UsrOth/577/test: permission denied",
	"UsrOth|600": "mkdir /UsrOth/600/test: permission denied",
	"UsrOth|601": "mkdir /UsrOth/601/test: permission denied",
	"UsrOth|602": "mkdir /UsrOth/602/test: permission denied",
	"UsrOth|603": "mkdir /UsrOth/603/test: permission denied",
	"UsrOth|604": "mkdir /UsrOth/604/test: permission denied",
	"UsrOth|605": "mkdir /UsrOth/605/test: permission denied",
	"UsrOth|606": "mkdir /UsrOth/606/test: permission denied",
	"UsrOth|607": "mkdir /UsrOth/607/test: permission denied",
	"UsrOth|610": "mkdir /UsrOth/610/test: permission denied",
	"UsrOth|611": "mkdir /UsrOth/611/test: permission denied",
	"UsrOth|612": "mkdir /UsrOth/612/test: permission denied",
	"UsrOth|613": "mkdir /UsrOth/613/test: permission denied",
	"UsrOth|614": "mkdir /UsrOth/614/test: permission denied",
	"UsrOth|615": "mkdir /UsrOth/615/test: permission denied",
	"UsrOth|616": "mkdir /UsrOth/616/test: permission denied",
	"UsrOth|617": "mkdir /UsrOth/617/test: permission denied",
	"UsrOth|620": "mkdir /UsrOth/620/test: permission denied",
	"UsrOth|621": "mkdir /UsrOth/621/test: permission denied",
	"UsrOth|622": "mkdir /UsrOth/622/test: permission denied",
	"UsrOth|623": "mkdir /UsrOth/623/test: permission denied",
	"UsrOth|624": "mkdir /UsrOth/624/test: permission denied",
	"UsrOth|625": "mkdir /UsrOth/625/test: permission denied",
	"UsrOth|626": "mkdir /UsrOth/626/test: permission denied",
	"UsrOth|627": "mkdir /UsrOth/627/test: permission denied",
	"UsrOth|630": "mkdir /UsrOth/630/test: permission denied",
	"UsrOth|631": "mkdir /UsrOth/631/test: permission denied",
	"UsrOth|632": "mkdir /UsrOth/632/test: permission denied",
	"UsrOth|633": "mkdir /UsrOth/633/test: permission denied",
	"UsrOth|634": "mkdir /UsrOth/634/test: permission denied",
	"UsrOth|635": "mkdir /UsrOth/635/test: permission denied",
	"UsrOth|636": "mkdir /UsrOth/636/test: permission denied",
	"UsrOth|637": "mkdir /UsrOth/637/test: permission denied",
	"UsrOth|640": "mkdir /UsrOth/640/test: permission denied",
	"UsrOth|641": "mkdir /UsrOth/641/test: permission denied",
	"UsrOth|642": "mkdir /UsrOth/642/test: permission denied",
	"UsrOth|643": "mkdir /UsrOth/643/test: permission denied",
	"UsrOth|644": "mkdir /UsrOth/644/test: permission denied",
	"UsrOth|645": "mkdir /UsrOth/645/test: permission denied",
	"UsrOth|646": "mkdir /UsrOth/646/test: permission denied",
	"UsrOth|647": "mkdir /UsrOth/647/test: permission denied",
	"UsrOth|650": "mkdir /UsrOth/650/test: permission denied",
	"UsrOth|651": "mkdir /UsrOth/651/test: permission denied",
	"UsrOth|652": "mkdir /UsrOth/652/test: permission denied",
	"UsrOth|653": "mkdir /UsrOth/653/test: permission denied",
	"UsrOth|654": "mkdir /UsrOth/654/test: permission denied",
	"UsrOth|655": "mkdir /UsrOth/655/test: permission denied",
	"UsrOth|656": "mkdir /UsrOth/656/test: permission denied",
	"UsrOth|657": "mkdir /UsrOth/657/test: permission denied",
	"UsrOth|660": "mkdir /UsrOth/660/test: permission denied",
	"UsrOth|661": "mkdir /UsrOth/661/test: permission denied",
	"UsrOth|662": "mkdir /UsrOth/662/test: permission denied",
	"UsrOth|663": "mkdir /UsrOth/663/test: permission denied",
	"UsrOth|664": "mkdir /UsrOth/664/test: permission denied",
	"UsrOth|665": "mkdir /UsrOth/665/test: permission denied",
	"UsrOth|666": "mkdir /UsrOth/666/test: permission denied",
	"UsrOth|667": "mkdir /UsrOth/667/test: permission denied",
	"UsrOth|670": "mkdir /UsrOth/670/test: permission denied",
	"UsrOth|671": "mkdir /UsrOth/671/test: permission denied",
	"UsrOth|672": "mkdir /UsrOth/672/test: permission denied",
	"UsrOth|673": "mkdir /UsrOth/673/test: permission denied",
	"UsrOth|674": "mkdir /UsrOth/674/test: permission denied",
	"UsrOth|675": "mkdir /UsrOth/675/test: permission denied",
	"UsrOth|676": "mkdir /UsrOth/676/test: permission denied",
	"UsrOth|677": "mkdir /UsrOth/677/test: permission denied",
	"UsrOth|700": "",
	"UsrOth|701": "",
	"UsrOth|702": "",
	"UsrOth|703": "",
	"UsrOth|704": "",
	"UsrOth|705": "",
	"UsrOth|706": "",
	"UsrOth|707": "",
	"UsrOth|710": "",
	"UsrOth|711": "",
	"UsrOth|712": "",
	"UsrOth|713": "",
	"UsrOth|714": "",
	"UsrOth|715": "",
	"UsrOth|716": "",
	"UsrOth|717": "",
	"UsrOth|720": "",
	"UsrOth|721": "",
	"UsrOth|722": "",
	"UsrOth|723": "",
	"UsrOth|724": "",
	"UsrOth|725": "",
	"UsrOth|726": "",
	"UsrOth|727": "",
	"UsrOth|730": "",
	"UsrOth|731": "",
	"UsrOth|732": "",
	"UsrOth|733": "",
	"UsrOth|734": "",
	"UsrOth|735": "",
	"UsrOth|736": "",
	"UsrOth|737": "",
	"UsrOth|740": "",
	"UsrOth|741": "",
	"UsrOth|742": "",
	"UsrOth|743": "",
	"UsrOth|744": "",
	"UsrOth|745": "",
	"UsrOth|746": "",
	"UsrOth|747": "",
	"UsrOth|750": "",
	"UsrOth|751": "",
	"UsrOth|752": "",
	"UsrOth|753": "",
	"UsrOth|754": "",
	"UsrOth|755": "",
	"UsrOth|756": "",
	"UsrOth|757": "",
	"UsrOth|760": "",
	"UsrOth|761": "",
	"UsrOth|762": "",
	"UsrOth|763": "",
	"UsrOth|764": "",
	"UsrOth|765": "",
	"UsrOth|766": "",
	"UsrOth|767": "",
	"UsrOth|770": "",
	"UsrOth|771": "",
	"UsrOth|772": "",
	"UsrOth|773": "",
	"UsrOth|774": "",
	"UsrOth|775": "",
	"UsrOth|776": "",
	"UsrOth|777": "",
	"UsrTest|000": "mkdir /UsrTest/000/test: permission denied",
	"UsrTest|001": "mkdir /UsrTest/001/test: permission denied",
	"UsrTest|002": "mkdir /UsrTest/002/test: permission denied",
	"UsrTest|003": "mkdir /UsrTest/003/test: permission denied",
	"UsrTest|004": "mkdir /UsrTest/004/test: permission denied",
	"UsrTest|005": "mkdir /UsrTest/005/test: permission denied",
	"UsrTest|006": "mkdir /UsrTest/006/test: permission denied",
	"UsrTest|007": "mkdir /UsrTest/007/test: permission denied",
	"UsrTest|010": "mkdir /UsrTest/010/test: permission denied",
	"UsrTest|011": "mkdir /UsrTest/011/test: permission denied",
	"UsrTest|012": "mkdir /UsrTest/012/test: permission denied",
	"UsrTest|013": "mkdir /UsrTest/013/test: permission denied",
	"UsrTest|014": "mkdir /UsrTest/014/test: permission denied",
	"UsrTest|015": "mkdir /UsrTest/015/test: permission denied",
	"UsrTest|016": "mkdir /UsrTest/016/test: permission denied",
	"UsrTest|017": "mkdir /UsrTest/017/test: permission denied",
	"UsrTest|020": "mkdir /UsrTest/020/test: permission denied",
	"UsrTest|021": "mkdir /UsrTest/021/test: permission denied",
	"UsrTest|022": "mkdir /UsrTest/022/test: permission denied",
	"UsrTest|023": "mkdir /UsrTest/023/test: permission denied",
	"UsrTest|024": "mkdir /UsrTest/024/test: permission denied",
	"UsrTest|025": "mkdir /UsrTest/025/test: permission denied",
	"UsrTest|026": "mkdir /UsrTest/026/test: permission denied",
	"UsrTest|027": "mkdir /UsrTest/027/test: permission denied",
	"UsrTest|030": "mkdir /UsrTest/030/test: permission denied",
	"UsrTest|031": "mkdir /UsrTest/031/test: permission denied",
	"UsrTest|032": "mkdir /UsrTest/032/test: permission denied",
	"UsrTest|033": "mkdir /UsrTest/033/test: permission denied",
	"UsrTest|034": "mkdir /UsrTest/034/test: permission denied",
	"UsrTest|035": "mkdir /UsrTest/035/test: permission denied",
	"UsrTest|036": "mkdir /UsrTest/036/test: permission denied",
	"UsrTest|037": "mkdir /UsrTest/037/test: permission denied",
	"UsrTest|040": "mkdir /UsrTest/040/test: permission denied",
	"UsrTest|041": "mkdir /UsrTest/041/test: permission denied",
	"UsrTest|042": "mkdir /UsrTest/042/test: permission denied",
	"UsrTest|043": "mkdir /UsrTest/043/test: permission denied",
	"UsrTest|044": "mkdir /UsrTest/044/test: permission denied",
	"UsrTest|045": "mkdir /UsrTest/045/test: permission denied",
	"UsrTest|046": "mkdir /UsrTest/046/test: permission denied",
	"UsrTest|047": "mkdir /UsrTest/047/test: permission denied",
	"UsrTest|050": "mkdir /UsrTest/050/test: permission denied",
	"UsrTest|051": "mkdir /UsrTest/051/test: permission denied",
	"UsrTest|052": "mkdir /UsrTest/052/test: permission denied",
	"UsrTest|053": "mkdir /UsrTest/053/test: permission denied",
	"UsrTest|054": "mkdir /UsrTest/054/test: permission denied",
	"UsrTest|055": "mkdir /UsrTest/055/test: permission denied",
	"UsrTest|056": "mkdir /UsrTest/056/test: permission denied",
	"UsrTest|057": "mkdir /UsrTest/057/test: permission denied",
	"UsrTest|060": "mkdir /UsrTest/060/test: permission denied",
	"UsrTest|061": "mkdir /UsrTest/061/test: permission denied",
	"UsrTest|062": "mkdir /UsrTest/062/test: permission denied",
	"UsrTest|063": "mkdir /UsrTest/063/test: permission denied",
	"UsrTest|064": "mkdir /UsrTest/064/test: permission denied",
	"UsrTest|065": "mkdir /UsrTest/065/test: permission denied",
	"UsrTest|066": "mkdir /UsrTest/066/test: permission denied",
	"UsrTest|067": "mkdir /UsrTest/067/test: permission denied",
	"UsrTest|070": "mkdir /UsrTest/070/test: permission denied",
	"UsrTest|071": "mkdir /UsrTest/071/test: permission denied",
	"UsrTest|072": "mkdir /UsrTest/072/test: permission denied",
	"UsrTest|073": "mkdir /UsrTest/073/test: permission denied",
	"UsrTest|074": "mkdir /UsrTest/074/test: permission denied",
	"UsrTest|075": "mkdir /UsrTest/075/test: permission denied",
	"UsrTest|076": "mkdir /UsrTest/076/test: permission denied",
	"UsrTest|077": "mkdir /UsrTest/077/test: permission denied",
	"UsrTest|100": "mkdir /UsrTest/100/test: permission denied",
	"UsrTest|101": "mkdir /UsrTest/101/test: permission denied",
	"UsrTest|102": "mkdir /UsrTest/102/test: permission denied",
	"UsrTest|103": "mkdir /UsrTest/103/test: permission denied",
	"UsrTest|104": "mkdir /UsrTest/104/test: permission denied",
	"UsrTest|105": "mkdir /UsrTest/105/test: permission denied",
	"UsrTest|106": "mkdir /UsrTest/106/test: permission denied",
	"UsrTest|107": "mkdir /UsrTest/107/test: permission denied",
	"UsrTest|110": "mkdir /UsrTest/110/test: permission denied",
	"UsrTest|111": "mkdir /UsrTest/111/test: permission denied",
	"UsrTest|112": "mkdir /UsrTest/112/test: permission denied",
	"UsrTest|113": "mkdir /UsrTest/113/test: permission denied",
	"UsrTest|114": "mkdir /UsrTest/114/test: permission denied",
	"UsrTest|115": "mkdir /UsrTest/115/test: permission denied",
	"UsrTest|116": "mkdir /UsrTest/116/test: permission denied",
	"UsrTest|117": "mkdir /UsrTest/117/test: permission denied",
	"UsrTest|120": "mkdir /UsrTest/120/test: permission denied",
	"UsrTest|121": "mkdir /UsrTest/121/test: permission denied",
	"UsrTest|122": "mkdir /UsrTest/122/test: permission denied",
	"UsrTest|123": "mkdir /UsrTest/123/test: permission denied",
	"UsrTest|124": "mkdir /UsrTest/124/test: permission denied",
	"UsrTest|125": "mkdir /UsrTest/125/test: permission denied",
	"UsrTest|126": "mkdir /UsrTest/126/test: permission denied",
	"UsrTest|127": "mkdir /UsrTest/127/test: permission denied",
	"UsrTest|130": "mkdir /UsrTest/130/test: permission denied",
	"UsrTest|131": "mkdir /UsrTest/131/test: permission denied",
	"UsrTest|132": "mkdir /UsrTest/132/test: permission denied",
	"UsrTest|133": "mkdir /UsrTest/133/test: permission denied",
	"UsrTest|134": "mkdir /UsrTest/134/test: permission denied",
	"UsrTest|135": "mkdir /UsrTest/135/test: permission denied",
	"UsrTest|136": "mkdir /UsrTest/136/test: permission denied",
	"UsrTest|137": "mkdir /UsrTest/137/test: permission denied",
	"UsrTest|140": "mkdir /UsrTest/140/test: permission denied",
	"UsrTest|141": "mkdir /UsrTest/141/test: permission denied",
	"UsrTest|142": "mkdir /UsrTest/142/test: permission denied",
	"UsrTest|143": "mkdir /UsrTest/143/test: permission denied",
	"UsrTest|144": "mkdir /UsrTest/144/test: permission denied",
	"UsrTest|145": "mkdir /UsrTest/145/test: permission denied",
	"UsrTest|146": "mkdir /UsrTest/146/test: permission denied",
	"UsrTest|147": "mkdir /UsrTest/147/test: permission denied",
	"UsrTest|150": "mkdir /UsrTest/150/test: permission denied",
	"UsrTest|151": "mkdir /UsrTest/151/test: permission denied",
	"UsrTest|152": "mkdir /UsrTest/152/test: permission denied",
	"UsrTest|153": "mkdir /UsrTest/153/test: permission denied",
	"UsrTest|154": "mkdir /UsrTest/154/test: permission denied",
	"UsrTest|155": "mkdir /UsrTest/155/test: permission denied",
	"UsrTest|156": "mkdir /UsrTest/156/test: permission denied",
	"UsrTest|157": "mkdir /UsrTest/157/test: permission denied",
	"UsrTest|160": "mkdir /UsrTest/160/test: permission denied",
	"UsrTest|161": "mkdir /UsrTest/161/test: permission denied",
	"UsrTest|162": "mkdir /UsrTest/162/test: permission denied",
	"UsrTest|163": "mkdir /UsrTest/163/test: permission denied",
	"UsrTest|164": "mkdir /UsrTest/164/test: permission denied",
	"UsrTest|165": "mkdir /UsrTest/165/test: permission denied",
	"UsrTest|166": "mkdir /UsrTest/166/test: permission denied",
	"UsrTest|167": "mkdir /UsrTest/167/test: permission denied",
	"UsrTest|170": "mkdir /UsrTest/170/test: permission denied",
	"UsrTest|171": "mkdir /UsrTest/171/test: permission denied",
	"UsrTest|172": "mkdir /UsrTest/172/test: permission denied",
	"UsrTest|173": "mkdir /UsrTest/173/test: permission denied",
	"UsrTest|174": "mkdir /UsrTest/174/test: permission denied",
	"UsrTest|175": "mkdir /UsrTest/175/test: permission denied",
	"UsrTest|176": "mkdir /UsrTest/176/test: permission denied",
	"UsrTest|177": "mkdir /UsrTest/177/test: permission denied",
	"UsrTest|200": "mkdir /UsrTest/200/test: permission denied",
	"UsrTest|201": "mkdir /UsrTest/201/test: permission denied",
	"UsrTest|202": "mkdir /UsrTest/202/test: permission denied",
	"UsrTest|203": "mkdir /UsrTest/203/test: permission denied",
	"UsrTest|204": "mkdir /UsrTest/204/test: permission denied",
	"UsrTest|205": "mkdir /UsrTest/205/test: permission denied",
	"UsrTest|206": "mkdir /UsrTest/206/test: permission denied",
	"UsrTest|207": "mkdir /UsrTest/207/test: permission denied",
	"UsrTest|210": "mkdir /UsrTest/210/test: permission denied",
	"UsrTest|211": "mkdir /UsrTest/211/test: permission denied",
	"UsrTest|212": "mkdir /UsrTest/212/test: permission denied",
	"UsrTest|213": "mkdir /UsrTest/213/test: permission denied",
	"UsrTest|214": "mkdir /UsrTest/214/test: permission denied",
	"UsrTest|215": "mkdir /UsrTest/215/test: permission denied",
	"UsrTest|216": "mkdir /UsrTest/216/test: permission denied",
	"UsrTest|217": "mkdir /UsrTest/217/test: permission denied",
	"UsrTest|220": "mkdir /UsrTest/220/test: permission denied",
	"UsrTest|221": "mkdir /UsrTest/221/test: permission denied",
	"UsrTest|222": "mkdir /UsrTest/222/test: permission denied",
	"UsrTest|223": "mkdir /UsrTest/223/test: permission denied",
	"UsrTest|224": "mkdir /UsrTest/224/test: permission denied",
	"UsrTest|225": "mkdir /UsrTest/225/test: permission denied",
	"UsrTest|226": "mkdir /UsrTest/226/test: permission denied",
	"UsrTest|227": "mkdir /UsrTest/227/test: permission denied",
	"UsrTest|230": "mkdir /UsrTest/230/test: permission denied",
	"UsrTest|231": "mkdir /UsrTest/231/test: permission denied",
	"UsrTest|232": "mkdir /UsrTest/232/test: permission denied",
	"UsrTest|233": "mkdir /UsrTest/233/test: permission denied",
	"UsrTest|234": "mkdir /UsrTest/234/test: permission denied",
	"UsrTest|235": "mkdir /UsrTest/235/test: permission denied",
	"UsrTest|236": "mkdir /UsrTest/236/test: permission denied",
	"UsrTest|237": "mkdir /UsrTest/237/test: permission denied",
	"UsrTest|240": "mkdir /UsrTest/240/test: permission denied",
	"UsrTest|241": "mkdir /UsrTest/241/test: permission denied",
	"UsrTest|242": "mkdir /UsrTest/242/test: permission denied",
	"UsrTest|243": "mkdir /UsrTest/243/test: permission denied",
	"UsrTest|244": "mkdir /UsrTest/244/test: permission denied",
	"UsrTest|245": "mkdir /UsrTest/245/test: permission denied",
	"UsrTest|246": "mkdir /UsrTest/246/test: permission denied",
	"UsrTest|247": "mkdir /UsrTest/247/test: permission denied",
	"UsrTest|250": "mkdir /UsrTest/250/test: permission denied",
	"UsrTest|251": "mkdir /UsrTest/251/test: permission denied",
	"UsrTest|252": "mkdir /UsrTest/252/test: permission denied",
	"UsrTest|253": "mkdir /UsrTest/253/test: permission denied",
	"UsrTest|254": "mkdir /UsrTest/254/test: permission denied",
	"UsrTest|255": "mkdir /UsrTest/255/test: permission denied",
	"UsrTest|256": "mkdir /UsrTest/256/test: permission denied",
	"UsrTest|257": "mkdir /UsrTest/257/test: permission denied",
	"UsrTest|260": "mkdir /UsrTest/260/test: permission denied",
	"UsrTest|261": "mkdir /UsrTest/261/test: permission denied",
	"UsrTest|262": "mkdir /UsrTest/262/test: permission denied",
	"UsrTest|263": "mkdir /UsrTest/263/test: permission denied",
	"UsrTest|264": "mkdir /UsrTest/264/test: permission denied",
	"UsrTest|265": "mkdir /UsrTest/265/test: permission denied",
	"UsrTest|266": "mkdir /UsrTest/266/test: permission denied",
	"UsrTest|267": "mkdir /UsrTest/267/test: permission denied",
	"UsrTest|270": "mkdir /UsrTest/270/test: permission denied",
	"UsrTest|271": "mkdir /UsrTest/271/test: permission denied",
	"UsrTest|272": "mkdir /UsrTest/272/test: permission denied",
	"UsrTest|273": "mkdir /UsrTest/273/test: permission denied",
	"UsrTest|274": "mkdir /UsrTest/274/test: permission denied",
	"UsrTest|275": "mkdir /UsrTest/275/test: permission denied",
	"UsrTest|276": "mkdir /UsrTest/276/test: permission denied",
	"UsrTest|277": "mkdir /UsrTest/277/test: permission denied",
	"UsrTest|300": "",
	"UsrTest|301": "",
	"UsrTest|302": "",
	"UsrTest|303": "",
	"UsrTest|304": "",
	"UsrTest|305": "",
	"UsrTest|306": "",
	"UsrTest|307": "",
	"UsrTest|310": "",
	"UsrTest|311": "",
	"UsrTest|312": "",
	"UsrTest|313": "",
	"UsrTest|314": "",
	"UsrTest|315": "",
	"UsrTest|316": "",
	"UsrTest|317": "",
	"UsrTest|320": "",
	"UsrTest|321": "",
	"UsrTest|322": "",
	"UsrTest|323": "",
	"UsrTest|324": "",
	"UsrTest|325": "",
	"UsrTest|326": "",
	"UsrTest|327": "",
	"UsrTest|330": "",
	"UsrTest|331": "",
	"UsrTest|332": "",
	"UsrTest|333": "",
	"UsrTest|334": "",
	"UsrTest|335": "",
	"UsrTest|336": "",
	"UsrTest|337": "",
	"UsrTest|340": "",
	"UsrTest|341": "",
	"UsrTest|342": "",
	"UsrTest|343": "",
	"UsrTest|344": "",
	"UsrTest|345": "",
	"UsrTest|346": "",
	"UsrTest|347": "",
	"UsrTest|350": "",
	"UsrTest|351": "",
	"UsrTest|352": "",
	"UsrTest|353": "",
	"UsrTest|354": "",
	"UsrTest|355": "",
	"UsrTest|356": "",
	"UsrTest|357": "",
	"UsrTest|360": "",
	"UsrTest|361": "",
	"UsrTest|362": "",
	"UsrTest|363": "",
	"UsrTest|364": "",
	"UsrTest|365": "",
	"UsrTest|366": "",
	"UsrTest|367": "",
	"UsrTest|370": "",
	"UsrTest|371": "",
	"UsrTest|372": "",
	"UsrTest|373": "",
	"UsrTest|374": "",
	"UsrTest|375": "",
	"UsrTest|376": "",
	"UsrTest|377": "",
	"UsrTest|400": "mkdir /UsrTest/400/test: permission denied",
	"UsrTest|401": "mkdir /UsrTest/401/test: permission denied",
	"UsrTest|402": "mkdir /UsrTest/402/test: permission denied",
	"UsrTest|403": "mkdir /UsrTest/403/test: permission denied",
	"UsrTest|404": "mkdir /UsrTest/404/test: permission denied",
	"UsrTest|405": "mkdir /UsrTest/405/test: permission denied",
	"UsrTest|406": "mkdir /UsrTest/406/test: permission denied",
	"UsrTest|407": "mkdir /UsrTest/407/test: permission denied",
	"UsrTest|410": "mkdir /UsrTest/410/test: permission denied",
	"UsrTest|411": "mkdir /UsrTest/411/test: permission denied",
	"UsrTest|412": "mkdir /UsrTest/412/test: permission denied",
	"UsrTest|413": "mkdir /UsrTest/413/test: permission denied",
	"UsrTest|414": "mkdir /UsrTest/414/test: permission denied",
	"UsrTest|415": "mkdir /UsrTest/415/test: permission denied",
	"UsrTest|416": "mkdir /UsrTest/416/test: permission denied",
	"UsrTest|417": "mkdir /UsrTest/417/test: permission denied",
	"UsrTest|420": "mkdir /UsrTest/420/test: permission denied",
	"UsrTest|421": "mkdir /UsrTest/421/test: permission denied",
	"UsrTest|422": "mkdir /UsrTest/422/test: permission denied",
	"UsrTest|423": "mkdir /UsrTest/423/test: permission denied",
	"UsrTest|424": "mkdir /UsrTest/424/test: permission denied",
	"UsrTest|425": "mkdir /UsrTest/425/test: permission denied",
	"UsrTest|426": "mkdir /UsrTest/426/test: permission denied",
	"UsrTest|427": "mkdir /UsrTest/427/test: permission denied",
	"UsrTest|430": "mkdir /UsrTest/430/test: permission denied",
	"UsrTest|431": "mkdir /UsrTest/431/test: permission denied",
	"UsrTest|432": "mkdir /UsrTest/432/test: permission denied",
	"UsrTest|433": "mkdir /UsrTest/433/test: permission denied",
	"UsrTest|434": "mkdir /UsrTest/434/test: permission denied",
	"UsrTest|435": "mkdir /UsrTest/435/test: permission denied",
	"UsrTest|436": "mkdir /UsrTest/436/test: permission denied",
	"UsrTest|437": "mkdir /UsrTest/437/test: permission denied",
	"UsrTest|440": "mkdir /UsrTest/440/test: permission denied",
	"UsrTest|441": "mkdir /UsrTest/441/test: permission denied",
	"UsrTest|442": "mkdir /UsrTest/442/test: permission denied",
	"UsrTest|443": "mkdir /UsrTest/443/test: permission denied",
	"UsrTest|444": "mkdir /UsrTest/444/test: permission denied",
	"UsrTest|445": "mkdir /UsrTest/445/test: permission denied",
	"UsrTest|446": "mkdir /UsrTest/446/test: permission denied",
	"UsrTest|447": "mkdir /UsrTest/447/test: permission denied",
	"UsrTest|450": "mkdir /UsrTest/450/test: permission denied",
	"UsrTest|451": "mkdir /UsrTest/451/test: permission denied",
	"UsrTest|452": "mkdir /UsrTest/452/test: permission denied",
	"UsrTest|453": "mkdir /UsrTest/453/test: permission denied",
	"UsrTest|454": "mkdir /UsrTest/454/test: permission denied",
	"UsrTest|455": "mkdir /UsrTest/455/test: permission denied",
	"UsrTest|456": "mkdir /UsrTest/456/test: permission denied",
	"UsrTest|457": "mkdir /UsrTest/457/test: permission denied",
	"UsrTest|460": "mkdir /UsrTest/460/test: permission denied",
	"UsrTest|461": "mkdir /UsrTest/461/test: permission denied",
	"UsrTest|462": "mkdir /UsrTest/462/test: permission denied",
	"UsrTest|463": "mkdir /UsrTest/463/test: permission denied",
	"UsrTest|464": "mkdir /UsrTest/464/test: permission denied",
	"UsrTest|465": "mkdir /UsrTest/465/test: permission denied",
	"UsrTest|466": "mkdir /UsrTest/466/test: permission denied",
	"UsrTest|467": "mkdir /UsrTest/467/test: permission denied",
	"UsrTest|470": "mkdir /UsrTest/470/test: permission denied",
	"UsrTest|471": "mkdir /UsrTest/471/test: permission denied",
	"UsrTest|472": "mkdir /UsrTest/472/test: permission denied",
	"UsrTest|473": "mkdir /UsrTest/473/test: permission denied",
	"UsrTest|474": "mkdir /UsrTest/474/test: permission denied",
	"UsrTest|475": "mkdir /UsrTest/475/test: permission denied",
	"UsrTest|476": "mkdir /UsrTest/476/test: permission denied",
	"UsrTest|477": "mkdir /UsrTest/477/test: permission denied",
	"UsrTest|500": "mkdir /UsrTest/500/test: permission denied",
	"UsrTest|501": "mkdir /UsrTest/501/test: permission denied",
	"UsrTest|502": "mkdir /UsrTest/502/test: permission denied",
	"UsrTest|503": "mkdir /UsrTest/503/test: permission denied",
	"UsrTest|504": "mkdir /UsrTest/504/test: permission denied",
	"UsrTest|505": "mkdir /UsrTest/505/test: permission denied",
	"UsrTest|506": "mkdir /UsrTest/506/test: permission denied",
	"UsrTest|507": "mkdir /UsrTest/507/test: permission denied",
	"UsrTest|510": "mkdir /UsrTest/510/test: permission denied",
	"UsrTest|511": "mkdir /UsrTest/511/test: permission denied",
	"UsrTest|512": "mkdir /UsrTest/512/test: permission denied",
	"UsrTest|513": "mkdir /UsrTest/513/test: permission denied",
	"UsrTest|514": "mkdir /UsrTest/514/test: permission denied",
	"UsrTest|515": "mkdir /UsrTest/515/test: permission denied",
	"UsrTest|516": "mkdir /UsrTest/516/test: permission denied",
	"UsrTest|517": "mkdir /UsrTest/517/test: permission denied",
	"UsrTest|520": "mkdir /UsrTest/520/test: permission denied",
	"UsrTest|521": "mkdir /UsrTest/521/test: permission denied",
	"UsrTest|522": "mkdir /UsrTest/522/test: permission denied",
	"UsrTest|523": "mkdir /UsrTest/523/test: permission denied",
	"UsrTest|524": "mkdir /UsrTest/524/test: permission denied",
	"UsrTest|525": "mkdir /UsrTest/525/test: permission denied",
	"UsrTest|526": "mkdir /UsrTest/526/test: permission denied",
	"UsrTest|527": "mkdir /UsrTest/527/test: permission denied",
	"UsrTest|530": "mkdir /UsrTest/530/test: permission denied",
	"UsrTest|531": "mkdir /UsrTest/531/test: permission denied",
	"UsrTest|532": "mkdir /UsrTest/532/test: permission denied",
	"UsrTest|533": "mkdir /UsrTest/533/test: permission denied",
	"UsrTest|534": "mkdir /UsrTest/534/test: permission denied",
	"UsrTest|535": "mkdir /UsrTest/535/test: permission denied",
	"UsrTest|536": "mkdir /UsrTest/536/test: permission denied",
	"UsrTest|537": "mkdir /UsrTest/537/test: permission denied",
	"UsrTest|540": "mkdir /UsrTest/540/test: permission denied",
	"UsrTest|541": "mkdir /UsrTest/541/test: permission denied",
	"UsrTest|542": "mkdir /UsrTest/542/test: permission denied",
	"UsrTest|543": "mkdir /UsrTest/543/test: permission denied",
	"UsrTest|544": "mkdir /UsrTest/544/test: permission denied",
	"UsrTest|545": "mkdir /UsrTest/545/test: permission denied",
	"UsrTest|546": "mkdir /UsrTest/546/test: permission denied",
	"UsrTest|547": "mkdir /UsrTest/547/test: permission denied",
	"UsrTest|550": "mkdir /UsrTest/550/test: permission denied",
	"UsrTest|551": "mkdir /UsrTest/551/test: permission denied",
	"UsrTest|552": "mkdir /UsrTest/552/test: permission denied",
	"UsrTest|553": "mkdir /UsrTest/553/test: permission denied",
	"UsrTest|554": "mkdir /UsrTest/554/test: permission denied",
	"UsrTest|555": "mkdir /UsrTest/555/test: permission denied",
	"UsrTest|556": "mkdir /UsrTest/556/test: permission denied",
	"UsrTest|557": "mkdir /UsrTest/557/test: permission denied",
	"UsrTest|560": "mkdir /UsrTest/560/test: permission denied",
	"UsrTest|561": "mkdir /UsrTest/561/test: permission denied",
	"UsrTest|562": "mkdir /UsrTest/562/test: permission denied",
	"UsrTest|563": "mkdir /UsrTest/563/test: permission denied",
	"UsrTest|564": "mkdir /UsrTest/564/test: permission denied",
	"UsrTest|565": "mkdir /UsrTest/565/test: permission denied",
	"UsrTest|566": "mkdir /UsrTest/566/test: permission denied",
	"UsrTest|567": "mkdir /UsrTest/567/test: permission denied",
	"UsrTest|570": "mkdir /UsrTest/570/test: permission denied",
	"UsrTest|571": "mkdir /UsrTest/571/test: permission denied",
	"UsrTest|572": "mkdir /UsrTest/572/test: permission denied",
	"UsrTest|573": "mkdir /UsrTest/573/test: permission denied",
	"UsrTest|574": "mkdir /UsrTest/574/test: permission denied",
	"UsrTest|575": "mkdir /UsrTest/575/test: permission denied",
	"UsrTest|576": "mkdir /UsrTest/576/test: permission denied",
	"UsrTest|577": "mkdir /UsrTest/577/test: permission denied",
	"UsrTest|600": "mkdir /UsrTest/600/test: permission denied",
	"UsrTest|601": "mkdir /UsrTest/601/test: permission denied",
	"UsrTest|602": "mkdir /UsrTest/602/test: permission denied",
	"UsrTest|603": "mkdir /UsrTest/603/test: permission denied",
	"UsrTest|604": "mkdir /UsrTest/604/test: permission denied",
	"UsrTest|605": "mkdir /UsrTest/605/test: permission denied",
	"UsrTest|606": "mkdir /UsrTest/606/test: permission denied",
	"UsrTest|607": "mkdir /UsrTest/607/test: permission denied",
	"UsrTest|610": "mkdir /UsrTest/610/test: permission denied",
	"UsrTest|611": "mkdir /UsrTest/611/test: permission denied",
	"UsrTest|612": "mkdir /UsrTest/612/test: permission denied",
	"UsrTest|613": "mkdir /UsrTest/613/test: permission denied",
	"UsrTest|614": "mkdir /UsrTest/614/test: permission denied",
	"UsrTest|615": "mkdir /UsrTest/615/test: permission denied",
	"UsrTest|616": "mkdir /UsrTest/616/test: permission denied",
	"UsrTest|617": "mkdir /UsrTest/617/test: permission denied",
	"UsrTest|620": "mkdir /UsrTest/620/test: permission denied",
	"UsrTest|621": "mkdir /UsrTest/621/test: permission denied",
	"UsrTest|622": "mkdir /UsrTest/622/test: permission denied",
	"UsrTest|623": "mkdir /UsrTest/623/test: permission denied",
	"UsrTest|624": "mkdir /UsrTest/624/test: permission denied",
	"UsrTest|625": "mkdir /UsrTest/625/test: permission denied",
	"UsrTest|626": "mkdir /UsrTest/626/test: permission denied",
	"UsrTest|627": "mkdir /UsrTest/627/test: permission denied",
	"UsrTest|630": "mkdir /UsrTest/630/test: permission denied",
	"UsrTest|631": "mkdir /UsrTest/631/test: permission denied",
	"UsrTest|632": "mkdir /UsrTest/632/test: permission denied",
	"UsrTest|633": "mkdir /UsrTest/633/test: permission denied",
	"UsrTest|634": "mkdir /UsrTest/634/test: permission denied",
	"UsrTest|635": "mkdir /UsrTest/635/test: permission denied",
	"UsrTest|636": "mkdir /UsrTest/636/test: permission denied",
	"UsrTest|637": "mkdir /UsrTest/637/test: permission denied",
	"UsrTest|640": "mkdir /UsrTest/640/test: permission denied",
	"UsrTest|641": "mkdir /UsrTest/641/test: permission denied",
	"UsrTest|642": "mkdir /UsrTest/642/test: permission denied",
	"UsrTest|643": "mkdir /UsrTest/643/test: permission denied",
	"UsrTest|644": "mkdir /UsrTest/644/test: permission denied",
	"UsrTest|645": "mkdir /UsrTest/645/test: permission denied",
	"UsrTest|646": "mkdir /UsrTest/646/test: permission denied",
	"UsrTest|647": "mkdir /UsrTest/647/test: permission denied",
	"UsrTest|650": "mkdir /UsrTest/650/test: permission denied",
	"UsrTest|651": "mkdir /UsrTest/651/test: permission denied",
	"UsrTest|652": "mkdir /UsrTest/652/test: permission denied",
	"UsrTest|653": "mkdir /UsrTest/653/test: permission denied",
	"UsrTest|654": "mkdir /UsrTest/654/test: permission denied",
	"UsrTest|655": "mkdir /UsrTest/655/test: permission denied",
	"UsrTest|656": "mkdir /UsrTest/656/test: permission denied",
	"UsrTest|657": "mkdir /UsrTest/657/test: permission denied",
	"UsrTest|660": "mkdir /UsrTest/660/test: permission denied",
	"UsrTest|661": "mkdir /UsrTest/661/test: permission denied",
	"UsrTest|662": "mkdir /UsrTest/662/test: permission denied",
	"UsrTest|663": "mkdir /UsrTest/663/test: permission denied",
	"UsrTest|664": "mkdir /UsrTest/664/test: permission denied",
	"UsrTest|665": "mkdir /UsrTest/665/test: permission denied",
	"UsrTest|666": "mkdir /UsrTest/666/test: permission denied",
	"UsrTest|667": "mkdir /UsrTest/667/test: permission denied",
	"UsrTest|670": "mkdir /UsrTest/670/test: permission denied",
	"UsrTest|671": "mkdir /UsrTest/671/test: permission denied",
	"UsrTest|672": "mkdir /UsrTest/672/test: permission denied",
	"UsrTest|673": "mkdir /UsrTest/673/test: permission denied",
	"UsrTest|674": "mkdir /UsrTest/674/test: permission denied",
	"UsrTest|675": "mkdir /UsrTest/675/test: permission denied",
	"UsrTest|676": "mkdir /UsrTest/676/test: permission denied",
	"UsrTest|677": "mkdir /UsrTest/677/test: permission denied",
	"UsrTest|700": "",
	"UsrTest|701": "",
	"UsrTest|702": "",
	"UsrTest|703": "",
	"UsrTest|704": "",
	"UsrTest|705": "",
	"UsrTest|706": "",
	"UsrTest|707": "",
	"UsrTest|710": "",
	"UsrTest|711": "",
	"UsrTest|712": "",
	"UsrTest|713": "",
	"UsrTest|714": "",
	"UsrTest|715": "",
	"UsrTest|716": "",
	"UsrTest|717": "",
	"UsrTest|720": "",
	"UsrTest|721": "",
	"UsrTest|722": "",
	"UsrTest|723": "",
	"UsrTest|724": "",
	"UsrTest|725": "",
	"UsrTest|726": "",
	"UsrTest|727": "",
	"UsrTest|730": "",
	"UsrTest|731": "",
	"UsrTest|732": "",
	"UsrTest|733": "",
	"UsrTest|734": "",
	"UsrTest|735": "",
	"UsrTest|736": "",
	"UsrTest|737": "",
	"UsrTest|740": "",
	"UsrTest|741": "",
	"UsrTest|742": "",
	"UsrTest|743": "",
	"UsrTest|744": "",
	"UsrTest|745": "",
	"UsrTest|746": "",
	"UsrTest|747": "",
	"UsrTest|750": "",
	"UsrTest|751": "",
	"UsrTest|752": "",
	"UsrTest|753": "",
	"UsrTest|754": "",
	"UsrTest|755": "",
	"UsrTest|756": "",
	"UsrTest|757": "",
	"UsrTest|760": "",
	"UsrTest|761": "",
	"UsrTest|762": "",
	"UsrTest|763": "",
	"UsrTest|764": "",
	"UsrTest|765": "",
	"UsrTest|766": "",
	"UsrTest|767": "",
	"UsrTest|770": "",
	"UsrTest|771": "",
	"UsrTest|772": "",
	"UsrTest|773": "",
	"UsrTest|774": "",
	"UsrTest|775": "",
	"UsrTest|776": "",
	"UsrTest|777": ""
}
