{
	"UsrGrp/----------": "chtimes /perm/UsrGrp/----------: operation not permitted",
	"UsrGrp/---------x": "chtimes /perm/UsrGrp/---------x: operation not permitted",
	"UsrGrp/--------w-": "chtimes /perm/UsrGrp/--------w-: operation not permitted",
	"UsrGrp/--------wx": "chtimes /perm/UsrGrp/--------wx: operation not permitted",
	"UsrGrp/-------r--": "chtimes /perm/UsrGrp/-------r--: operation not permitted",
	"UsrGrp/-------r-x": "chtimes /perm/UsrGrp/-------r-x: operation not permitted",
	"UsrGrp/-------rw-": "chtimes /perm/UsrGrp/-------rw-: operation not permitted",
	"UsrGrp/-------rwx": "chtimes /perm/UsrGrp/-------rwx: operation not permitted",
	"UsrGrp/------x---": "chtimes /perm/UsrGrp/------x---: operation not permitted",
	"UsrGrp/------x--x": "chtimes /perm/UsrGrp/------x--x: operation not permitted",
	"UsrGrp/------x-w-": "chtimes /perm/UsrGrp/------x-w-: operation not permitted",
	"UsrGrp/------x-wx": "chtimes /perm/UsrGrp/------x-wx: operation not permitted",
	"UsrGrp/------xr--": "chtimes /perm/UsrGrp/------xr--: operation not permitted",
	"UsrGrp/------xr-x": "chtimes /perm/UsrGrp/------xr-x: operation not permitted",
	"UsrGrp/------xrw-": "chtimes /perm/UsrGrp/------xrw-: operation not permitted",
	"UsrGrp/------xrwx": "chtimes /perm/UsrGrp/------xrwx: operation not permitted",
	"UsrGrp/-----w----": "chtimes /perm/UsrGrp/-----w----: operation not permitted",
	"UsrGrp/-----w---x": "chtimes /perm/UsrGrp/-----w---x: operation not permitted",
	"UsrGrp/-----w--w-": "chtimes /perm/UsrGrp/-----w--w-: operation not permitted",
	"UsrGrp/-----w--wx": "chtimes /perm/UsrGrp/-----w--wx: operation not permitted",
	"UsrGrp/-----w-r--": "chtimes /perm/UsrGrp/-----w-r--: operation not permitted",
	"UsrGrp/-----w-r-x": "chtimes /perm/UsrGrp/-----w-r-x: operation not permitted",
	"UsrGrp/-----w-rw-": "chtimes /perm/UsrGrp/-----w-rw-: operation not permitted",
	"UsrGrp/-----w-rwx": "chtimes /perm/UsrGrp/-----w-rwx: operation not permitted",
	"UsrGrp/-----wx---": "chtimes /perm/UsrGrp/-----wx---: operation not permitted",
	"UsrGrp/-----wx--x": "chtimes /perm/UsrGrp/-----wx--x: operation not permitted",
	"UsrGrp/-----wx-w-": "chtimes /perm/UsrGrp/-----wx-w-: operation not permitted",
	"UsrGrp/-----wx-wx": "chtimes /perm/UsrGrp/-----wx-wx: operation not permitted",
	"UsrGrp/-----wxr--": "chtimes /perm/UsrGrp/-----wxr--: operation not permitted",
	"UsrGrp/-----wxr-x": "chtimes /perm/UsrGrp/-----wxr-x: operation not permitted",
	"UsrGrp/-----wxrw-": "chtimes /perm/UsrGrp/-----wxrw-: operation not permitted",
	"UsrGrp/-----wxrwx": "chtimes /perm/UsrGrp/-----wxrwx: operation not permitted",
	"UsrGrp/----r-----": "chtimes /perm/UsrGrp/----r-----: operation not permitted",
	"UsrGrp/----r----x": "chtimes /perm/UsrGrp/----r----x: operation not permitted",
	"UsrGrp/----r---w-": "chtimes /perm/UsrGrp/----r---w-: operation not permitted",
	"UsrGrp/----r---wx": "chtimes /perm/UsrGrp/----r---wx: operation not permitted",
	"UsrGrp/----r--r--": "chtimes /perm/UsrGrp/----r--r--: operation not permitted",
	"UsrGrp/----r--r-x": "chtimes /perm/UsrGrp/----r--r-x: operation not permitted",
	"UsrGrp/----r--rw-": "chtimes /perm/UsrGrp/----r--rw-: operation not permitted",
	"UsrGrp/----r--rwx": "chtimes /perm/UsrGrp/----r--rwx: operation not permitted",
	"UsrGrp/----r-x---": "chtimes /perm/UsrGrp/----r-x---: operation not permitted",
	"UsrGrp/----r-x--x": "chtimes /perm/UsrGrp/----r-x--x: operation not permitted",
	"UsrGrp/----r-x-w-": "chtimes /perm/UsrGrp/----r-x-w-: operation not permitted",
	"UsrGrp/----r-x-wx": "chtimes /perm/UsrGrp/----r-x-wx: operation not permitted",
	"UsrGrp/----r-xr--": "chtimes /perm/UsrGrp/----r-xr--: operation not permitted",
	"UsrGrp/----r-xr-x": "chtimes /perm/UsrGrp/----r-xr-x: operation not permitted",
	"UsrGrp/----r-xrw-": "chtimes /perm/UsrGrp/----r-xrw-: operation not permitted",
	"UsrGrp/----r-xrwx": "chtimes /perm/UsrGrp/----r-xrwx: operation not permitted",
	"UsrGrp/----rw----": "chtimes /perm/UsrGrp/----rw----: operation not permitted",
	"UsrGrp/----rw---x": "chtimes /perm/UsrGrp/----rw---x: operation not permitted",
	"UsrGrp/----rw--w-": "chtimes /perm/UsrGrp/----rw--w-: operation not permitted",
	"UsrGrp/----rw--wx": "chtimes /perm/UsrGrp/----rw--wx: operation not permitted",
	"UsrGrp/----rw-r--": "chtimes /perm/UsrGrp/----rw-r--: operation not permitted",
	"UsrGrp/----rw-r-x": "chtimes /perm/UsrGrp/----rw-r-x: operation not permitted",
	"UsrGrp/----rw-rw-": "chtimes /perm/UsrGrp/----rw-rw-: operation not permitted",
	"UsrGrp/----rw-rwx": "chtimes /perm/UsrGrp/----rw-rwx: operation not permitted",
	"UsrGrp/----rwx---": "chtimes /perm/UsrGrp/----rwx---: operation not permitted",
	"UsrGrp/----rwx--x": "chtimes /perm/UsrGrp/----rwx--x: operation not permitted",
	"UsrGrp/----rwx-w-": "chtimes /perm/UsrGrp/----rwx-w-: operation not permitted",
	"UsrGrp/----rwx-wx": "chtimes /perm/UsrGrp/----rwx-wx: operation not permitted",
	"UsrGrp/----rwxr--": "chtimes /perm/UsrGrp/----rwxr--: operation not permitted",
	"UsrGrp/----rwxr-x": "chtimes /perm/UsrGrp/----rwxr-x: operation not permitted",
	"UsrGrp/----rwxrw-": "chtimes /perm/UsrGrp/----rwxrw-: operation not permitted",
	"UsrGrp/----rwxrwx": "chtimes /perm/UsrGrp/----rwxrwx: operation not permitted",
	"UsrGrp/---x------": "chtimes /perm/UsrGrp/---x------: operation not permitted",
	"UsrGrp/---x-----x": "chtimes /perm/UsrGrp/---x-----x: operation not permitted",
	"UsrGrp/---x----w-": "chtimes /perm/UsrGrp/---x----w-: operation not permitted",
	"UsrGrp/---x----wx": "chtimes /perm/UsrGrp/---x----wx: operation not permitted",
	"UsrGrp/---x---r--": "chtimes /perm/UsrGrp/---x---r--: operation not permitted",
	"UsrGrp/---x---r-x": "chtimes /perm/UsrGrp/---x---r-x: operation not permitted",
	"UsrGrp/---x---rw-": "chtimes /perm/UsrGrp/---x---rw-: operation not permitted",
	"UsrGrp/---x---rwx": "chtimes /perm/UsrGrp/---x---rwx: operation not permitted",
	"UsrGrp/---x--x---": "chtimes /perm/UsrGrp/---x--x---: operation not permitted",
	"UsrGrp/---x--x--x": "chtimes /perm/UsrGrp/---x--x--x: operation not permitted",
	"UsrGrp/---x--x-w-": "chtimes /perm/UsrGrp/---x--x-w-: operation not permitted",
	"UsrGrp/---x--x-wx": "chtimes /perm/UsrGrp/---x--x-wx: operation not permitted",
	"UsrGrp/---x--xr--": "chtimes /perm/UsrGrp/---x--xr--: operation not permitted",
	"UsrGrp/---x--xr-x": "chtimes /perm/UsrGrp/---x--xr-x: operation not permitted",
	"UsrGrp/---x--xrw-": "chtimes /perm/UsrGrp/---x--xrw-: operation not permitted",
	"UsrGrp/---x--xrwx": "chtimes /perm/UsrGrp/---x--xrwx: operation not permitted",
	"UsrGrp/---x-w----": "chtimes /perm/UsrGrp/---x-w----: operation not permitted",
	"UsrGrp/---x-w---x": "chtimes /perm/UsrGrp/---x-w---x: operation not permitted",
	"UsrGrp/---x-w--w-": "chtimes /perm/UsrGrp/---x-w--w-: operation not permitted",
	"UsrGrp/---x-w--wx": "chtimes /perm/UsrGrp/---x-w--wx: operation not permitted",
	"UsrGrp/---x-w-r--": "chtimes /perm/UsrGrp/---x-w-r--: operation not permitted",
	"UsrGrp/---x-w-r-x": "chtimes /perm/UsrGrp/---x-w-r-x: operation not permitted",
	"UsrGrp/---x-w-rw-": "chtimes /perm/UsrGrp/---x-w-rw-: operation not permitted",
	"UsrGrp/---x-w-rwx": "chtimes /perm/UsrGrp/---x-w-rwx: operation not permitted",
	"UsrGrp/---x-wx---": "chtimes /perm/UsrGrp/---x-wx---: operation not permitted",
	"UsrGrp/---x-wx--x": "chtimes /perm/UsrGrp/---x-wx--x: operation not permitted",
	"UsrGrp/---x-wx-w-": "chtimes /perm/UsrGrp/---x-wx-w-: operation not permitted",
	"UsrGrp/---x-wx-wx": "chtimes /perm/UsrGrp/---x-wx-wx: operation not permitted",
	"UsrGrp/---x-wxr--": "chtimes /perm/UsrGrp/---x-wxr--: operation not permitted",
	"UsrGrp/---x-wxr-x": "chtimes /perm/UsrGrp/---x-wxr-x: operation not permitted",
	"UsrGrp/---x-wxrw-": "chtimes /perm/UsrGrp/---x-wxrw-: operation not permitted",
	"UsrGrp/---x-wxrwx": "chtimes /perm/UsrGrp/---x-wxrwx: operation not permitted",
	"UsrGrp/---xr-----": "chtimes /perm/UsrGrp/---xr-----: operation not permitted",
	"UsrGrp/---xr----x": "chtimes /perm/UsrGrp/---xr----x: operation not permitted",
	"UsrGrp/---xr---w-": "chtimes /perm/UsrGrp/---xr---w-: operation not permitted",
	"UsrGrp/---xr---wx": "chtimes /perm/UsrGrp/---xr---wx: operation not permitted",
	"UsrGrp/---xr--r--": "chtimes /perm/UsrGrp/---xr--r--: operation not permitted",
	"UsrGrp/---xr--r-x": "chtimes /perm/UsrGrp/---xr--r-x: operation not permitted",
	"UsrGrp/---xr--rw-": "chtimes /perm/UsrGrp/---xr--rw-: operation not permitted",
	"UsrGrp/---xr--rwx": "chtimes /perm/UsrGrp/---xr--rwx: operation not permitted",
	"UsrGrp/---xr-x---": "chtimes /perm/UsrGrp/---xr-x---: operation not permitted",
	"UsrGrp/---xr-x--x": "chtimes /perm/UsrGrp/---xr-x--x: operation not permitted",
	"UsrGrp/---xr-x-w-": "chtimes /perm/UsrGrp/---xr-x-w-: operation not permitted",
	"UsrGrp/---xr-x-wx": "chtimes /perm/UsrGrp/---xr-x-wx: operation not permitted",
	"UsrGrp/---xr-xr--": "chtimes /perm/UsrGrp/---xr-xr--: operation not permitted",
	"UsrGrp/---xr-xr-x": "chtimes /perm/UsrGrp/---xr-xr-x: operation not permitted",
	"UsrGrp/---xr-xrw-": "chtimes /perm/UsrGrp/---xr-xrw-: operation not permitted",
	"UsrGrp/---xr-xrwx": "chtimes /perm/UsrGrp/---xr-xrwx: operation not permitted",
	"UsrGrp/---xrw----": "chtimes /perm/UsrGrp/---xrw----: operation not permitted",
	"UsrGrp/---xrw---x": "chtimes /perm/UsrGrp/---xrw---x: operation not permitted",
	"UsrGrp/---xrw--w-": "chtimes /perm/UsrGrp/---xrw--w-: operation not permitted",
	"UsrGrp/---xrw--wx": "chtimes /perm/UsrGrp/---xrw--wx: operation not permitted",
	"UsrGrp/---xrw-r--": "chtimes /perm/UsrGrp/---xrw-r--: operation not permitted",
	"UsrGrp/---xrw-r-x": "chtimes /perm/UsrGrp/---xrw-r-x: operation not permitted",
	"UsrGrp/---xrw-rw-": "chtimes /perm/UsrGrp/---xrw-rw-: operation not permitted",
	"UsrGrp/---xrw-rwx": "chtimes /perm/UsrGrp/---xrw-rwx: operation not permitted",
	"UsrGrp/---xrwx---": "chtimes /perm/UsrGrp/---xrwx---: operation not permitted",
	"UsrGrp/---xrwx--x": "chtimes /perm/UsrGrp/---xrwx--x: operation not permitted",
	"UsrGrp/---xrwx-w-": "chtimes /perm/UsrGrp/---xrwx-w-: operation not permitted",
	"UsrGrp/---xrwx-wx": "chtimes /perm/UsrGrp/---xrwx-wx: operation not permitted",
	"UsrGrp/---xrwxr--": "chtimes /perm/UsrGrp/---xrwxr--: operation not permitted",
	"UsrGrp/---xrwxr-x": "chtimes /perm/UsrGrp/---xrwxr-x: operation not permitted",
	"UsrGrp/---xrwxrw-": "chtimes /perm/UsrGrp/---xrwxrw-: operation not permitted",
	"UsrGrp/---xrwxrwx": "chtimes /perm/UsrGrp/---xrwxrwx: operation not permitted",
	"UsrGrp/--w-------": "chtimes /perm/UsrGrp/--w-------: operation not permitted",
	"UsrGrp/--w------x": "chtimes /perm/UsrGrp/--w------x: operation not permitted",
	"UsrGrp/--w-----w-": "chtimes /perm/UsrGrp/--w-----w-: operation not permitted",
	"UsrGrp/--w-----wx": "chtimes /perm/UsrGrp/--w-----wx: operation not permitted",
	"UsrGrp/--w----r--": "chtimes /perm/UsrGrp/--w----r--: operation not permitted",
	"UsrGrp/--w----r-x": "chtimes /perm/UsrGrp/--w----r-x: operation not permitted",
	"UsrGrp/--w----rw-": "chtimes /perm/UsrGrp/--w----rw-: operation not permitted",
	"UsrGrp/--w----rwx": "chtimes /perm/UsrGrp/--w----rwx: operation not permitted",
	"UsrGrp/--w---x---": "chtimes /perm/UsrGrp/--w---x---: operation not permitted",
	"UsrGrp/--w---x--x": "chtimes /perm/UsrGrp/--w---x--x: operation not permitted",
	"UsrGrp/--w---x-w-": "chtimes /perm/UsrGrp/--w---x-w-: operation not permitted",
	"UsrGrp/--w---x-wx": "chtimes /perm/UsrGrp/--w---x-wx: operation not permitted",
	"UsrGrp/--w---xr--": "chtimes /perm/UsrGrp/--w---xr--: operation not permitted",
	"UsrGrp/--w---xr-x": "chtimes /perm/UsrGrp/--w---xr-x: operation not permitted",
	"UsrGrp/--w---xrw-": "chtimes /perm/UsrGrp/--w---xrw-: operation not permitted",
	"UsrGrp/--w---xrwx": "chtimes /perm/UsrGrp/--w---xrwx: operation not permitted",
	"UsrGrp/--w--w----": "chtimes /perm/UsrGrp/--w--w----: operation not permitted",
	"UsrGrp/--w--w---x": "chtimes /perm/UsrGrp/--w--w---x: operation not permitted",
	"UsrGrp/--w--w--w-": "chtimes /perm/UsrGrp/--w--w--w-: operation not permitted",
	"UsrGrp/--w--w--wx": "chtimes /perm/UsrGrp/--w--w--wx: operation not permitted",
	"UsrGrp/--w--w-r--": "chtimes /perm/UsrGrp/--w--w-r--: operation not permitted",
	"UsrGrp/--w--w-r-x": "chtimes /perm/UsrGrp/--w--w-r-x: operation not permitted",
	"UsrGrp/--w--w-rw-": "chtimes /perm/UsrGrp/--w--w-rw-: operation not permitted",
	"UsrGrp/--w--w-rwx": "chtimes /perm/UsrGrp/--w--w-rwx: operation not permitted",
	"UsrGrp/--w--wx---": "chtimes /perm/UsrGrp/--w--wx---: operation not permitted",
	"UsrGrp/--w--wx--x": "chtimes /perm/UsrGrp/--w--wx--x: operation not permitted",
	"UsrGrp/--w--wx-w-": "chtimes /perm/UsrGrp/--w--wx-w-: operation not permitted",
	"UsrGrp/--w--wx-wx": "chtimes /perm/UsrGrp/--w--wx-wx: operation not permitted",
	"UsrGrp/--w--wxr--": "chtimes /perm/UsrGrp/--w--wxr--: operation not permitted",
	"UsrGrp/--w--wxr-x": "chtimes /perm/UsrGrp/--w--wxr-x: operation not permitted",
	"UsrGrp/--w--wxrw-": "chtimes /perm/UsrGrp/--w--wxrw-: operation not permitted",
	"UsrGrp/--w--wxrwx": "chtimes /perm/UsrGrp/--w--wxrwx: operation not permitted",
	"UsrGrp/--w-r-----": "chtimes /perm/UsrGrp/--w-r-----: operation not permitted",
	"UsrGrp/--w-r----x": "chtimes /perm/UsrGrp/--w-r----x: operation not permitted",
	"UsrGrp/--w-r---w-": "chtimes /perm/UsrGrp/--w-r---w-: operation not permitted",
	"UsrGrp/--w-r---wx": "chtimes /perm/UsrGrp/--w-r---wx: operation not permitted",
	"UsrGrp/--w-r--r--": "chtimes /perm/UsrGrp/--w-r--r--: operation not permitted",
	"UsrGrp/--w-r--r-x": "chtimes /perm/UsrGrp/--w-r--r-x: operation not permitted",
	"UsrGrp/--w-r--rw-": "chtimes /perm/UsrGrp/--w-r--rw-: operation not permitted",
	"UsrGrp/--w-r--rwx": "chtimes /perm/UsrGrp/--w-r--rwx: operation not permitted",
	"UsrGrp/--w-r-x---": "chtimes /perm/UsrGrp/--w-r-x---: operation not permitted",
	"UsrGrp/--w-r-x--x": "chtimes /perm/UsrGrp/--w-r-x--x: operation not permitted",
	"UsrGrp/--w-r-x-w-": "chtimes /perm/UsrGrp/--w-r-x-w-: operation not permitted",
	"UsrGrp/--w-r-x-wx": "chtimes /perm/UsrGrp/--w-r-x-wx: operation not permitted",
	"UsrGrp/--w-r-xr--": "chtimes /perm/UsrGrp/--w-r-xr--: operation not permitted",
	"UsrGrp/--w-r-xr-x": "chtimes /perm/UsrGrp/--w-r-xr-x: operation not permitted",
	"UsrGrp/--w-r-xrw-": "chtimes /perm/UsrGrp/--w-r-xrw-: operation not permitted",
	"UsrGrp/--w-r-xrwx": "chtimes /perm/UsrGrp/--w-r-xrwx: operation not permitted",
	"UsrGrp/--w-rw----": "chtimes /perm/UsrGrp/--w-rw----: operation not permitted",
	"UsrGrp/--w-rw---x": "chtimes /perm/UsrGrp/--w-rw---x: operation not permitted",
	"UsrGrp/--w-rw--w-": "chtimes /perm/UsrGrp/--w-rw--w-: operation not permitted",
	"UsrGrp/--w-rw--wx": "chtimes /perm/UsrGrp/--w-rw--wx: operation not permitted",
	"UsrGrp/--w-rw-r--": "chtimes /perm/UsrGrp/--w-rw-r--: operation not permitted",
	"UsrGrp/--w-rw-r-x": "chtimes /perm/UsrGrp/--w-rw-r-x: operation not permitted",
	"UsrGrp/--w-rw-rw-": "chtimes /perm/UsrGrp/--w-rw-rw-: operation not permitted",
	"UsrGrp/--w-rw-rwx": "chtimes /perm/UsrGrp/--w-rw-rwx: operation not permitted",
	"UsrGrp/--w-rwx---": "chtimes /perm/UsrGrp/--w-rwx---: operation not permitted",
	"UsrGrp/--w-rwx--x": "chtimes /perm/UsrGrp/--w-rwx--x: operation not permitted",
	"UsrGrp/--w-rwx-w-": "chtimes /perm/UsrGrp/--w-rwx-w-: operation not permitted",
	"UsrGrp/--w-rwx-wx": "chtimes /perm/UsrGrp/--w-rwx-wx: operation not permitted",
	"UsrGrp/--w-rwxr--": "chtimes /perm/UsrGrp/--w-rwxr--: operation not permitted",
	"UsrGrp/--w-rwxr-x": "chtimes /perm/UsrGrp/--w-rwxr-x: operation not permitted",
	"UsrGrp/--w-rwxrw-": "chtimes /perm/UsrGrp/--w-rwxrw-: operation not permitted",
	"UsrGrp/--w-rwxrwx": "chtimes /perm/UsrGrp/--w-rwxrwx: operation not permitted",
	"UsrGrp/--wx------": "chtimes /perm/UsrGrp/--wx------: operation not permitted",
	"UsrGrp/--wx-----x": "chtimes /perm/UsrGrp/--wx-----x: operation not permitted",
	"UsrGrp/--wx----w-": "chtimes /perm/UsrGrp/--wx----w-: operation not permitted",
	"UsrGrp/--wx----wx": "chtimes /perm/UsrGrp/--wx----wx: operation not permitted",
	"UsrGrp/--wx---r--": "chtimes /perm/UsrGrp/--wx---r--: operation not permitted",
	"UsrGrp/--wx---r-x": "chtimes /perm/UsrGrp/--wx---r-x: operation not permitted",
	"UsrGrp/--wx---rw-": "chtimes /perm/UsrGrp/--wx---rw-: operation not permitted",
	"UsrGrp/--wx---rwx": "chtimes /perm/UsrGrp/--wx---rwx: operation not permitted",
	"UsrGrp/--wx--x---": "chtimes /perm/UsrGrp/--wx--x---: operation not permitted",
	"UsrGrp/--wx--x--x": "chtimes /perm/UsrGrp/--wx--x--x: operation not permitted",
	"UsrGrp/--wx--x-w-": "chtimes /perm/UsrGrp/--wx--x-w-: operation not permitted",
	"UsrGrp/--wx--x-wx": "chtimes /perm/UsrGrp/--wx--x-wx: operation not permitted",
	"UsrGrp/--wx--xr--": "chtimes /perm/UsrGrp/--wx--xr--: operation not permitted",
	"UsrGrp/--wx--xr-x": "chtimes /perm/UsrGrp/--wx--xr-x: operation not permitted",
	"UsrGrp/--wx--xrw-": "chtimes /perm/UsrGrp/--wx--xrw-: operation not permitted",
	"UsrGrp/--wx--xrwx": "chtimes /perm/UsrGrp/--wx--xrwx: operation not permitted",
	"UsrGrp/--wx-w----": "chtimes /perm/UsrGrp/--wx-w----: operation not permitted",
	"UsrGrp/--wx-w---x": "chtimes /perm/UsrGrp/--wx-w---x: operation not permitted",
	"UsrGrp/--wx-w--w-": "chtimes /perm/UsrGrp/--wx-w--w-: operation not permitted",
	"UsrGrp/--wx-w--wx": "chtimes /perm/UsrGrp/--wx-w--wx: operation not permitted",
	"UsrGrp/--wx-w-r--": "chtimes /perm/UsrGrp/--wx-w-r--: operation not permitted",
	"UsrGrp/--wx-w-r-x": "chtimes /perm/UsrGrp/--wx-w-r-x: operation not permitted",
	"UsrGrp/--wx-w-rw-": "chtimes /perm/UsrGrp/--wx-w-rw-: operation not permitted",
	"UsrGrp/--wx-w-rwx": "chtimes /perm/UsrGrp/--wx-w-rwx: operation not permitted",
	"UsrGrp/--wx-wx---": "chtimes /perm/UsrGrp/--wx-wx---: operation not permitted",
	"UsrGrp/--wx-wx--x": "chtimes /perm/UsrGrp/--wx-wx--x: operation not permitted",
	"UsrGrp/--wx-wx-w-": "chtimes /perm/UsrGrp/--wx-wx-w-: operation not permitted",
	"UsrGrp/--wx-wx-wx": "chtimes /perm/UsrGrp/--wx-wx-wx: operation not permitted",
	"UsrGrp/--wx-wxr--": "chtimes /perm/UsrGrp/--wx-wxr--: operation not permitted",
	"UsrGrp/--wx-wxr-x": "chtimes /perm/UsrGrp/--wx-wxr-x: operation not permitted",
	"UsrGrp/--wx-wxrw-": "chtimes /perm/UsrGrp/--wx-wxrw-: operation not permitted",
	"UsrGrp/--wx-wxrwx": "chtimes /perm/UsrGrp/--wx-wxrwx: operation not permitted",
	"UsrGrp/--wxr-----": "chtimes /perm/UsrGrp/--wxr-----: operation not permitted",
	"UsrGrp/--wxr----x": "chtimes /perm/UsrGrp/--wxr----x: operation not permitted",
	"UsrGrp/--wxr---w-": "chtimes /perm/UsrGrp/--wxr---w-: operation not permitted",
	"UsrGrp/--wxr---wx": "chtimes /perm/UsrGrp/--wxr---wx: operation not permitted",
	"UsrGrp/--wxr--r--": "chtimes /perm/UsrGrp/--wxr--r--: operation not permitted",
	"UsrGrp/--wxr--r-x": "chtimes /perm/UsrGrp/--wxr--r-x: operation not permitted",
	"UsrGrp/--wxr--rw-": "chtimes /perm/UsrGrp/--wxr--rw-: operation not permitted",
	"UsrGrp/--wxr--rwx": "chtimes /perm/UsrGrp/--wxr--rwx: operation not permitted",
	"UsrGrp/--wxr-x---": "chtimes /perm/UsrGrp/--wxr-x---: operation not permitted",
	"UsrGrp/--wxr-x--x": "chtimes /perm/UsrGrp/--wxr-x--x: operation not permitted",
	"UsrGrp/--wxr-x-w-": "chtimes /perm/UsrGrp/--wxr-x-w-: operation not permitted",
	"UsrGrp/--wxr-x-wx": "chtimes /perm/UsrGrp/--wxr-x-wx: operation not permitted",
	"UsrGrp/--wxr-xr--": "chtimes /perm/UsrGrp/--wxr-xr--: operation not permitted",
	"UsrGrp/--wxr-xr-x": "chtimes /perm/UsrGrp/--wxr-xr-x: operation not permitted",
	"UsrGrp/--wxr-xrw-": "chtimes /perm/UsrGrp/--wxr-xrw-: operation not permitted",
	"UsrGrp/--wxr-xrwx": "chtimes /perm/UsrGrp/--wxr-xrwx: operation not permitted",
	"UsrGrp/--wxrw----": "chtimes /perm/UsrGrp/--wxrw----: operation not permitted",
	"UsrGrp/--wxrw---x": "chtimes /perm/UsrGrp/--wxrw---x: operation not permitted",
	"UsrGrp/--wxrw--w-": "chtimes /perm/UsrGrp/--wxrw--w-: operation not permitted",
	"UsrGrp/--wxrw--wx": "chtimes /perm/UsrGrp/--wxrw--wx: operation not permitted",
	"UsrGrp/--wxrw-r--": "chtimes /perm/UsrGrp/--wxrw-r--: operation not permitted",
	"UsrGrp/--wxrw-r-x": "chtimes /perm/UsrGrp/--wxrw-r-x: operation not permitted",
	"UsrGrp/--wxrw-rw-": "chtimes /perm/UsrGrp/--wxrw-rw-: operation not permitted",
	"UsrGrp/--wxrw-rwx": "chtimes /perm/UsrGrp/--wxrw-rwx: operation not permitted",
	"UsrGrp/--wxrwx---": "chtimes /perm/UsrGrp/--wxrwx---: operation not permitted",
	"UsrGrp/--wxrwx--x": "chtimes /perm/UsrGrp/--wxrwx--x: operation not permitted",
	"UsrGrp/--wxrwx-w-": "chtimes /perm/UsrGrp/--wxrwx-w-: operation not permitted",
	"UsrGrp/--wxrwx-wx": "chtimes /perm/UsrGrp/--wxrwx-wx: operation not permitted",
	"UsrGrp/--wxrwxr--": "chtimes /perm/UsrGrp/--wxrwxr--: operation not permitted",
	"UsrGrp/--wxrwxr-x": "chtimes /perm/UsrGrp/--wxrwxr-x: operation not permitted",
	"UsrGrp/--wxrwxrw-": "chtimes /perm/UsrGrp/--wxrwxrw-: operation not permitted",
	"UsrGrp/--wxrwxrwx": "chtimes /perm/UsrGrp/--wxrwxrwx: operation not permitted",
	"UsrGrp/-r--------": "chtimes /perm/UsrGrp/-r--------: operation not permitted",
	"UsrGrp/-r-------x": "chtimes /perm/UsrGrp/-r-------x: operation not permitted",
	"UsrGrp/-r------w-": "chtimes /perm/UsrGrp/-r------w-: operation not permitted",
	"UsrGrp/-r------wx": "chtimes /perm/UsrGrp/-r------wx: operation not permitted",
	"UsrGrp/-r-----r--": "chtimes /perm/UsrGrp/-r-----r--: operation not permitted",
	"UsrGrp/-r-----r-x": "chtimes /perm/UsrGrp/-r-----r-x: operation not permitted",
	"UsrGrp/-r-----rw-": "chtimes /perm/UsrGrp/-r-----rw-: operation not permitted",
	"UsrGrp/-r-----rwx": "chtimes /perm/UsrGrp/-r-----rwx: operation not permitted",
	"UsrGrp/-r----x---": "chtimes /perm/UsrGrp/-r----x---: operation not permitted",
	"UsrGrp/-r----x--x": "chtimes /perm/UsrGrp/-r----x--x: operation not permitted",
	"UsrGrp/-r----x-w-": "chtimes /perm/UsrGrp/-r----x-w-: operation not permitted",
	"UsrGrp/-r----x-wx": "chtimes /perm/UsrGrp/-r----x-wx: operation not permitted",
	"UsrGrp/-r----xr--": "chtimes /perm/UsrGrp/-r----xr--: operation not permitted",
	"UsrGrp/-r----xr-x": "chtimes /perm/UsrGrp/-r----xr-x: operation not permitted",
	"UsrGrp/-r----xrw-": "chtimes /perm/UsrGrp/-r----xrw-: operation not permitted",
	"UsrGrp/-r----xrwx": "chtimes /perm/UsrGrp/-r----xrwx: operation not permitted",
	"UsrGrp/-r---w----": "chtimes /perm/UsrGrp/-r---w----: operation not permitted",
	"UsrGrp/-r---w---x": "chtimes /perm/UsrGrp/-r---w---x: operation not permitted",
	"UsrGrp/-r---w--w-": "chtimes /perm/UsrGrp/-r---w--w-: operation not permitted",
	"UsrGrp/-r---w--wx": "chtimes /perm/UsrGrp/-r---w--wx: operation not permitted",
	"UsrGrp/-r---w-r--": "chtimes /perm/UsrGrp/-r---w-r--: operation not permitted",
	"UsrGrp/-r---w-r-x": "chtimes /perm/UsrGrp/-r---w-r-x: operation not permitted",
	"UsrGrp/-r---w-rw-": "chtimes /perm/UsrGrp/-r---w-rw-: operation not permitted",
	"UsrGrp/-r---w-rwx": "chtimes /perm/UsrGrp/-r---w-rwx: operation not permitted",
	"UsrGrp/-r---wx---": "chtimes /perm/UsrGrp/-r---wx---: operation not permitted",
	"UsrGrp/-r---wx--x": "chtimes /perm/UsrGrp/-r---wx--x: operation not permitted",
	"UsrGrp/-r---wx-w-": "chtimes /perm/UsrGrp/-r---wx-w-: operation not permitted",
	"UsrGrp/-r---wx-wx": "chtimes /perm/UsrGrp/-r---wx-wx: operation not permitted",
	"UsrGrp/-r---wxr--": "chtimes /perm/UsrGrp/-r---wxr--: operation not permitted",
	"UsrGrp/-r---wxr-x": "chtimes /perm/UsrGrp/-r---wxr-x: operation not permitted",
	"UsrGrp/-r---wxrw-": "chtimes /perm/UsrGrp/-r---wxrw-: operation not permitted",
	"UsrGrp/-r---wxrwx": "chtimes /perm/UsrGrp/-r---wxrwx: operation not permitted",
	"UsrGrp/-r--r-----": "chtimes /perm/UsrGrp/-r--r-----: operation not permitted",
	"UsrGrp/-r--r----x": "chtimes /perm/UsrGrp/-r--r----x: operation not permitted",
	"UsrGrp/-r--r---w-": "chtimes /perm/UsrGrp/-r--r---w-: operation not permitted",
	"UsrGrp/-r--r---wx": "chtimes /perm/UsrGrp/-r--r---wx: operation not permitted",
	"UsrGrp/-r--r--r--": "chtimes /perm/UsrGrp/-r--r--r--: operation not permitted",
	"UsrGrp/-r--r--r-x": "chtimes /perm/UsrGrp/-r--r--r-x: operation not permitted",
	"UsrGrp/-r--r--rw-": "chtimes /perm/UsrGrp/-r--r--rw-: operation not permitted",
	"UsrGrp/-r--r--rwx": "chtimes /perm/UsrGrp/-r--r--rwx: operation not permitted",
	"UsrGrp/-r--r-x---": "chtimes /perm/UsrGrp/-r--r-x---: operation not permitted",
	"UsrGrp/-r--r-x--x": "chtimes /perm/UsrGrp/-r--r-x--x: operation not permitted",
	"UsrGrp/-r--r-x-w-": "chtimes /perm/UsrGrp/-r--r-x-w-: operation not permitted",
	"UsrGrp/-r--r-x-wx": "chtimes /perm/UsrGrp/-r--r-x-wx: operation not permitted",
	"UsrGrp/-r--r-xr--": "chtimes /perm/UsrGrp/-r--r-xr--: operation not permitted",
	"UsrGrp/-r--r-xr-x": "chtimes /perm/UsrGrp/-r--r-xr-x: operation not permitted",
	"UsrGrp/-r--r-xrw-": "chtimes /perm/UsrGrp/-r--r-xrw-: operation not permitted",
	"UsrGrp/-r--r-xrwx": "chtimes /perm/UsrGrp/-r--r-xrwx: operation not permitted",
	"UsrGrp/-r--rw----": "chtimes /perm/UsrGrp/-r--rw----: operation not permitted",
	"UsrGrp/-r--rw---x": "chtimes /perm/UsrGrp/-r--rw---x: operation not permitted",
	"UsrGrp/-r--rw--w-": "chtimes /perm/UsrGrp/-r--rw--w-: operation not permitted",
	"UsrGrp/-r--rw--wx": "chtimes /perm/UsrGrp/-r--rw--wx: operation not permitted",
	"UsrGrp/-r--rw-r--": "chtimes /perm/UsrGrp/-r--rw-r--: operation not permitted",
	"UsrGrp/-r--rw-r-x": "chtimes /perm/UsrGrp/-r--rw-r-x: operation not permitted",
	"UsrGrp/-r--rw-rw-": "chtimes /perm/UsrGrp/-r--rw-rw-: operation not permitted",
	"UsrGrp/-r--rw-rwx": "chtimes /perm/UsrGrp/-r--rw-rwx: operation not permitted",
	"UsrGrp/-r--rwx---": "chtimes /perm/UsrGrp/-r--rwx---: operation not permitted",
	"UsrGrp/-r--rwx--x": "chtimes /perm/UsrGrp/-r--rwx--x: operation not permitted",
	"UsrGrp/-r--rwx-w-": "chtimes /perm/UsrGrp/-r--rwx-w-: operation not permitted",
	"UsrGrp/-r--rwx-wx": "chtimes /perm/UsrGrp/-r--rwx-wx: operation not permitted",
	"UsrGrp/-r--rwxr--": "chtimes /perm/UsrGrp/-r--rwxr--: operation not permitted",
	"UsrGrp/-r--rwxr-x": "chtimes /perm/UsrGrp/-r--rwxr-x: operation not permitted",
	"UsrGrp/-r--rwxrw-": "chtimes /perm/UsrGrp/-r--rwxrw-: operation not permitted",
	"UsrGrp/-r--rwxrwx": "chtimes /perm/UsrGrp/-r--rwxrwx: operation not permitted",
	"UsrGrp/-r-x------": "chtimes /perm/UsrGrp/-r-x------: operation not permitted",
	"UsrGrp/-r-x-----x": "chtimes /perm/UsrGrp/-r-x-----x: operation not permitted",
	"UsrGrp/-r-x----w-": "chtimes /perm/UsrGrp/-r-x----w-: operation not permitted",
	"UsrGrp/-r-x----wx": "chtimes /perm/UsrGrp/-r-x----wx: operation not permitted",
	"UsrGrp/-r-x---r--": "chtimes /perm/UsrGrp/-r-x---r--: operation not permitted",
	"UsrGrp/-r-x---r-x": "chtimes /perm/UsrGrp/-r-x---r-x: operation not permitted",
	"UsrGrp/-r-x---rw-": "chtimes /perm/UsrGrp/-r-x---rw-: operation not permitted",
	"UsrGrp/-r-x---rwx": "chtimes /perm/UsrGrp/-r-x---rwx: operation not permitted",
	"UsrGrp/-r-x--x---": "chtimes /perm/UsrGrp/-r-x--x---: operation not permitted",
	"UsrGrp/-r-x--x--x": "chtimes /perm/UsrGrp/-r-x--x--x: operation not permitted",
	"UsrGrp/-r-x--x-w-": "chtimes /perm/UsrGrp/-r-x--x-w-: operation not permitted",
	"UsrGrp/-r-x--x-wx": "chtimes /perm/UsrGrp/-r-x--x-wx: operation not permitted",
	"UsrGrp/-r-x--xr--": "chtimes /perm/UsrGrp/-r-x--xr--: operation not permitted",
	"UsrGrp/-r-x--xr-x": "chtimes /perm/UsrGrp/-r-x--xr-x: operation not permitted",
	"UsrGrp/-r-x--xrw-": "chtimes /perm/UsrGrp/-r-x--xrw-: operation not permitted",
	"UsrGrp/-r-x--xrwx": "chtimes /perm/UsrGrp/-r-x--xrwx: operation not permitted",
	"UsrGrp/-r-x-w----": "chtimes /perm/UsrGrp/-r-x-w----: operation not permitted",
	"UsrGrp/-r-x-w---x": "chtimes /perm/UsrGrp/-r-x-w---x: operation not permitted",
	"UsrGrp/-r-x-w--w-": "chtimes /perm/UsrGrp/-r-x-w--w-: operation not permitted",
	"UsrGrp/-r-x-w--wx": "chtimes /perm/UsrGrp/-r-x-w--wx: operation not permitted",
	"UsrGrp/-r-x-w-r--": "chtimes /perm/UsrGrp/-r-x-w-r--: operation not permitted",
	"UsrGrp/-r-x-w-r-x": "chtimes /perm/UsrGrp/-r-x-w-r-x: operation not permitted",
	"UsrGrp/-r-x-w-rw-": "chtimes /perm/UsrGrp/-r-x-w-rw-: operation not permitted",
	"UsrGrp/-r-x-w-rwx": "chtimes /perm/UsrGrp/-r-x-w-rwx: operation not permitted",
	"UsrGrp/-r-x-wx---": "chtimes /perm/UsrGrp/-r-x-wx---: operation not permitted",
	"UsrGrp/-r-x-wx--x": "chtimes /perm/UsrGrp/-r-x-wx--x: operation not permitted",
	"UsrGrp/-r-x-wx-w-": "chtimes /perm/UsrGrp/-r-x-wx-w-: operation not permitted",
	"UsrGrp/-r-x-wx-wx": "chtimes /perm/UsrGrp/-r-x-wx-wx: operation not permitted",
	"UsrGrp/-r-x-wxr--": "chtimes /perm/UsrGrp/-r-x-wxr--: operation not permitted",
	"UsrGrp/-r-x-wxr-x": "chtimes /perm/UsrGrp/-r-x-wxr-x: operation not permitted",
	"UsrGrp/-r-x-wxrw-": "chtimes /perm/UsrGrp/-r-x-wxrw-: operation not permitted",
	"UsrGrp/-r-x-wxrwx": "chtimes /perm/UsrGrp/-r-x-wxrwx: operation not permitted",
	"UsrGrp/-r-xr-----": "chtimes /perm/UsrGrp/-r-xr-----: operation not permitted",
	"UsrGrp/-r-xr----x": "chtimes /perm/UsrGrp/-r-xr----x: operation not permitted",
	"UsrGrp/-r-xr---w-": "chtimes /perm/UsrGrp/-r-xr---w-: operation not permitted",
	"UsrGrp/-r-xr---wx": "chtimes /perm/UsrGrp/-r-xr---wx: operation not permitted",
	"UsrGrp/-r-xr--r--": "chtimes /perm/UsrGrp/-r-xr--r--: operation not permitted",
	"UsrGrp/-r-xr--r-x": "chtimes /perm/UsrGrp/-r-xr--r-x: operation not permitted",
	"UsrGrp/-r-xr--rw-": "chtimes /perm/UsrGrp/-r-xr--rw-: operation not permitted",
	"UsrGrp/-r-xr--rwx": "chtimes /perm/UsrGrp/-r-xr--rwx: operation not permitted",
	"UsrGrp/-r-xr-x---": "chtimes /perm/UsrGrp/-r-xr-x---: operation not permitted",
	"UsrGrp/-r-xr-x--x": "chtimes /perm/UsrGrp/-r-xr-x--x: operation not permitted",
	"UsrGrp/-r-xr-x-w-": "chtimes /perm/UsrGrp/-r-xr-x-w-: operation not permitted",
	"UsrGrp/-r-xr-x-wx": "chtimes /perm/UsrGrp/-r-xr-x-wx: operation not permitted",
	"UsrGrp/-r-xr-xr--": "chtimes /perm/UsrGrp/-r-xr-xr--: operation not permitted",
	"UsrGrp/-r-xr-xr-x": "chtimes /perm/UsrGrp/-r-xr-xr-x: operation not permitted",
	"UsrGrp/-r-xr-xrw-": "chtimes /perm/UsrGrp/-r-xr-xrw-: operation not permitted",
	"UsrGrp/-r-xr-xrwx": "chtimes /perm/UsrGrp/-r-xr-xrwx: operation not permitted",
	"UsrGrp/-r-xrw----": "chtimes /perm/UsrGrp/-r-xrw----: operation not permitted",
	"UsrGrp/-r-xrw---x": "chtimes /perm/UsrGrp/-r-xrw---x: operation not permitted",
	"UsrGrp/-r-xrw--w-": "chtimes /perm/UsrGrp/-r-xrw--w-: operation not permitted",
	"UsrGrp/-r-xrw--wx": "chtimes /perm/UsrGrp/-r-xrw--wx: operation not permitted",
	"UsrGrp/-r-xrw-r--": "chtimes /perm/UsrGrp/-r-xrw-r--: operation not permitted",
	"UsrGrp/-r-xrw-r-x": "chtimes /perm/UsrGrp/-r-xrw-r-x: operation not permitted",
	"UsrGrp/-r-xrw-rw-": "chtimes /perm/UsrGrp/-r-xrw-rw-: operation not permitted",
	"UsrGrp/-r-xrw-rwx": "chtimes /perm/UsrGrp/-r-xrw-rwx: operation not permitted",
	"UsrGrp/-r-xrwx---": "chtimes /perm/UsrGrp/-r-xrwx---: operation not permitted",
	"UsrGrp/-r-xrwx--x": "chtimes /perm/UsrGrp/-r-xrwx--x: operation not permitted",
	"UsrGrp/-r-xrwx-w-": "chtimes /perm/UsrGrp/-r-xrwx-w-: operation not permitted",
	"UsrGrp/-r-xrwx-wx": "chtimes /perm/UsrGrp/-r-xrwx-wx: operation not permitted",
	"UsrGrp/-r-xrwxr--": "chtimes /perm/UsrGrp/-r-xrwxr--: operation not permitted",
	"UsrGrp/-r-xrwxr-x": "chtimes /perm/UsrGrp/-r-xrwxr-x: operation not permitted",
	"UsrGrp/-r-xrwxrw-": "chtimes /perm/UsrGrp/-r-xrwxrw-: operation not permitted",
	"UsrGrp/-r-xrwxrwx": "chtimes /perm/UsrGrp/-r-xrwxrwx: operation not permitted",
	"UsrGrp/-rw-------": "chtimes /perm/UsrGrp/-rw-------: operation not permitted",
	"UsrGrp/-rw------x": "chtimes /perm/UsrGrp/-rw------x: operation not permitted",
	"UsrGrp/-rw-----w-": "chtimes /perm/UsrGrp/-rw-----w-: operation not permitted",
	"UsrGrp/-rw-----wx": "chtimes /perm/UsrGrp/-rw-----wx: operation not permitted",
	"UsrGrp/-rw----r--": "chtimes /perm/UsrGrp/-rw----r--: operation not permitted",
	"UsrGrp/-rw----r-x": "chtimes /perm/UsrGrp/-rw----r-x: operation not permitted",
	"UsrGrp/-rw----rw-": "chtimes /perm/UsrGrp/-rw----rw-: operation not permitted",
	"UsrGrp/-rw----rwx": "chtimes /perm/UsrGrp/-rw----rwx: operation not permitted",
	"UsrGrp/-rw---x---": "chtimes /perm/UsrGrp/-rw---x---: operation not permitted",
	"UsrGrp/-rw---x--x": "chtimes /perm/UsrGrp/-rw---x--x: operation not permitted",
	"UsrGrp/-rw---x-w-": "chtimes /perm/UsrGrp/-rw---x-w-: operation not permitted",
	"UsrGrp/-rw---x-wx": "chtimes /perm/UsrGrp/-rw---x-wx: operation not permitted",
	"UsrGrp/-rw---xr--": "chtimes /perm/UsrGrp/-rw---xr--: operation not permitted",
	"UsrGrp/-rw---xr-x": "chtimes /perm/UsrGrp/-rw---xr-x: operation not permitted",
	"UsrGrp/-rw---xrw-": "chtimes /perm/UsrGrp/-rw---xrw-: operation not permitted",
	"UsrGrp/-rw---xrwx": "chtimes /perm/UsrGrp/-rw---xrwx: operation not permitted",
	"UsrGrp/-rw--w----": "chtimes /perm/UsrGrp/-rw--w----: operation not permitted",
	"UsrGrp/-rw--w---x": "chtimes /perm/UsrGrp/-rw--w---x: operation not permitted",
	"UsrGrp/-rw--w--w-": "chtimes /perm/UsrGrp/-rw--w--w-: operation not permitted",
	"UsrGrp/-rw--w--wx": "chtimes /perm/UsrGrp/-rw--w--wx: operation not permitted",
	"UsrGrp/-rw--w-r--": "chtimes /perm/UsrGrp/-rw--w-r--: operation not permitted",
	"UsrGrp/-rw--w-r-x": "chtimes /perm/UsrGrp/-rw--w-r-x: operation not permitted",
	"UsrGrp/-rw--w-rw-": "chtimes /perm/UsrGrp/-rw--w-rw-: operation not permitted",
	"UsrGrp/-rw--w-rwx": "chtimes /perm/UsrGrp/-rw--w-rwx: operation not permitted",
	"UsrGrp/-rw--wx---": "chtimes /perm/UsrGrp/-rw--wx---: operation not permitted",
	"UsrGrp/-rw--wx--x": "chtimes /perm/UsrGrp/-rw--wx--x: operation not permitted",
	"UsrGrp/-rw--wx-w-": "chtimes /perm/UsrGrp/-rw--wx-w-: operation not permitted",
	"UsrGrp/-rw--wx-wx": "chtimes /perm/UsrGrp/-rw--wx-wx: operation not permitted",
	"UsrGrp/-rw--wxr--": "chtimes /perm/UsrGrp/-rw--wxr--: operation not permitted",
	"UsrGrp/-rw--wxr-x": "chtimes /perm/UsrGrp/-rw--wxr-x: operation not permitted",
	"UsrGrp/-rw--wxrw-": "chtimes /perm/UsrGrp/-rw--wxrw-: operation not permitted",
	"UsrGrp/-rw--wxrwx": "chtimes /perm/UsrGrp/-rw--wxrwx: operation not permitted",
	"UsrGrp/-rw-r-----": "chtimes /perm/UsrGrp/-rw-r-----: operation not permitted",
	"UsrGrp/-rw-r----x": "chtimes /perm/UsrGrp/-rw-r----x: operation not permitted",
	"UsrGrp/-rw-r---w-": "chtimes /perm/UsrGrp/-rw-r---w-: operation not permitted",
	"UsrGrp/-rw-r---wx": "chtimes /perm/UsrGrp/-rw-r---wx: operation not permitted",
	"UsrGrp/-rw-r--r--": "chtimes /perm/UsrGrp/-rw-r--r--: operation not permitted",
	"UsrGrp/-rw-r--r-x": "chtimes /perm/UsrGrp/-rw-r--r-x: operation not permitted",
	"UsrGrp/-rw-r--rw-": "chtimes /perm/UsrGrp/-rw-r--rw-: operation not permitted",
	"UsrGrp/-rw-r--rwx": "chtimes /perm/UsrGrp/-rw-r--rwx: operation not permitted",
	"UsrGrp/-rw-r-x---": "chtimes /perm/UsrGrp/-rw-r-x---: operation not permitted",
	"UsrGrp/-rw-r-x--x": "chtimes /perm/UsrGrp/-rw-r-x--x: operation not permitted",
	"UsrGrp/-rw-r-x-w-": "chtimes /perm/UsrGrp/-rw-r-x-w-: operation not permitted",
	"UsrGrp/-rw-r-x-wx": "chtimes /perm/UsrGrp/-rw-r-x-wx: operation not permitted",
	"UsrGrp/-rw-r-xr--": "chtimes /perm/UsrGrp/-rw-r-xr--: operation not permitted",
	"UsrGrp/-rw-r-xr-x": "chtimes /perm/UsrGrp/-rw-r-xr-x: operation not permitted",
	"UsrGrp/-rw-r-xrw-": "chtimes /perm/UsrGrp/-rw-r-xrw-: operation not permitted",
	"UsrGrp/-rw-r-xrwx": "chtimes /perm/UsrGrp/-rw-r-xrwx: operation not permitted",
	"UsrGrp/-rw-rw----": "chtimes /perm/UsrGrp/-rw-rw----: operation not permitted",
	"UsrGrp/-rw-rw---x": "chtimes /perm/UsrGrp/-rw-rw---x: operation not permitted",
	"UsrGrp/-rw-rw--w-": "chtimes /perm/UsrGrp/-rw-rw--w-: operation not permitted",
	"UsrGrp/-rw-rw--wx": "chtimes /perm/UsrGrp/-rw-rw--wx: operation not permitted",
	"UsrGrp/-rw-rw-r--": "chtimes /perm/UsrGrp/-rw-rw-r--: operation not permitted",
	"UsrGrp/-rw-rw-r-x": "chtimes /perm/UsrGrp/-rw-rw-r-x: operation not permitted",
	"UsrGrp/-rw-rw-rw-": "chtimes /perm/UsrGrp/-rw-rw-rw-: operation not permitted",
	"UsrGrp/-rw-rw-rwx": "chtimes /perm/UsrGrp/-rw-rw-rwx: operation not permitted",
	"UsrGrp/-rw-rwx---": "chtimes /perm/UsrGrp/-rw-rwx---: operation not permitted",
	"UsrGrp/-rw-rwx--x": "chtimes /perm/UsrGrp/-rw-rwx--x: operation not permitted",
	"UsrGrp/-rw-rwx-w-": "chtimes /perm/UsrGrp/-rw-rwx-w-: operation not permitted",
	"UsrGrp/-rw-rwx-wx": "chtimes /perm/UsrGrp/-rw-rwx-wx: operation not permitted",
	"UsrGrp/-rw-rwxr--": "chtimes /perm/UsrGrp/-rw-rwxr--: operation not permitted",
	"UsrGrp/-rw-rwxr-x": "chtimes /perm/UsrGrp/-rw-rwxr-x: operation not permitted",
	"UsrGrp/-rw-rwxrw-": "chtimes /perm/UsrGrp/-rw-rwxrw-: operation not permitted",
	"UsrGrp/-rw-rwxrwx": "chtimes /perm/UsrGrp/-rw-rwxrwx: operation not permitted",
	"UsrGrp/-rwx------": "chtimes /perm/UsrGrp/-rwx------: operation not permitted",
	"UsrGrp/-rwx-----x": "chtimes /perm/UsrGrp/-rwx-----x: operation not permitted",
	"UsrGrp/-rwx----w-": "chtimes /perm/UsrGrp/-rwx----w-: operation not permitted",
	"UsrGrp/-rwx----wx": "chtimes /perm/UsrGrp/-rwx----wx: operation not permitted",
	"UsrGrp/-rwx---r--": "chtimes /perm/UsrGrp/-rwx---r--: operation not permitted",
	"UsrGrp/-rwx---r-x": "chtimes /perm/UsrGrp/-rwx---r-x: operation not permitted",
	"UsrGrp/-rwx---rw-": "chtimes /perm/UsrGrp/-rwx---rw-: operation not permitted",
	"UsrGrp/-rwx---rwx": "chtimes /perm/UsrGrp/-rwx---rwx: operation not permitted",
	"UsrGrp/-rwx--x---": "chtimes /perm/UsrGrp/-rwx--x---: operation not permitted",
	"UsrGrp/-rwx--x--x": "chtimes /perm/UsrGrp/-rwx--x--x: operation not permitted",
	"UsrGrp/-rwx--x-w-": "chtimes /perm/UsrGrp/-rwx--x-w-: operation not permitted",
	"UsrGrp/-rwx--x-wx": "chtimes /perm/UsrGrp/-rwx--x-wx: operation not permitted",
	"UsrGrp/-rwx--xr--": "chtimes /perm/UsrGrp/-rwx--xr--: operation not permitted",
	"UsrGrp/-rwx--xr-x": "chtimes /perm/UsrGrp/-rwx--xr-x: operation not permitted",
	"UsrGrp/-rwx--xrw-": "chtimes /perm/UsrGrp/-rwx--xrw-: operation not permitted",
	"UsrGrp/-rwx--xrwx": "chtimes /perm/UsrGrp/-rwx--xrwx: operation not permitted",
	"UsrGrp/-rwx-w----": "chtimes /perm/UsrGrp/-rwx-w----: operation not permitted",
	"UsrGrp/-rwx-w---x": "chtimes /perm/UsrGrp/-rwx-w---x: operation not permitted",
	"UsrGrp/-rwx-w--w-": "chtimes /perm/UsrGrp/-rwx-w--w-: operation not permitted",
	"UsrGrp/-rwx-w--wx": "chtimes /perm/UsrGrp/-rwx-w--wx: operation not permitted",
	"UsrGrp/-rwx-w-r--": "chtimes /perm/UsrGrp/-rwx-w-r--: operation not permitted",
	"UsrGrp/-rwx-w-r-x": "chtimes /perm/UsrGrp/-rwx-w-r-x: operation not permitted",
	"UsrGrp/-rwx-w-rw-": "chtimes /perm/UsrGrp/-rwx-w-rw-: operation not permitted",
	"UsrGrp/-rwx-w-rwx": "chtimes /perm/UsrGrp/-rwx-w-rwx: operation not permitted",
	"UsrGrp/-rwx-wx---": "chtimes /perm/UsrGrp/-rwx-wx---: operation not permitted",
	"UsrGrp/-rwx-wx--x": "chtimes /perm/UsrGrp/-rwx-wx--x: operation not permitted",
	"UsrGrp/-rwx-wx-w-": "chtimes /perm/UsrGrp/-rwx-wx-w-: operation not permitted",
	"UsrGrp/-rwx-wx-wx": "chtimes /perm/UsrGrp/-rwx-wx-wx: operation not permitted",
	"UsrGrp/-rwx-wxr--": "chtimes /perm/UsrGrp/-rwx-wxr--: operation not permitted",
	"UsrGrp/-rwx-wxr-x": "chtimes /perm/UsrGrp/-rwx-wxr-x: operation not permitted",
	"UsrGrp/-rwx-wxrw-": "chtimes /perm/UsrGrp/-rwx-wxrw-: operation not permitted",
	"UsrGrp/-rwx-wxrwx": "chtimes /perm/UsrGrp/-rwx-wxrwx: operation not permitted",
	"UsrGrp/-rwxr-----": "chtimes /perm/UsrGrp/-rwxr-----: operation not permitted",
	"UsrGrp/-rwxr----x": "chtimes /perm/UsrGrp/-rwxr----x: operation not permitted",
	"UsrGrp/-rwxr---w-": "chtimes /perm/UsrGrp/-rwxr---w-: operation not permitted",
	"UsrGrp/-rwxr---wx": "chtimes /perm/UsrGrp/-rwxr---wx: operation not permitted",
	"UsrGrp/-rwxr--r--": "chtimes /perm/UsrGrp/-rwxr--r--: operation not permitted",
	"UsrGrp/-rwxr--r-x": "chtimes /perm/UsrGrp/-rwxr--r-x: operation not permitted",
	"UsrGrp/-rwxr--rw-": "chtimes /perm/UsrGrp/-rwxr--rw-: operation not permitted",
	"UsrGrp/-rwxr--rwx": "chtimes /perm/UsrGrp/-rwxr--rwx: operation not permitted",
	"UsrGrp/-rwxr-x---": "chtimes /perm/UsrGrp/-rwxr-x---: operation not permitted",
	"UsrGrp/-rwxr-x--x": "chtimes /perm/UsrGrp/-rwxr-x--x: operation not permitted",
	"UsrGrp/-rwxr-x-w-": "chtimes /perm/UsrGrp/-rwxr-x-w-: operation not permitted",
	"UsrGrp/-rwxr-x-wx": "chtimes /perm/UsrGrp/-rwxr-x-wx: operation not permitted",
	"UsrGrp/-rwxr-xr--": "chtimes /perm/UsrGrp/-rwxr-xr--: operation not permitted",
	"UsrGrp/-rwxr-xr-x": "chtimes /perm/UsrGrp/-rwxr-xr-x: operation not permitted",
	"UsrGrp/-rwxr-xrw-": "chtimes /perm/UsrGrp/-rwxr-xrw-: operation not permitted",
	"UsrGrp/-rwxr-xrwx": "chtimes /perm/UsrGrp/-rwxr-xrwx: operation not permitted",
	"UsrGrp/-rwxrw----": "chtimes /perm/UsrGrp/-rwxrw----: operation not permitted",
	"UsrGrp/-rwxrw---x": "chtimes /perm/UsrGrp/-rwxrw---x: operation not permitted",
	"UsrGrp/-rwxrw--w-": "chtimes /perm/UsrGrp/-rwxrw--w-: operation not permitted",
	"UsrGrp/-rwxrw--wx": "chtimes /perm/UsrGrp/-rwxrw--wx: operation not permitted",
	"UsrGrp/-rwxrw-r--": "chtimes /perm/UsrGrp/-rwxrw-r--: operation not permitted",
	"UsrGrp/-rwxrw-r-x": "chtimes /perm/UsrGrp/-rwxrw-r-x: operation not permitted",
	"UsrGrp/-rwxrw-rw-": "chtimes /perm/UsrGrp/-rwxrw-rw-: operation not permitted",
	"UsrGrp/-rwxrw-rwx": "chtimes /perm/UsrGrp/-rwxrw-rwx: operation not permitted",
	"UsrGrp/-rwxrwx---": "chtimes /perm/UsrGrp/-rwxrwx---: operation not permitted",
	"UsrGrp/-rwxrwx--x": "chtimes /perm/UsrGrp/-rwxrwx--x: operation not permitted",
	"UsrGrp/-rwxrwx-w-": "chtimes /perm/UsrGrp/-rwxrwx-w-: operation not permitted",
	"UsrGrp/-rwxrwx-wx": "chtimes /perm/UsrGrp/-rwxrwx-wx: operation not permitted",
	"UsrGrp/-rwxrwxr--": "chtimes /perm/UsrGrp/-rwxrwxr--: operation not permitted",
	"UsrGrp/-rwxrwxr-x": "chtimes /perm/UsrGrp/-rwxrwxr-x: operation not permitted",
	"UsrGrp/-rwxrwxrw-": "chtimes /perm/UsrGrp/-rwxrwxrw-: operation not permitted",
	"UsrGrp/-rwxrwxrwx": "chtimes /perm/UsrGrp/-rwxrwxrwx: operation not permitted",
	"UsrOth/----------": "chtimes /perm/UsrOth/----------: operation not permitted",
	"UsrOth/---------x": "chtimes /perm/UsrOth/---------x: operation not permitted",
	"UsrOth/--------w-": "chtimes /perm/UsrOth/--------w-: operation not permitted",
	"UsrOth/--------wx": "chtimes /perm/UsrOth/--------wx: operation not permitted",
	"UsrOth/-------r--": "chtimes /perm/UsrOth/-------r--: operation not permitted",
	"UsrOth/-------r-x": "chtimes /perm/UsrOth/-------r-x: operation not permitted",
	"UsrOth/-------rw-": "chtimes /perm/UsrOth/-------rw-: operation not permitted",
	"UsrOth/-------rwx": "chtimes /perm/UsrOth/-------rwx: operation not permitted",
	"UsrOth/------x---": "chtimes /perm/UsrOth/------x---: operation not permitted",
	"UsrOth/------x--x": "chtimes /perm/UsrOth/------x--x: operation not permitted",
	"UsrOth/------x-w-": "chtimes /perm/UsrOth/------x-w-: operation not permitted",
	"UsrOth/------x-wx": "chtimes /perm/UsrOth/------x-wx: operation not permitted",
	"UsrOth/------xr--": "chtimes /perm/UsrOth/------xr--: operation not permitted",
	"UsrOth/------xr-x": "chtimes /perm/UsrOth/------xr-x: operation not permitted",
	"UsrOth/------xrw-": "chtimes /perm/UsrOth/------xrw-: operation not permitted",
	"UsrOth/------xrwx": "chtimes /perm/UsrOth/------xrwx: operation not permitted",
	"UsrOth/-----w----": "chtimes /perm/UsrOth/-----w----: operation not permitted",
	"UsrOth/-----w---x": "chtimes /perm/UsrOth/-----w---x: operation not permitted",
	"UsrOth/-----w--w-": "chtimes /perm/UsrOth/-----w--w-: operation not permitted",
	"UsrOth/-----w--wx": "chtimes /perm/UsrOth/-----w--wx: operation not permitted",
	"UsrOth/-----w-r--": "chtimes /perm/UsrOth/-----w-r--: operation not permitted",
	"UsrOth/-----w-r-x": "chtimes /perm/UsrOth/-----w-r-x: operation not permitted",
	"UsrOth/-----w-rw-": "chtimes /perm/UsrOth/-----w-rw-: operation not permitted",
	"UsrOth/-----w-rwx": "chtimes /perm/UsrOth/-----w-rwx: operation not permitted",
	"UsrOth/-----wx---": "chtimes /perm/UsrOth/-----wx---: operation not permitted",
	"UsrOth/-----wx--x": "chtimes /perm/UsrOth/-----wx--x: operation not permitted",
	"UsrOth/-----wx-w-": "chtimes /perm/UsrOth/-----wx-w-: operation not permitted",
	"UsrOth/-----wx-wx": "chtimes /perm/UsrOth/-----wx-wx: operation not permitted",
	"UsrOth/-----wxr--": "chtimes /perm/UsrOth/-----wxr--: operation not permitted",
	"UsrOth/-----wxr-x": "chtimes /perm/UsrOth/-----wxr-x: operation not permitted",
	"UsrOth/-----wxrw-": "chtimes /perm/UsrOth/-----wxrw-: operation not permitted",
	"UsrOth/-----wxrwx": "chtimes /perm/UsrOth/-----wxrwx: operation not permitted",
	"UsrOth/----r-----": "chtimes /perm/UsrOth/----r-----: operation not permitted",
	"UsrOth/----r----x": "chtimes /perm/UsrOth/----r----x: operation not permitted",
	"UsrOth/----r---w-": "chtimes /perm/UsrOth/----r---w-: operation not permitted",
	"UsrOth/----r---wx": "chtimes /perm/UsrOth/----r---wx: operation not permitted",
	"UsrOth/----r--r--": "chtimes /perm/UsrOth/----r--r--: operation not permitted",
	"UsrOth/----r--r-x": "chtimes /perm/UsrOth/----r--r-x: operation not permitted",
	"UsrOth/----r--rw-": "chtimes /perm/UsrOth/----r--rw-: operation not permitted",
	"UsrOth/----r--rwx": "chtimes /perm/UsrOth/----r--rwx: operation not permitted",
	"UsrOth/----r-x---": "chtimes /perm/UsrOth/----r-x---: operation not permitted",
	"UsrOth/----r-x--x": "chtimes /perm/UsrOth/----r-x--x: operation not permitted",
	"UsrOth/----r-x-w-": "chtimes /perm/UsrOth/----r-x-w-: operation not permitted",
	"UsrOth/----r-x-wx": "chtimes /perm/UsrOth/----r-x-wx: operation not permitted",
	"UsrOth/----r-xr--": "chtimes /perm/UsrOth/----r-xr--: operation not permitted",
	"UsrOth/----r-xr-x": "chtimes /perm/UsrOth/----r-xr-x: operation not permitted",
	"UsrOth/----r-xrw-": "chtimes /perm/UsrOth/----r-xrw-: operation not permitted",
	"UsrOth/----r-xrwx": "chtimes /perm/UsrOth/----r-xrwx: operation not permitted",
	"UsrOth/----rw----": "chtimes /perm/UsrOth/----rw----: operation not permitted",
	"UsrOth/----rw---x": "chtimes /perm/UsrOth/----rw---x: operation not permitted",
	"UsrOth/----rw--w-": "chtimes /perm/UsrOth/----rw--w-: operation not permitted",
	"UsrOth/----rw--wx": "chtimes /perm/UsrOth/----rw--wx: operation not permitted",
	"UsrOth/----rw-r--": "chtimes /perm/UsrOth/----rw-r--: operation not permitted",
	"UsrOth/----rw-r-x": "chtimes /perm/UsrOth/----rw-r-x: operation not permitted",
	"UsrOth/----rw-rw-": "chtimes /perm/UsrOth/----rw-rw-: operation not permitted",
	"UsrOth/----rw-rwx": "chtimes /perm/UsrOth/----rw-rwx: operation not permitted",
	"UsrOth/----rwx---": "chtimes /perm/UsrOth/----rwx---: operation not permitted",
	"UsrOth/----rwx--x": "chtimes /perm/UsrOth/----rwx--x: operation not permitted",
	"UsrOth/----rwx-w-": "chtimes /perm/UsrOth/----rwx-w-: operation not permitted",
	"UsrOth/----rwx-wx": "chtimes /perm/UsrOth/----rwx-wx: operation not permitted",
	"UsrOth/----rwxr--": "chtimes /perm/UsrOth/----rwxr--: operation not permitted",
	"UsrOth/----rwxr-x": "chtimes /perm/UsrOth/----rwxr-x: operation not permitted",
	"UsrOth/----rwxrw-": "chtimes /perm/UsrOth/----rwxrw-: operation not permitted",
	"UsrOth/----rwxrwx": "chtimes /perm/UsrOth/----rwxrwx: operation not permitted",
	"UsrOth/---x------": "chtimes /perm/UsrOth/---x------: operation not permitted",
	"UsrOth/---x-----x": "chtimes /perm/UsrOth/---x-----x: operation not permitted",
	"UsrOth/---x----w-": "chtimes /perm/UsrOth/---x----w-: operation not permitted",
	"UsrOth/---x----wx": "chtimes /perm/UsrOth/---x----wx: operation not permitted",
	"UsrOth/---x---r--": "chtimes /perm/UsrOth/---x---r--: operation not permitted",
	"UsrOth/---x---r-x": "chtimes /perm/UsrOth/---x---r-x: operation not permitted",
	"UsrOth/---x---rw-": "chtimes /perm/UsrOth/---x---rw-: operation not permitted",
	"UsrOth/---x---rwx": "chtimes /perm/UsrOth/---x---rwx: operation not permitted",
	"UsrOth/---x--x---": "chtimes /perm/UsrOth/---x--x---: operation not permitted",
	"UsrOth/---x--x--x": "chtimes /perm/UsrOth/---x--x--x: operation not permitted",
	"UsrOth/---x--x-w-": "chtimes /perm/UsrOth/---x--x-w-: operation not permitted",
	"UsrOth/---x--x-wx": "chtimes /perm/UsrOth/---x--x-wx: operation not permitted",
	"UsrOth/---x--xr--": "chtimes /perm/UsrOth/---x--xr--: operation not permitted",
	"UsrOth/---x--xr-x": "chtimes /perm/UsrOth/---x--xr-x: operation not permitted",
	"UsrOth/---x--xrw-": "chtimes /perm/UsrOth/---x--xrw-: operation not permitted",
	"UsrOth/---x--xrwx": "chtimes /perm/UsrOth/---x--xrwx: operation not permitted",
	"UsrOth/---x-w----": "chtimes /perm/UsrOth/---x-w----: operation not permitted",
	"UsrOth/---x-w---x": "chtimes /perm/UsrOth/---x-w---x: operation not permitted",
	"UsrOth/---x-w--w-": "chtimes /perm/UsrOth/---x-w--w-: operation not permitted",
	"UsrOth/---x-w--wx": "chtimes /perm/UsrOth/---x-w--wx: operation not permitted",
	"UsrOth/---x-w-r--": "chtimes /perm/UsrOth/---x-w-r--: operation not permitted",
	"UsrOth/---x-w-r-x": "chtimes /perm/UsrOth/---x-w-r-x: operation not permitted",
	"UsrOth/---x-w-rw-": "chtimes /perm/UsrOth/---x-w-rw-: operation not permitted",
	"UsrOth/---x-w-rwx": "chtimes /perm/UsrOth/---x-w-rwx: operation not permitted",
	"UsrOth/---x-wx---": "chtimes /perm/UsrOth/---x-wx---: operation not permitted",
	"UsrOth/---x-wx--x": "chtimes /perm/UsrOth/---x-wx--x: operation not permitted",
	"UsrOth/---x-wx-w-": "chtimes /perm/UsrOth/---x-wx-w-: operation not permitted",
	"UsrOth/---x-wx-wx": "chtimes /perm/UsrOth/---x-wx-wx: operation not permitted",
	"UsrOth/---x-wxr--": "chtimes /perm/UsrOth/---x-wxr--: operation not permitted",
	"UsrOth/---x-wxr-x": "chtimes /perm/UsrOth/---x-wxr-x: operation not permitted",
	"UsrOth/---x-wxrw-": "chtimes /perm/UsrOth/---x-wxrw-: operation not permitted",
	"UsrOth/---x-wxrwx": "chtimes /perm/UsrOth/---x-wxrwx: operation not permitted",
	"UsrOth/---xr-----": "chtimes /perm/UsrOth/---xr-----: operation not permitted",
	"UsrOth/---xr----x": "chtimes /perm/UsrOth/---xr----x: operation not permitted",
	"UsrOth/---xr---w-": "chtimes /perm/UsrOth/---xr---w-: operation not permitted",
	"UsrOth/---xr---wx": "chtimes /perm/UsrOth/---xr---wx: operation not permitted",
	"UsrOth/---xr--r--": "chtimes /perm/UsrOth/---xr--r--: operation not permitted",
	"UsrOth/---xr--r-x": "chtimes /perm/UsrOth/---xr--r-x: operation not permitted",
	"UsrOth/---xr--rw-": "chtimes /perm/UsrOth/---xr--rw-: operation not permitted",
	"UsrOth/---xr--rwx": "chtimes /perm/UsrOth/---xr--rwx: operation not permitted",
	"UsrOth/---xr-x---": "chtimes /perm/UsrOth/---xr-x---: operation not permitted",
	"UsrOth/---xr-x--x": "chtimes /perm/UsrOth/---xr-x--x: operation not permitted",
	"UsrOth/---xr-x-w-": "chtimes /perm/UsrOth/---xr-x-w-: operation not permitted",
	"UsrOth/---xr-x-wx": "chtimes /perm/UsrOth/---xr-x-wx: operation not permitted",
	"UsrOth/---xr-xr--": "chtimes /perm/UsrOth/---xr-xr--: operation not permitted",
	"UsrOth/---xr-xr-x": "chtimes /perm/UsrOth/---xr-xr-x: operation not permitted",
	"UsrOth/---xr-xrw-": "chtimes /perm/UsrOth/---xr-xrw-: operation not permitted",
	"UsrOth/---xr-xrwx": "chtimes /perm/UsrOth/---xr-xrwx: operation not permitted",
	"UsrOth/---xrw----": "chtimes /perm/UsrOth/---xrw----: operation not permitted",
	"UsrOth/---xrw---x": "chtimes /perm/UsrOth/---xrw---x: operation not permitted",
	"UsrOth/---xrw--w-": "chtimes /perm/UsrOth/---xrw--w-: operation not permitted",
	"UsrOth/---xrw--wx": "chtimes /perm/UsrOth/---xrw--wx: operation not permitted",
	"UsrOth/---xrw-r--": "chtimes /perm/UsrOth/---xrw-r--: operation not permitted",
	"UsrOth/---xrw-r-x": "chtimes /perm/UsrOth/---xrw-r-x: operation not permitted",
	"UsrOth/---xrw-rw-": "chtimes /perm/UsrOth/---xrw-rw-: operation not permitted",
	"UsrOth/---xrw-rwx": "chtimes /perm/UsrOth/---xrw-rwx: operation not permitted",
	"UsrOth/---xrwx---": "chtimes /perm/UsrOth/---xrwx---: operation not permitted",
	"UsrOth/---xrwx--x": "chtimes /perm/UsrOth/---xrwx--x: operation not permitted",
	"UsrOth/---xrwx-w-": "chtimes /perm/UsrOth/---xrwx-w-: operation not permitted",
	"UsrOth/---xrwx-wx": "chtimes /perm/UsrOth/---xrwx-wx: operation not permitted",
	"UsrOth/---xrwxr--": "chtimes /perm/UsrOth/---xrwxr--: operation not permitted",
	"UsrOth/---xrwxr-x": "chtimes /perm/UsrOth/---xrwxr-x: operation not permitted",
	"UsrOth/---xrwxrw-": "chtimes /perm/UsrOth/---xrwxrw-: operation not permitted",
	"UsrOth/---xrwxrwx": "chtimes /perm/UsrOth/---xrwxrwx: operation not permitted",
	"UsrOth/--w-------": "chtimes /perm/UsrOth/--w-------: operation not permitted",
	"UsrOth/--w------x": "chtimes /perm/UsrOth/--w------x: operation not permitted",
	"UsrOth/--w-----w-": "chtimes /perm/UsrOth/--w-----w-: operation not permitted",
	"UsrOth/--w-----wx": "chtimes /perm/UsrOth/--w-----wx: operation not permitted",
	"UsrOth/--w----r--": "chtimes /perm/UsrOth/--w----r--: operation not permitted",
	"UsrOth/--w----r-x": "chtimes /perm/UsrOth/--w----r-x: operation not permitted",
	"UsrOth/--w----rw-": "chtimes /perm/UsrOth/--w----rw-: operation not permitted",
	"UsrOth/--w----rwx": "chtimes /perm/UsrOth/--w----rwx: operation not permitted",
	"UsrOth/--w---x---": "chtimes /perm/UsrOth/--w---x---: operation not permitted",
	"UsrOth/--w---x--x": "chtimes /perm/UsrOth/--w---x--x: operation not permitted",
	"UsrOth/--w---x-w-": "chtimes /perm/UsrOth/--w---x-w-: operation not permitted",
	"UsrOth/--w---x-wx": "chtimes /perm/UsrOth/--w---x-wx: operation not permitted",
	"UsrOth/--w---xr--": "chtimes /perm/UsrOth/--w---xr--: operation not permitted",
	"UsrOth/--w---xr-x": "chtimes /perm/UsrOth/--w---xr-x: operation not permitted",
	"UsrOth/--w---xrw-": "chtimes /perm/UsrOth/--w---xrw-: operation not permitted",
	"UsrOth/--w---xrwx": "chtimes /perm/UsrOth/--w---xrwx: operation not permitted",
	"UsrOth/--w--w----": "chtimes /perm/UsrOth/--w--w----: operation not permitted",
	"UsrOth/--w--w---x": "chtimes /perm/UsrOth/--w--w---x: operation not permitted",
	"UsrOth/--w--w--w-": "chtimes /perm/UsrOth/--w--w--w-: operation not permitted",
	"UsrOth/--w--w--wx": "chtimes /perm/UsrOth/--w--w--wx: operation not permitted",
	"UsrOth/--w--w-r--": "chtimes /perm/UsrOth/--w--w-r--: operation not permitted",
	"UsrOth/--w--w-r-x": "chtimes /perm/UsrOth/--w--w-r-x: operation not permitted",
	"UsrOth/--w--w-rw-": "chtimes /perm/UsrOth/--w--w-rw-: operation not permitted",
	"UsrOth/--w--w-rwx": "chtimes /perm/UsrOth/--w--w-rwx: operation not permitted",
	"UsrOth/--w--wx---": "chtimes /perm/UsrOth/--w--wx---: operation not permitted",
	"UsrOth/--w--wx--x": "chtimes /perm/UsrOth/--w--wx--x: operation not permitted",
	"UsrOth/--w--wx-w-": "chtimes /perm/UsrOth/--w--wx-w-: operation not permitted",
	"UsrOth/--w--wx-wx": "chtimes /perm/UsrOth/--w--wx-wx: operation not permitted",
	"UsrOth/--w--wxr--": "chtimes /perm/UsrOth/--w--wxr--: operation not permitted",
	"UsrOth/--w--wxr-x": "chtimes /perm/UsrOth/--w--wxr-x: operation not permitted",
	"UsrOth/--w--wxrw-": "chtimes /perm/UsrOth/--w--wxrw-: operation not permitted",
	"UsrOth/--w--wxrwx": "chtimes /perm/UsrOth/--w--wxrwx: operation not permitted",
	"UsrOth/--w-r-----": "chtimes /perm/UsrOth/--w-r-----: operation not permitted",
	"UsrOth/--w-r----x": "chtimes /perm/UsrOth/--w-r----x: operation not permitted",
	"UsrOth/--w-r---w-": "chtimes /perm/UsrOth/--w-r---w-: operation not permitted",
	"UsrOth/--w-r---wx": "chtimes /perm/UsrOth/--w-r---wx: operation not permitted",
	"UsrOth/--w-r--r--": "chtimes /perm/UsrOth/--w-r--r--: operation not permitted",
	"UsrOth/--w-r--r-x": "chtimes /perm/UsrOth/--w-r--r-x: operation not permitted",
	"UsrOth/--w-r--rw-": "chtimes /perm/UsrOth/--w-r--rw-: operation not permitted",
	"UsrOth/--w-r--rwx": "chtimes /perm/UsrOth/--w-r--rwx: operation not permitted",
	"UsrOth/--w-r-x---": "chtimes /perm/UsrOth/--w-r-x---: operation not permitted",
	"UsrOth/--w-r-x--x": "chtimes /perm/UsrOth/--w-r-x--x: operation not permitted",
	"UsrOth/--w-r-x-w-": "chtimes /perm/UsrOth/--w-r-x-w-: operation not permitted",
	"UsrOth/--w-r-x-wx": "chtimes /perm/UsrOth/--w-r-x-wx: operation not permitted",
	"UsrOth/--w-r-xr--": "chtimes /perm/UsrOth/--w-r-xr--: operation not permitted",
	"UsrOth/--w-r-xr-x": "chtimes /perm/UsrOth/--w-r-xr-x: operation not permitted",
	"UsrOth/--w-r-xrw-": "chtimes /perm/UsrOth/--w-r-xrw-: operation not permitted",
	"UsrOth/--w-r-xrwx": "chtimes /perm/UsrOth/--w-r-xrwx: operation not permitted",
	"UsrOth/--w-rw----": "chtimes /perm/UsrOth/--w-rw----: operation not permitted",
	"UsrOth/--w-rw---x": "chtimes /perm/UsrOth/--w-rw---x: operation not permitted",
	"UsrOth/--w-rw--w-": "chtimes /perm/UsrOth/--w-rw--w-: operation not permitted",
	"UsrOth/--w-rw--wx": "chtimes /perm/UsrOth/--w-rw--wx: operation not permitted",
	"UsrOth/--w-rw-r--": "chtimes /perm/UsrOth/--w-rw-r--: operation not permitted",
	"UsrOth/--w-rw-r-x": "chtimes /perm/UsrOth/--w-rw-r-x: operation not permitted",
	"UsrOth/--w-rw-rw-": "chtimes /perm/UsrOth/--w-rw-rw-: operation not permitted",
	"UsrOth/--w-rw-rwx": "chtimes /perm/UsrOth/--w-rw-rwx: operation not permitted",
	"UsrOth/--w-rwx---": "chtimes /perm/UsrOth/--w-rwx---: operation not permitted",
	"UsrOth/--w-rwx--x": "chtimes /perm/UsrOth/--w-rwx--x: operation not permitted",
	"UsrOth/--w-rwx-w-": "chtimes /perm/UsrOth/--w-rwx-w-: operation not permitted",
	"UsrOth/--w-rwx-wx": "chtimes /perm/UsrOth/--w-rwx-wx: operation not permitted",
	"UsrOth/--w-rwxr--": "chtimes /perm/UsrOth/--w-rwxr--: operation not permitted",
	"UsrOth/--w-rwxr-x": "chtimes /perm/UsrOth/--w-rwxr-x: operation not permitted",
	"UsrOth/--w-rwxrw-": "chtimes /perm/UsrOth/--w-rwxrw-: operation not permitted",
	"UsrOth/--w-rwxrwx": "chtimes /perm/UsrOth/--w-rwxrwx: operation not permitted",
	"UsrOth/--wx------": "chtimes /perm/UsrOth/--wx------: operation not permitted",
	"UsrOth/--wx-----x": "chtimes /perm/UsrOth/--wx-----x: operation not permitted",
	"UsrOth/--wx----w-": "chtimes /perm/UsrOth/--wx----w-: operation not permitted",
	"UsrOth/--wx----wx": "chtimes /perm/UsrOth/--wx----wx: operation not permitted",
	"UsrOth/--wx---r--": "chtimes /perm/UsrOth/--wx---r--: operation not permitted",
	"UsrOth/--wx---r-x": "chtimes /perm/UsrOth/--wx---r-x: operation not permitted",
	"UsrOth/--wx---rw-": "chtimes /perm/UsrOth/--wx---rw-: operation not permitted",
	"UsrOth/--wx---rwx": "chtimes /perm/UsrOth/--wx---rwx: operation not permitted",
	"UsrOth/--wx--x---": "chtimes /perm/UsrOth/--wx--x---: operation not permitted",
	"UsrOth/--wx--x--x": "chtimes /perm/UsrOth/--wx--x--x: operation not permitted",
	"UsrOth/--wx--x-w-": "chtimes /perm/UsrOth/--wx--x-w-: operation not permitted",
	"UsrOth/--wx--x-wx": "chtimes /perm/UsrOth/--wx--x-wx: operation not permitted",
	"UsrOth/--wx--xr--": "chtimes /perm/UsrOth/--wx--xr--: operation not permitted",
	"UsrOth/--wx--xr-x": "chtimes /perm/UsrOth/--wx--xr-x: operation not permitted",
	"UsrOth/--wx--xrw-": "chtimes /perm/UsrOth/--wx--xrw-: operation not permitted",
	"UsrOth/--wx--xrwx": "chtimes /perm/UsrOth/--wx--xrwx: operation not permitted",
	"UsrOth/--wx-w----": "chtimes /perm/UsrOth/--wx-w----: operation not permitted",
	"UsrOth/--wx-w---x": "chtimes /perm/UsrOth/--wx-w---x: operation not permitted",
	"UsrOth/--wx-w--w-": "chtimes /perm/UsrOth/--wx-w--w-: operation not permitted",
	"UsrOth/--wx-w--wx": "chtimes /perm/UsrOth/--wx-w--wx: operation not permitted",
	"UsrOth/--wx-w-r--": "chtimes /perm/UsrOth/--wx-w-r--: operation not permitted",
	"UsrOth/--wx-w-r-x": "chtimes /perm/UsrOth/--wx-w-r-x: operation not permitted",
	"UsrOth/--wx-w-rw-": "chtimes /perm/UsrOth/--wx-w-rw-: operation not permitted",
	"UsrOth/--wx-w-rwx": "chtimes /perm/UsrOth/--wx-w-rwx: operation not permitted",
	"UsrOth/--wx-wx---": "chtimes /perm/UsrOth/--wx-wx---: operation not permitted",
	"UsrOth/--wx-wx--x": "chtimes /perm/UsrOth/--wx-wx--x: operation not permitted",
	"UsrOth/--wx-wx-w-": "chtimes /perm/UsrOth/--wx-wx-w-: operation not permitted",
	"UsrOth/--wx-wx-wx": "chtimes /perm/UsrOth/--wx-wx-wx: operation not permitted",
	"UsrOth/--wx-wxr--": "chtimes /perm/UsrOth/--wx-wxr--: operation not permitted",
	"UsrOth/--wx-wxr-x": "chtimes /perm/UsrOth/--wx-wxr-x: operation not permitted",
	"UsrOth/--wx-wxrw-": "chtimes /perm/UsrOth/--wx-wxrw-: operation not permitted",
	"UsrOth/--wx-wxrwx": "chtimes /perm/UsrOth/--wx-wxrwx: operation not permitted",
	"UsrOth/--wxr-----": "chtimes /perm/UsrOth/--wxr-----: operation not permitted",
	"UsrOth/--wxr----x": "chtimes /perm/UsrOth/--wxr----x: operation not permitted",
	"UsrOth/--wxr---w-": "chtimes /perm/UsrOth/--wxr---w-: operation not permitted",
	"UsrOth/--wxr---wx": "chtimes /perm/UsrOth/--wxr---wx: operation not permitted",
	"UsrOth/--wxr--r--": "chtimes /perm/UsrOth/--wxr--r--: operation not permitted",
	"UsrOth/--wxr--r-x": "chtimes /perm/UsrOth/--wxr--r-x: operation not permitted",
	"UsrOth/--wxr--rw-": "chtimes /perm/UsrOth/--wxr--rw-: operation not permitted",
	"UsrOth/--wxr--rwx": "chtimes /perm/UsrOth/--wxr--rwx: operation not permitted",
	"UsrOth/--wxr-x---": "chtimes /perm/UsrOth/--wxr-x---: operation not permitted",
	"UsrOth/--wxr-x--x": "chtimes /perm/UsrOth/--wxr-x--x: operation not permitted",
	"UsrOth/--wxr-x-w-": "chtimes /perm/UsrOth/--wxr-x-w-: operation not permitted",
	"UsrOth/--wxr-x-wx": "chtimes /perm/UsrOth/--wxr-x-wx: operation not permitted",
	"UsrOth/--wxr-xr--": "chtimes /perm/UsrOth/--wxr-xr--: operation not permitted",
	"UsrOth/--wxr-xr-x": "chtimes /perm/UsrOth/--wxr-xr-x: operation not permitted",
	"UsrOth/--wxr-xrw-": "chtimes /perm/UsrOth/--wxr-xrw-: operation not permitted",
	"UsrOth/--wxr-xrwx": "chtimes /perm/UsrOth/--wxr-xrwx: operation not permitted",
	"UsrOth/--wxrw----": "chtimes /perm/UsrOth/--wxrw----: operation not permitted",
	"UsrOth/--wxrw---x": "chtimes /perm/UsrOth/--wxrw---x: operation not permitted",
	"UsrOth/--wxrw--w-": "chtimes /perm/UsrOth/--wxrw--w-: operation not permitted",
	"UsrOth/--wxrw--wx": "chtimes /perm/UsrOth/--wxrw--wx: operation not permitted",
	"UsrOth/--wxrw-r--": "chtimes /perm/UsrOth/--wxrw-r--: operation not permitted",
	"UsrOth/--wxrw-r-x": "chtimes /perm/UsrOth/--wxrw-r-x: operation not permitted",
	"UsrOth/--wxrw-rw-": "chtimes /perm/UsrOth/--wxrw-rw-: operation not permitted",
	"UsrOth/--wxrw-rwx": "chtimes /perm/UsrOth/--wxrw-rwx: operation not permitted",
	"UsrOth/--wxrwx---": "chtimes /perm/UsrOth/--wxrwx---: operation not permitted",
	"UsrOth/--wxrwx--x": "chtimes /perm/UsrOth/--wxrwx--x: operation not permitted",
	"UsrOth/--wxrwx-w-": "chtimes /perm/UsrOth/--wxrwx-w-: operation not permitted",
	"UsrOth/--wxrwx-wx": "chtimes /perm/UsrOth/--wxrwx-wx: operation not permitted",
	"UsrOth/--wxrwxr--": "chtimes /perm/UsrOth/--wxrwxr--: operation not permitted",
	"UsrOth/--wxrwxr-x": "chtimes /perm/UsrOth/--wxrwxr-x: operation not permitted",
	"UsrOth/--wxrwxrw-": "chtimes /perm/UsrOth/--wxrwxrw-: operation not permitted",
	"UsrOth/--wxrwxrwx": "chtimes /perm/UsrOth/--wxrwxrwx: operation not permitted",
	"UsrOth/-r--------": "chtimes /perm/UsrOth/-r--------: operation not permitted",
	"UsrOth/-r-------x": "chtimes /perm/UsrOth/-r-------x: operation not permitted",
	"UsrOth/-r------w-": "chtimes /perm/UsrOth/-r------w-: operation not permitted",
	"UsrOth/-r------wx": "chtimes /perm/UsrOth/-r------wx: operation not permitted",
	"UsrOth/-r-----r--": "chtimes /perm/UsrOth/-r-----r--: operation not permitted",
	"UsrOth/-r-----r-x": "chtimes /perm/UsrOth/-r-----r-x: operation not permitted",
	"UsrOth/-r-----rw-": "chtimes /perm/UsrOth/-r-----rw-: operation not permitted",
	"UsrOth/-r-----rwx": "chtimes /perm/UsrOth/-r-----rwx: operation not permitted",
	"UsrOth/-r----x---": "chtimes /perm/UsrOth/-r----x---: operation not permitted",
	"UsrOth/-r----x--x": "chtimes /perm/UsrOth/-r----x--x: operation not permitted",
	"UsrOth/-r----x-w-": "chtimes /perm/UsrOth/-r----x-w-: operation not permitted",
	"UsrOth/-r----x-wx": "chtimes /perm/UsrOth/-r----x-wx: operation not permitted",
	"UsrOth/-r----xr--": "chtimes /perm/UsrOth/-r----xr--: operation not permitted",
	"UsrOth/-r----xr-x": "chtimes /perm/UsrOth/-r----xr-x: operation not permitted",
	"UsrOth/-r----xrw-": "chtimes /perm/UsrOth/-r----xrw-: operation not permitted",
	"UsrOth/-r----xrwx": "chtimes /perm/UsrOth/-r----xrwx: operation not permitted",
	"UsrOth/-r---w----": "chtimes /perm/UsrOth/-r---w----: operation not permitted",
	"UsrOth/-r---w---x": "chtimes /perm/UsrOth/-r---w---x: operation not permitted",
	"UsrOth/-r---w--w-": "chtimes /perm/UsrOth/-r---w--w-: operation not permitted",
	"UsrOth/-r---w--wx": "chtimes /perm/UsrOth/-r---w--wx: operation not permitted",
	"UsrOth/-r---w-r--": "chtimes /perm/UsrOth/-r---w-r--: operation not permitted",
	"UsrOth/-r---w-r-x": "chtimes /perm/UsrOth/-r---w-r-x: operation not permitted",
	"UsrOth/-r---w-rw-": "chtimes /perm/UsrOth/-r---w-rw-: operation not permitted",
	"UsrOth/-r---w-rwx": "chtimes /perm/UsrOth/-r---w-rwx: operation not permitted",
	"UsrOth/-r---wx---": "chtimes /perm/UsrOth/-r---wx---: operation not permitted",
	"UsrOth/-r---wx--x": "chtimes /perm/UsrOth/-r---wx--x: operation not permitted",
	"UsrOth/-r---wx-w-": "chtimes /perm/UsrOth/-r---wx-w-: operation not permitted",
	"UsrOth/-r---wx-wx": "chtimes /perm/UsrOth/-r---wx-wx: operation not permitted",
	"UsrOth/-r---wxr--": "chtimes /perm/UsrOth/-r---wxr--: operation not permitted",
	"UsrOth/-r---wxr-x": "chtimes /perm/UsrOth/-r---wxr-x: operation not permitted",
	"UsrOth/-r---wxrw-": "chtimes /perm/UsrOth/-r---wxrw-: operation not permitted",
	"UsrOth/-r---wxrwx": "chtimes /perm/UsrOth/-r---wxrwx: operation not permitted",
	"UsrOth/-r--r-----": "chtimes /perm/UsrOth/-r--r-----: operation not permitted",
	"UsrOth/-r--r----x": "chtimes /perm/UsrOth/-r--r----x: operation not permitted",
	"UsrOth/-r--r---w-": "chtimes /perm/UsrOth/-r--r---w-: operation not permitted",
	"UsrOth/-r--r---wx": "chtimes /perm/UsrOth/-r--r---wx: operation not permitted",
	"UsrOth/-r--r--r--": "chtimes /perm/UsrOth/-r--r--r--: operation not permitted",
	"UsrOth/-r--r--r-x": "chtimes /perm/UsrOth/-r--r--r-x: operation not permitted",
	"UsrOth/-r--r--rw-": "chtimes /perm/UsrOth/-r--r--rw-: operation not permitted",
	"UsrOth/-r--r--rwx": "chtimes /perm/UsrOth/-r--r--rwx: operation not permitted",
	"UsrOth/-r--r-x---": "chtimes /perm/UsrOth/-r--r-x---: operation not permitted",
	"UsrOth/-r--r-x--x": "chtimes /perm/UsrOth/-r--r-x--x: operation not permitted",
	"UsrOth/-r--r-x-w-": "chtimes /perm/UsrOth/-r--r-x-w-: operation not permitted",
	"UsrOth/-r--r-x-wx": "chtimes /perm/UsrOth/-r--r-x-wx: operation not permitted",
	"UsrOth/-r--r-xr--": "chtimes /perm/UsrOth/-r--r-xr--: operation not permitted",
	"UsrOth/-r--r-xr-x": "chtimes /perm/UsrOth/-r--r-xr-x: operation not permitted",
	"UsrOth/-r--r-xrw-": "chtimes /perm/UsrOth/-r--r-xrw-: operation not permitted",
	"UsrOth/-r--r-xrwx": "chtimes /perm/UsrOth/-r--r-xrwx: operation not permitted",
	"UsrOth/-r--rw----": "chtimes /perm/UsrOth/-r--rw----: operation not permitted",
	"UsrOth/-r--rw---x": "chtimes /perm/UsrOth/-r--rw---x: operation not permitted",
	"UsrOth/-r--rw--w-": "chtimes /perm/UsrOth/-r--rw--w-: operation not permitted",
	"UsrOth/-r--rw--wx": "chtimes /perm/UsrOth/-r--rw--wx: operation not permitted",
	"UsrOth/-r--rw-r--": "chtimes /perm/UsrOth/-r--rw-r--: operation not permitted",
	"UsrOth/-r--rw-r-x": "chtimes /perm/UsrOth/-r--rw-r-x: operation not permitted",
	"UsrOth/-r--rw-rw-": "chtimes /perm/UsrOth/-r--rw-rw-: operation not permitted",
	"UsrOth/-r--rw-rwx": "chtimes /perm/UsrOth/-r--rw-rwx: operation not permitted",
	"UsrOth/-r--rwx---": "chtimes /perm/UsrOth/-r--rwx---: operation not permitted",
	"UsrOth/-r--rwx--x": "chtimes /perm/UsrOth/-r--rwx--x: operation not permitted",
	"UsrOth/-r--rwx-w-": "chtimes /perm/UsrOth/-r--rwx-w-: operation not permitted",
	"UsrOth/-r--rwx-wx": "chtimes /perm/UsrOth/-r--rwx-wx: operation not permitted",
	"UsrOth/-r--rwxr--": "chtimes /perm/UsrOth/-r--rwxr--: operation not permitted",
	"UsrOth/-r--rwxr-x": "chtimes /perm/UsrOth/-r--rwxr-x: operation not permitted",
	"UsrOth/-r--rwxrw-": "chtimes /perm/UsrOth/-r--rwxrw-: operation not permitted",
	"UsrOth/-r--rwxrwx": "chtimes /perm/UsrOth/-r--rwxrwx: operation not permitted",
	"UsrOth/-r-x------": "chtimes /perm/UsrOth/-r-x------: operation not permitted",
	"UsrOth/-r-x-----x": "chtimes /perm/UsrOth/-r-x-----x: operation not permitted",
	"UsrOth/-r-x----w-": "chtimes /perm/UsrOth/-r-x----w-: operation not permitted",
	"UsrOth/-r-x----wx": "chtimes /perm/UsrOth/-r-x----wx: operation not permitted",
	"UsrOth/-r-x---r--": "chtimes /perm/UsrOth/-r-x---r--: operation not permitted",
	"UsrOth/-r-x---r-x": "chtimes /perm/UsrOth/-r-x---r-x: operation not permitted",
	"UsrOth/-r-x---rw-": "chtimes /perm/UsrOth/-r-x---rw-: operation not permitted",
	"UsrOth/-r-x---rwx": "chtimes /perm/UsrOth/-r-x---rwx: operation not permitted",
	"UsrOth/-r-x--x---": "chtimes /perm/UsrOth/-r-x--x---: operation not permitted",
	"UsrOth/-r-x--x--x": "chtimes /perm/UsrOth/-r-x--x--x: operation not permitted",
	"UsrOth/-r-x--x-w-": "chtimes /perm/UsrOth/-r-x--x-w-: operation not permitted",
	"UsrOth/-r-x--x-wx": "chtimes /perm/UsrOth/-r-x--x-wx: operation not permitted",
	"UsrOth/-r-x--xr--": "chtimes /perm/UsrOth/-r-x--xr--: operation not permitted",
	"UsrOth/-r-x--xr-x": "chtimes /perm/UsrOth/-r-x--xr-x: operation not permitted",
	"UsrOth/-r-x--xrw-": "chtimes /perm/UsrOth/-r-x--xrw-: operation not permitted",
	"UsrOth/-r-x--xrwx": "chtimes /perm/UsrOth/-r-x--xrwx: operation not permitted",
	"UsrOth/-r-x-w----": "chtimes /perm/UsrOth/-r-x-w----: operation not permitted",
	"UsrOth/-r-x-w---x": "chtimes /perm/UsrOth/-r-x-w---x: operation not permitted",
	"UsrOth/-r-x-w--w-": "chtimes /perm/UsrOth/-r-x-w--w-: operation not permitted",
	"UsrOth/-r-x-w--wx": "chtimes /perm/UsrOth/-r-x-w--wx: operation not permitted",
	"UsrOth/-r-x-w-r--": "chtimes /perm/UsrOth/-r-x-w-r--: operation not permitted",
	"UsrOth/-r-x-w-r-x": "chtimes /perm/UsrOth/-r-x-w-r-x: operation not permitted",
	"UsrOth/-r-x-w-rw-": "chtimes /perm/UsrOth/-r-x-w-rw-: operation not permitted",
	"UsrOth/-r-x-w-rwx": "chtimes /perm/UsrOth/-r-x-w-rwx: operation not permitted",
	"UsrOth/-r-x-wx---": "chtimes /perm/UsrOth/-r-x-wx---: operation not permitted",
	"UsrOth/-r-x-wx--x": "chtimes /perm/UsrOth/-r-x-wx--x: operation not permitted",
	"UsrOth/-r-x-wx-w-": "chtimes /perm/UsrOth/-r-x-wx-w-: operation not permitted",
	"UsrOth/-r-x-wx-wx": "chtimes /perm/UsrOth/-r-x-wx-wx: operation not permitted",
	"UsrOth/-r-x-wxr--": "chtimes /perm/UsrOth/-r-x-wxr--: operation not permitted",
	"UsrOth/-r-x-wxr-x": "chtimes /perm/UsrOth/-r-x-wxr-x: operation not permitted",
	"UsrOth/-r-x-wxrw-": "chtimes /perm/UsrOth/-r-x-wxrw-: operation not permitted",
	"UsrOth/-r-x-wxrwx": "chtimes /perm/UsrOth/-r-x-wxrwx: operation not permitted",
	"UsrOth/-r-xr-----": "chtimes /perm/UsrOth/-r-xr-----: operation not permitted",
	"UsrOth/-r-xr----x": "chtimes /perm/UsrOth/-r-xr----x: operation not permitted",
	"UsrOth/-r-xr---w-": "chtimes /perm/UsrOth/-r-xr---w-: operation not permitted",
	"UsrOth/-r-xr---wx": "chtimes /perm/UsrOth/-r-xr---wx: operation not permitted",
	"UsrOth/-r-xr--r--": "chtimes /perm/UsrOth/-r-xr--r--: operation not permitted",
	"UsrOth/-r-xr--r-x": "chtimes /perm/UsrOth/-r-xr--r-x: operation not permitted",
	"UsrOth/-r-xr--rw-": "chtimes /perm/UsrOth/-r-xr--rw-: operation not permitted",
	"UsrOth/-r-xr--rwx": "chtimes /perm/UsrOth/-r-xr--rwx: operation not permitted",
	"UsrOth/-r-xr-x---": "chtimes /perm/UsrOth/-r-xr-x---: operation not permitted",
	"UsrOth/-r-xr-x--x": "chtimes /perm/UsrOth/-r-xr-x--x: operation not permitted",
	"UsrOth/-r-xr-x-w-": "chtimes /perm/UsrOth/-r-xr-x-w-: operation not permitted",
	"UsrOth/-r-xr-x-wx": "chtimes /perm/UsrOth/-r-xr-x-wx: operation not permitted",
	"UsrOth/-r-xr-xr--": "chtimes /perm/UsrOth/-r-xr-xr--: operation not permitted",
	"UsrOth/-r-xr-xr-x": "chtimes /perm/UsrOth/-r-xr-xr-x: operation not permitted",
	"UsrOth/-r-xr-xrw-": "chtimes /perm/UsrOth/-r-xr-xrw-: operation not permitted",
	"UsrOth/-r-xr-xrwx": "chtimes /perm/UsrOth/-r-xr-xrwx: operation not permitted",
	"UsrOth/-r-xrw----": "chtimes /perm/UsrOth/-r-xrw----: operation not permitted",
	"UsrOth/-r-xrw---x": "chtimes /perm/UsrOth/-r-xrw---x: operation not permitted",
	"UsrOth/-r-xrw--w-": "chtimes /perm/UsrOth/-r-xrw--w-: operation not permitted",
	"UsrOth/-r-xrw--wx": "chtimes /perm/UsrOth/-r-xrw--wx: operation not permitted",
	"UsrOth/-r-xrw-r--": "chtimes /perm/UsrOth/-r-xrw-r--: operation not permitted",
	"UsrOth/-r-xrw-r-x": "chtimes /perm/UsrOth/-r-xrw-r-x: operation not permitted",
	"UsrOth/-r-xrw-rw-": "chtimes /perm/UsrOth/-r-xrw-rw-: operation not permitted",
	"UsrOth/-r-xrw-rwx": "chtimes /perm/UsrOth/-r-xrw-rwx: operation not permitted",
	"UsrOth/-r-xrwx---": "chtimes /perm/UsrOth/-r-xrwx---: operation not permitted",
	"UsrOth/-r-xrwx--x": "chtimes /perm/UsrOth/-r-xrwx--x: operation not permitted",
	"UsrOth/-r-xrwx-w-": "chtimes /perm/UsrOth/-r-xrwx-w-: operation not permitted",
	"UsrOth/-r-xrwx-wx": "chtimes /perm/UsrOth/-r-xrwx-wx: operation not permitted",
	"UsrOth/-r-xrwxr--": "chtimes /perm/UsrOth/-r-xrwxr--: operation not permitted",
	"UsrOth/-r-xrwxr-x": "chtimes /perm/UsrOth/-r-xrwxr-x: operation not permitted",
	"UsrOth/-r-xrwxrw-": "chtimes /perm/UsrOth/-r-xrwxrw-: operation not permitted",
	"UsrOth/-r-xrwxrwx": "chtimes /perm/UsrOth/-r-xrwxrwx: operation not permitted",
	"UsrOth/-rw-------": "chtimes /perm/UsrOth/-rw-------: operation not permitted",
	"UsrOth/-rw------x": "chtimes /perm/UsrOth/-rw------x: operation not permitted",
	"UsrOth/-rw-----w-": "chtimes /perm/UsrOth/-rw-----w-: operation not permitted",
	"UsrOth/-rw-----wx": "chtimes /perm/UsrOth/-rw-----wx: operation not permitted",
	"UsrOth/-rw----r--": "chtimes /perm/UsrOth/-rw----r--: operation not permitted",
	"UsrOth/-rw----r-x": "chtimes /perm/UsrOth/-rw----r-x: operation not permitted",
	"UsrOth/-rw----rw-": "chtimes /perm/UsrOth/-rw----rw-: operation not permitted",
	"UsrOth/-rw----rwx": "chtimes /perm/UsrOth/-rw----rwx: operation not permitted",
	"UsrOth/-rw---x---": "chtimes /perm/UsrOth/-rw---x---: operation not permitted",
	"UsrOth/-rw---x--x": "chtimes /perm/UsrOth/-rw---x--x: operation not permitted",
	"UsrOth/-rw---x-w-": "chtimes /perm/UsrOth/-rw---x-w-: operation not permitted",
	"UsrOth/-rw---x-wx": "chtimes /perm/UsrOth/-rw---x-wx: operation not permitted",
	"UsrOth/-rw---xr--": "chtimes /perm/UsrOth/-rw---xr--: operation not permitted",
	"UsrOth/-rw---xr-x": "chtimes /perm/UsrOth/-rw---xr-x: operation not permitted",
	"UsrOth/-rw---xrw-": "chtimes /perm/UsrOth/-rw---xrw-: operation not permitted",
	"UsrOth/-rw---xrwx": "chtimes /perm/UsrOth/-rw---xrwx: operation not permitted",
	"UsrOth/-rw--w----": "chtimes /perm/UsrOth/-rw--w----: operation not permitted",
	"UsrOth/-rw--w---x": "chtimes /perm/UsrOth/-rw--w---x: operation not permitted",
	"UsrOth/-rw--w--w-": "chtimes /perm/UsrOth/-rw--w--w-: operation not permitted",
	"UsrOth/-rw--w--wx": "chtimes /perm/UsrOth/-rw--w--wx: operation not permitted",
	"UsrOth/-rw--w-r--": "chtimes /perm/UsrOth/-rw--w-r--: operation not permitted",
	"UsrOth/-rw--w-r-x": "chtimes /perm/UsrOth/-rw--w-r-x: operation not permitted",
	"UsrOth/-rw--w-rw-": "chtimes /perm/UsrOth/-rw--w-rw-: operation not permitted",
	"UsrOth/-rw--w-rwx": "chtimes /perm/UsrOth/-rw--w-rwx: operation not permitted",
	"UsrOth/-rw--wx---": "chtimes /perm/UsrOth/-rw--wx---: operation not permitted",
	"UsrOth/-rw--wx--x": "chtimes /perm/UsrOth/-rw--wx--x: operation not permitted",
	"UsrOth/-rw--wx-w-": "chtimes /perm/UsrOth/-rw--wx-w-: operation not permitted",
	"UsrOth/-rw--wx-wx": "chtimes /perm/UsrOth/-rw--wx-wx: operation not permitted",
	"UsrOth/-rw--wxr--": "chtimes /perm/UsrOth/-rw--wxr--: operation not permitted",
	"UsrOth/-rw--wxr-x": "chtimes /perm/UsrOth/-rw--wxr-x: operation not permitted",
	"UsrOth/-rw--wxrw-": "chtimes /perm/UsrOth/-rw--wxrw-: operation not permitted",
	"UsrOth/-rw--wxrwx": "chtimes /perm/UsrOth/-rw--wxrwx: operation not permitted",
	"UsrOth/-rw-r-----": "chtimes /perm/UsrOth/-rw-r-----: operation not permitted",
	"UsrOth/-rw-r----x": "chtimes /perm/UsrOth/-rw-r----x: operation not permitted",
	"UsrOth/-rw-r---w-": "chtimes /perm/UsrOth/-rw-r---w-: operation not permitted",
	"UsrOth/-rw-r---wx": "chtimes /perm/UsrOth/-rw-r---wx: operation not permitted",
	"UsrOth/-rw-r--r--": "chtimes /perm/UsrOth/-rw-r--r--: operation not permitted",
	"UsrOth/-rw-r--r-x": "chtimes /perm/UsrOth/-rw-r--r-x: operation not permitted",
	"UsrOth/-rw-r--rw-": "chtimes /perm/UsrOth/-rw-r--rw-: operation not permitted",
	"UsrOth/-rw-r--rwx": "chtimes /perm/UsrOth/-rw-r--rwx: operation not permitted",
	"UsrOth/-rw-r-x---": "chtimes /perm/UsrOth/-rw-r-x---: operation not permitted",
	"UsrOth/-rw-r-x--x": "chtimes /perm/UsrOth/-rw-r-x--x: operation not permitted",
	"UsrOth/-rw-r-x-w-": "chtimes /perm/UsrOth/-rw-r-x-w-: operation not permitted",
	"UsrOth/-rw-r-x-wx": "chtimes /perm/UsrOth/-rw-r-x-wx: operation not permitted",
	"UsrOth/-rw-r-xr--": "chtimes /perm/UsrOth/-rw-r-xr--: operation not permitted",
	"UsrOth/-rw-r-xr-x": "chtimes /perm/UsrOth/-rw-r-xr-x: operation not permitted",
	"UsrOth/-rw-r-xrw-": "chtimes /perm/UsrOth/-rw-r-xrw-: operation not permitted",
	"UsrOth/-rw-r-xrwx": "chtimes /perm/UsrOth/-rw-r-xrwx: operation not permitted",
	"UsrOth/-rw-rw----": "chtimes /perm/UsrOth/-rw-rw----: operation not permitted",
	"UsrOth/-rw-rw---x": "chtimes /perm/UsrOth/-rw-rw---x: operation not permitted",
	"UsrOth/-rw-rw--w-": "chtimes /perm/UsrOth/-rw-rw--w-: operation not permitted",
	"UsrOth/-rw-rw--wx": "chtimes /perm/UsrOth/-rw-rw--wx: operation not permitted",
	"UsrOth/-rw-rw-r--": "chtimes /perm/UsrOth/-rw-rw-r--: operation not permitted",
	"UsrOth/-rw-rw-r-x": "chtimes /perm/UsrOth/-rw-rw-r-x: operation not permitted",
	"UsrOth/-rw-rw-rw-": "chtimes /perm/UsrOth/-rw-rw-rw-: operation not permitted",
	"UsrOth/-rw-rw-rwx": "chtimes /perm/UsrOth/-rw-rw-rwx: operation not permitted",
	"UsrOth/-rw-rwx---": "chtimes /perm/UsrOth/-rw-rwx---: operation not permitted",
	"UsrOth/-rw-rwx--x": "chtimes /perm/UsrOth/-rw-rwx--x: operation not permitted",
	"UsrOth/-rw-rwx-w-": "chtimes /perm/UsrOth/-rw-rwx-w-: operation not permitted",
	"UsrOth/-rw-rwx-wx": "chtimes /perm/UsrOth/-rw-rwx-wx: operation not permitted",
	"UsrOth/-rw-rwxr--": "chtimes /perm/UsrOth/-rw-rwxr--: operation not permitted",
	"UsrOth/-rw-rwxr-x": "chtimes /perm/UsrOth/-rw-rwxr-x: operation not permitted",
	"UsrOth/-rw-rwxrw-": "chtimes /perm/UsrOth/-rw-rwxrw-: operation not permitted",
	"UsrOth/-rw-rwxrwx": "chtimes /perm/UsrOth/-rw-rwxrwx: operation not permitted",
	"UsrOth/-rwx------": "chtimes /perm/UsrOth/-rwx------: operation not permitted",
	"UsrOth/-rwx-----x": "chtimes /perm/UsrOth/-rwx-----x: operation not permitted",
	"UsrOth/-rwx----w-": "chtimes /perm/UsrOth/-rwx----w-: operation not permitted",
	"UsrOth/-rwx----wx": "chtimes /perm/UsrOth/-rwx----wx: operation not permitted",
	"UsrOth/-rwx---r--": "chtimes /perm/UsrOth/-rwx---r--: operation not permitted",
	"UsrOth/-rwx---r-x": "chtimes /perm/UsrOth/-rwx---r-x: operation not permitted",
	"UsrOth/-rwx---rw-": "chtimes /perm/UsrOth/-rwx---rw-: operation not permitted",
	"UsrOth/-rwx---rwx": "chtimes /perm/UsrOth/-rwx---rwx: operation not permitted",
	"UsrOth/-rwx--x---": "chtimes /perm/UsrOth/-rwx--x---: operation not permitted",
	"UsrOth/-rwx--x--x": "chtimes /perm/UsrOth/-rwx--x--x: operation not permitted",
	"UsrOth/-rwx--x-w-": "chtimes /perm/UsrOth/-rwx--x-w-: operation not permitted",
	"UsrOth/-rwx--x-wx": "chtimes /perm/UsrOth/-rwx--x-wx: operation not permitted",
	"UsrOth/-rwx--xr--": "chtimes /perm/UsrOth/-rwx--xr--: operation not permitted",
	"UsrOth/-rwx--xr-x": "chtimes /perm/UsrOth/-rwx--xr-x: operation not permitted",
	"UsrOth/-rwx--xrw-": "chtimes /perm/UsrOth/-rwx--xrw-: operation not permitted",
	"UsrOth/-rwx--xrwx": "chtimes /perm/UsrOth/-rwx--xrwx: operation not permitted",
	"UsrOth/-rwx-w----": "chtimes /perm/UsrOth/-rwx-w----: operation not permitted",
	"UsrOth/-rwx-w---x": "chtimes /perm/UsrOth/-rwx-w---x: operation not permitted",
	"UsrOth/-rwx-w--w-": "chtimes /perm/UsrOth/-rwx-w--w-: operation not permitted",
	"UsrOth/-rwx-w--wx": "chtimes /perm/UsrOth/-rwx-w--wx: operation not permitted",
	"UsrOth/-rwx-w-r--": "chtimes /perm/UsrOth/-rwx-w-r--: operation not permitted",
	"UsrOth/-rwx-w-r-x": "chtimes /perm/UsrOth/-rwx-w-r-x: operation not permitted",
	"UsrOth/-rwx-w-rw-": "chtimes /perm/UsrOth/-rwx-w-rw-: operation not permitted",
	"UsrOth/-rwx-w-rwx": "chtimes /perm/UsrOth/-rwx-w-rwx: operation not permitted",
	"UsrOth/-rwx-wx---": "chtimes /perm/UsrOth/-rwx-wx---: operation not permitted",
	"UsrOth/-rwx-wx--x": "chtimes /perm/UsrOth/-rwx-wx--x: operation not permitted",
	"UsrOth/-rwx-wx-w-": "chtimes /perm/UsrOth/-rwx-wx-w-: operation not permitted",
	"UsrOth/-rwx-wx-wx": "chtimes /perm/UsrOth/-rwx-wx-wx: operation not permitted",
	"UsrOth/-rwx-wxr--": "chtimes /perm/UsrOth/-rwx-wxr--: operation not permitted",
	"UsrOth/-rwx-wxr-x": "chtimes /perm/UsrOth/-rwx-wxr-x: operation not permitted",
	"UsrOth/-rwx-wxrw-": "chtimes /perm/UsrOth/-rwx-wxrw-: operation not permitted",
	"UsrOth/-rwx-wxrwx": "chtimes /perm/UsrOth/-rwx-wxrwx: operation not permitted",
	"UsrOth/-rwxr-----": "chtimes /perm/UsrOth/-rwxr-----: operation not permitted",
	"UsrOth/-rwxr----x": "chtimes /perm/UsrOth/-rwxr----x: operation not permitted",
	"UsrOth/-rwxr---w-": "chtimes /perm/UsrOth/-rwxr---w-: operation not permitted",
	"UsrOth/-rwxr---wx": "chtimes /perm/UsrOth/-rwxr---wx: operation not permitted",
	"UsrOth/-rwxr--r--": "chtimes /perm/UsrOth/-rwxr--r--: operation not permitted",
	"UsrOth/-rwxr--r-x": "chtimes /perm/UsrOth/-rwxr--r-x: operation not permitted",
	"UsrOth/-rwxr--rw-": "chtimes /perm/UsrOth/-rwxr--rw-: operation not permitted",
	"UsrOth/-rwxr--rwx": "chtimes /perm/UsrOth/-rwxr--rwx: operation not permitted",
	"UsrOth/-rwxr-x---": "chtimes /perm/UsrOth/-rwxr-x---: operation not permitted",
	"UsrOth/-rwxr-x--x": "chtimes /perm/UsrOth/-rwxr-x--x: operation not permitted",
	"UsrOth/-rwxr-x-w-": "chtimes /perm/UsrOth/-rwxr-x-w-: operation not permitted",
	"UsrOth/-rwxr-x-wx": "chtimes /perm/UsrOth/-rwxr-x-wx: operation not permitted",
	"UsrOth/-rwxr-xr--": "chtimes /perm/UsrOth/-rwxr-xr--: operation not permitted",
	"UsrOth/-rwxr-xr-x": "chtimes /perm/UsrOth/-rwxr-xr-x: operation not permitted",
	"UsrOth/-rwxr-xrw-": "chtimes /perm/UsrOth/-rwxr-xrw-: operation not permitted",
	"UsrOth/-rwxr-xrwx": "chtimes /perm/UsrOth/-rwxr-xrwx: operation not permitted",
	"UsrOth/-rwxrw----": "chtimes /perm/UsrOth/-rwxrw----: operation not permitted",
	"UsrOth/-rwxrw---x": "chtimes /perm/UsrOth/-rwxrw---x: operation not permitted",
	"UsrOth/-rwxrw--w-": "chtimes /perm/UsrOth/-rwxrw--w-: operation not permitted",
	"UsrOth/-rwxrw--wx": "chtimes /perm/UsrOth/-rwxrw--wx: operation not permitted",
	"UsrOth/-rwxrw-r--": "chtimes /perm/UsrOth/-rwxrw-r--: operation not permitted",
	"UsrOth/-rwxrw-r-x": "chtimes /perm/UsrOth/-rwxrw-r-x: operation not permitted",
	"UsrOth/-rwxrw-rw-": "chtimes /perm/UsrOth/-rwxrw-rw-: operation not permitted",
	"UsrOth/-rwxrw-rwx": "chtimes /perm/UsrOth/-rwxrw-rwx: operation not permitted",
	"UsrOth/-rwxrwx---": "chtimes /perm/UsrOth/-rwxrwx---: operation not permitted",
	"UsrOth/-rwxrwx--x": "chtimes /perm/UsrOth/-rwxrwx--x: operation not permitted",
	"UsrOth/-rwxrwx-w-": "chtimes /perm/UsrOth/-rwxrwx-w-: operation not permitted",
	"UsrOth/-rwxrwx-wx": "chtimes /perm/UsrOth/-rwxrwx-wx: operation not permitted",
	"UsrOth/-rwxrwxr--": "chtimes /perm/UsrOth/-rwxrwxr--: operation not permitted",
	"UsrOth/-rwxrwxr-x": "chtimes /perm/UsrOth/-rwxrwxr-x: operation not permitted",
	"UsrOth/-rwxrwxrw-": "chtimes /perm/UsrOth/-rwxrwxrw-: operation not permitted",
	"UsrOth/-rwxrwxrwx": "chtimes /perm/UsrOth/-rwxrwxrwx: operation not permitted",
	"UsrTest/----------": "",
	"UsrTest/---------x": "",
	"UsrTest/--------w-": "",
	"UsrTest/--------wx": "",
	"UsrTest/-------r--": "",
	"UsrTest/-------r-x": "",
	"UsrTest/-------rw-": "",
	"UsrTest/-------rwx": "",
	"UsrTest/------x---": "",
	"UsrTest/------x--x": "",
	"UsrTest/------x-w-": "",
	"UsrTest/------x-wx": "",
	"UsrTest/------xr--": "",
	"UsrTest/------xr-x": "",
	"UsrTest/------xrw-": "",
	"UsrTest/------xrwx": "",
	"UsrTest/-----w----": "",
	"UsrTest/-----w---x": "",
	"UsrTest/-----w--w-": "",
	"UsrTest/-----w--wx": "",
	"UsrTest/-----w-r--": "",
	"UsrTest/-----w-r-x": "",
	"UsrTest/-----w-rw-": "",
	"UsrTest/-----w-rwx": "",
	"UsrTest/-----wx---": "",
	"UsrTest/-----wx--x": "",
	"UsrTest/-----wx-w-": "",
	"UsrTest/-----wx-wx": "",
	"UsrTest/-----wxr--": "",
	"UsrTest/-----wxr-x": "",
	"UsrTest/-----wxrw-": "",
	"UsrTest/-----wxrwx": "",
	"UsrTest/----r-----": "",
	"UsrTest/----r----x": "",
	"UsrTest/----r---w-": "",
	"UsrTest/----r---wx": "",
	"UsrTest/----r--r--": "",
	"UsrTest/----r--r-x": "",
	"UsrTest/----r--rw-": "",
	"UsrTest/----r--rwx": "",
	"UsrTest/----r-x---": "",
	"UsrTest/----r-x--x": "",
	"UsrTest/----r-x-w-": "",
	"UsrTest/----r-x-wx": "",
	"UsrTest/----r-xr--": "",
	"UsrTest/----r-xr-x": "",
	"UsrTest/----r-xrw-": "",
	"UsrTest/----r-xrwx": "",
	"UsrTest/----rw----": "",
	"UsrTest/----rw---x": "",
	"UsrTest/----rw--w-": "",
	"UsrTest/----rw--wx": "",
	"UsrTest/----rw-r--": "",
	"UsrTest/----rw-r-x": "",
	"UsrTest/----rw-rw-": "",
	"UsrTest/----rw-rwx": "",
	"UsrTest/----rwx---": "",
	"UsrTest/----rwx--x": "",
	"UsrTest/----rwx-w-": "",
	"UsrTest/----rwx-wx": "",
	"UsrTest/----rwxr--": "",
	"UsrTest/----rwxr-x": "",
	"UsrTest/----rwxrw-": "",
	"UsrTest/----rwxrwx": "",
	"UsrTest/---x------": "",
	"UsrTest/---x-----x": "",
	"UsrTest/---x----w-": "",
	"UsrTest/---x----wx": "",
	"UsrTest/---x---r--": "",
	"UsrTest/---x---r-x": "",
	"UsrTest/---x---rw-": "",
	"UsrTest/---x---rwx": "",
	"UsrTest/---x--x---": "",
	"UsrTest/---x--x--x": "",
	"UsrTest/---x--x-w-": "",
	"UsrTest/---x--x-wx": "",
	"UsrTest/---x--xr--": "",
	"UsrTest/---x--xr-x": "",
	"UsrTest/---x--xrw-": "",
	"UsrTest/---x--xrwx": "",
	"UsrTest/---x-w----": "",
	"UsrTest/---x-w---x": "",
	"UsrTest/---x-w--w-": "",
	"UsrTest/---x-w--wx": "",
	"UsrTest/---x-w-r--": "",
	"UsrTest/---x-w-r-x": "",
	"UsrTest/---x-w-rw-": "",
	"UsrTest/---x-w-rwx": "",
	"UsrTest/---x-wx---": "",
	"UsrTest/---x-wx--x": "",
	"UsrTest/---x-wx-w-": "",
	"UsrTest/---x-wx-wx": "",
	"UsrTest/---x-wxr--": "",
	"UsrTest/---x-wxr-x": "",
	"UsrTest/---x-wxrw-": "",
	"UsrTest/---x-wxrwx": "",
	"UsrTest/---xr-----": "",
	"UsrTest/---xr----x": "",
	"UsrTest/---xr---w-": "",
	"UsrTest/---xr---wx": "",
	"UsrTest/---xr--r--": "",
	"UsrTest/---xr--r-x": "",
	"UsrTest/---xr--rw-": "",
	"UsrTest/---xr--rwx": "",
	"UsrTest/---xr-x---": "",
	"UsrTest/---xr-x--x": "",
	"UsrTest/---xr-x-w-": "",
	"UsrTest/---xr-x-wx": "",
	"UsrTest/---xr-xr--": "",
	"UsrTest/---xr-xr-x": "",
	"UsrTest/---xr-xrw-": "",
	"UsrTest/---xr-xrwx": "",
	"UsrTest/---xrw----": "",
	"UsrTest/---xrw---x": "",
	"UsrTest/---xrw--w-": "",
	"UsrTest/---xrw--wx": "",
	"UsrTest/---xrw-r--": "",
	"UsrTest/---xrw-r-x": "",
	"UsrTest/---xrw-rw-": "",
	"UsrTest/---xrw-rwx": "",
	"UsrTest/---xrwx---": "",
	"UsrTest/---xrwx--x": "",
	"UsrTest/---xrwx-w-": "",
	"UsrTest/---xrwx-wx": "",
	"UsrTest/---xrwxr--": "",
	"UsrTest/---xrwxr-x": "",
	"UsrTest/---xrwxrw-": "",
	"UsrTest/---xrwxrwx": "",
	"UsrTest/--w-------": "",
	"UsrTest/--w------x": "",
	"UsrTest/--w-----w-": "",
	"UsrTest/--w-----wx": "",
	"UsrTest/--w----r--": "",
	"UsrTest/--w----r-x": "",
	"UsrTest/--w----rw-": "",
	"UsrTest/--w----rwx": "",
	"UsrTest/--w---x---": "",
	"UsrTest/--w---x--x": "",
	"UsrTest/--w---x-w-": "",
	"UsrTest/--w---x-wx": "",
	"UsrTest/--w---xr--": "",
	"UsrTest/--w---xr-x": "",
	"UsrTest/--w---xrw-": "",
	"UsrTest/--w---xrwx": "",
	"UsrTest/--w--w----": "",
	"UsrTest/--w--w---x": "",
	"UsrTest/--w--w--w-": "",
	"UsrTest/--w--w--wx": "",
	"UsrTest/--w--w-r--": "",
	"UsrTest/--w--w-r-x": "",
	"UsrTest/--w--w-rw-": "",
	"UsrTest/--w--w-rwx": "",
	"UsrTest/--w--wx---": "",
	"UsrTest/--w--wx--x": "",
	"UsrTest/--w--wx-w-": "",
	"UsrTest/--w--wx-wx": "",
	"UsrTest/--w--wxr--": "",
	"UsrTest/--w--wxr-x": "",
	"UsrTest/--w--wxrw-": "",
	"UsrTest/--w--wxrwx": "",
	"UsrTest/--w-r-----": "",
	"UsrTest/--w-r----x": "",
	"UsrTest/--w-r---w-": "",
	"UsrTest/--w-r---wx": "",
	"UsrTest/--w-r--r--": "",
	"UsrTest/--w-r--r-x": "",
	"UsrTest/--w-r--rw-": "",
	"UsrTest/--w-r--rwx": "",
	"UsrTest/--w-r-x---": "",
	"UsrTest/--w-r-x--x": "",
	"UsrTest/--w-r-x-w-": "",
	"UsrTest/--w-r-x-wx": "",
	"UsrTest/--w-r-xr--": "",
	"UsrTest/--w-r-xr-x": "",
	"UsrTest/--w-r-xrw-": "",
	"UsrTest/--w-r-xrwx": "",
	"UsrTest/--w-rw----": "",
	"UsrTest/--w-rw---x": "",
	"UsrTest/--w-rw--w-": "",
	"UsrTest/--w-rw--wx": "",
	"UsrTest/--w-rw-r--": "",
	"UsrTest/--w-rw-r-x": "",
	"UsrTest/--w-rw-rw-": "",
	"UsrTest/--w-rw-rwx": "",
	"UsrTest/--w-rwx---": "",
	"UsrTest/--w-rwx--x": "",
	"UsrTest/--w-rwx-w-": "",
	"UsrTest/--w-rwx-wx": "",
	"UsrTest/--w-rwxr--": "",
	"UsrTest/--w-rwxr-x": "",
	"UsrTest/--w-rwxrw-": "",
	"UsrTest/--w-rwxrwx": "",
	"UsrTest/--wx------": "",
	"UsrTest/--wx-----x": "",
	"UsrTest/--wx----w-": "",
	"UsrTest/--wx----wx": "",
	"UsrTest/--wx---r--": "",
	"UsrTest/--wx---r-x": "",
	"UsrTest/--wx---rw-": "",
	"UsrTest/--wx---rwx": "",
	"UsrTest/--wx--x---": "",
	"UsrTest/--wx--x--x": "",
	"UsrTest/--wx--x-w-": "",
	"UsrTest/--wx--x-wx": "",
	"UsrTest/--wx--xr--": "",
	"UsrTest/--wx--xr-x": "",
	"UsrTest/--wx--xrw-": "",
	"UsrTest/--wx--xrwx": "",
	"UsrTest/--wx-w----": "",
	"UsrTest/--wx-w---x": "",
	"UsrTest/--wx-w--w-": "",
	"UsrTest/--wx-w--wx": "",
	"UsrTest/--wx-w-r--": "",
	"UsrTest/--wx-w-r-x": "",
	"UsrTest/--wx-w-rw-": "",
	"UsrTest/--wx-w-rwx": "",
	"UsrTest/--wx-wx---": "",
	"UsrTest/--wx-wx--x": "",
	"UsrTest/--wx-wx-w-": "",
	"UsrTest/--wx-wx-wx": "",
	"UsrTest/--wx-wxr--": "",
	"UsrTest/--wx-wxr-x": "",
	"UsrTest/--wx-wxrw-": "",
	"UsrTest/--wx-wxrwx": "",
	"UsrTest/--wxr-----": "",
	"UsrTest/--wxr----x": "",
	"UsrTest/--wxr---w-": "",
	"UsrTest/--wxr---wx": "",
	"UsrTest/--wxr--r--": "",
	"UsrTest/--wxr--r-x": "",
	"UsrTest/--wxr--rw-": "",
	"UsrTest/--wxr--rwx": "",
	"UsrTest/--wxr-x---": "",
	"UsrTest/--wxr-x--x": "",
	"UsrTest/--wxr-x-w-": "",
	"UsrTest/--wxr-x-wx": "",
	"UsrTest/--wxr-xr--": "",
	"UsrTest/--wxr-xr-x": "",
	"UsrTest/--wxr-xrw-": "",
	"UsrTest/--wxr-xrwx": "",
	"UsrTest/--wxrw----": "",
	"UsrTest/--wxrw---x": "",
	"UsrTest/--wxrw--w-": "",
	"UsrTest/--wxrw--wx": "",
	"UsrTest/--wxrw-r--": "",
	"UsrTest/--wxrw-r-x": "",
	"UsrTest/--wxrw-rw-": "",
	"UsrTest/--wxrw-rwx": "",
	"UsrTest/--wxrwx---": "",
	"UsrTest/--wxrwx--x": "",
	"UsrTest/--wxrwx-w-": "",
	"UsrTest/--wxrwx-wx": "",
	"UsrTest/--wxrwxr--": "",
	"UsrTest/--wxrwxr-x": "",
	"UsrTest/--wxrwxrw-": "",
	"UsrTest/--wxrwxrwx": "",
	"UsrTest/-r--------": "",
	"UsrTest/-r-------x": "",
	"UsrTest/-r------w-": "",
	"UsrTest/-r------wx": "",
	"UsrTest/-r-----r--": "",
	"UsrTest/-r-----r-x": "",
	"UsrTest/-r-----rw-": "",
	"UsrTest/-r-----rwx": "",
	"UsrTest/-r----x---": "",
	"UsrTest/-r----x--x": "",
	"UsrTest/-r----x-w-": "",
	"UsrTest/-r----x-wx": "",
	"UsrTest/-r----xr--": "",
	"UsrTest/-r----xr-x": "",
	"UsrTest/-r----xrw-": "",
	"UsrTest/-r----xrwx": "",
	"UsrTest/-r---w----": "",
	"UsrTest/-r---w---x": "",
	"UsrTest/-r---w--w-": "",
	"UsrTest/-r---w--wx": "",
	"UsrTest/-r---w-r--": "",
	"UsrTest/-r---w-r-x": "",
	"UsrTest/-r---w-rw-": "",
	"UsrTest/-r---w-rwx": "",
	"UsrTest/-r---wx---": "",
	"UsrTest/-r---wx--x": "",
	"UsrTest/-r---wx-w-": "",
	"UsrTest/-r---wx-wx": "",
	"UsrTest/-r---wxr--": "",
	"UsrTest/-r---wxr-x": "",
	"UsrTest/-r---wxrw-": "",
	"UsrTest/-r---wxrwx": "",
	"UsrTest/-r--r-----": "",
	"UsrTest/-r--r----x": "",
	"UsrTest/-r--r---w-": "",
	"UsrTest/-r--r---wx": "",
	"UsrTest/-r--r--r--": "",
	"UsrTest/-r--r--r-x": "",
	"UsrTest/-r--r--rw-": "",
	"UsrTest/-r--r--rwx": "",
	"UsrTest/-r--r-x---": "",
	"UsrTest/-r--r-x--x": "",
	"UsrTest/-r--r-x-w-": "",
	"UsrTest/-r--r-x-wx": "",
	"UsrTest/-r--r-xr--": "",
	"UsrTest/-r--r-xr-x": "",
	"UsrTest/-r--r-xrw-": "",
	"UsrTest/-r--r-xrwx": "",
	"UsrTest/-r--rw----": "",
	"UsrTest/-r--rw---x": "",
	"UsrTest/-r--rw--w-": "",
	"UsrTest/-r--rw--wx": "",
	"UsrTest/-r--rw-r--": "",
	"UsrTest/-r--rw-r-x": "",
	"UsrTest/-r--rw-rw-": "",
	"UsrTest/-r--rw-rwx": "",
	"UsrTest/-r--rwx---": "",
	"UsrTest/-r--rwx--x": "",
	"UsrTest/-r--rwx-w-": "",
	"UsrTest/-r--rwx-wx": "",
	"UsrTest/-r--rwxr--": "",
	"UsrTest/-r--rwxr-x": "",
	"UsrTest/-r--rwxrw-": "",
	"UsrTest/-r--rwxrwx": "",
	"UsrTest/-r-x------": "",
	"UsrTest/-r-x-----x": "",
	"UsrTest/-r-x----w-": "",
	"UsrTest/-r-x----wx": "",
	"UsrTest/-r-x---r--": "",
	"UsrTest/-r-x---r-x": "",
	"UsrTest/-r-x---rw-": "",
	"UsrTest/-r-x---rwx": "",
	"UsrTest/-r-x--x---": "",
	"UsrTest/-r-x--x--x": "",
	"UsrTest/-r-x--x-w-": "",
	"UsrTest/-r-x--x-wx": "",
	"UsrTest/-r-x--xr--": "",
	"UsrTest/-r-x--xr-x": "",
	"UsrTest/-r-x--xrw-": "",
	"UsrTest/-r-x--xrwx": "",
	"UsrTest/-r-x-w----": "",
	"UsrTest/-r-x-w---x": "",
	"UsrTest/-r-x-w--w-": "",
	"UsrTest/-r-x-w--wx": "",
	"UsrTest/-r-x-w-r--": "",
	"UsrTest/-r-x-w-r-x": "",
	"UsrTest/-r-x-w-rw-": "",
	"UsrTest/-r-x-w-rwx": "",
	"UsrTest/-r-x-wx---": "",
	"UsrTest/-r-x-wx--x": "",
	"UsrTest/-r-x-wx-w-": "",
	"UsrTest/-r-x-wx-wx": "",
	"UsrTest/-r-x-wxr--": "",
	"UsrTest/-r-x-wxr-x": "",
	"UsrTest/-r-x-wxrw-": "",
	"UsrTest/-r-x-wxrwx": "",
	"UsrTest/-r-xr-----": "",
	"UsrTest/-r-xr----x": "",
	"UsrTest/-r-xr---w-": "",
	"UsrTest/-r-xr---wx": "",
	"UsrTest/-r-xr--r--": "",
	"UsrTest/-r-xr--r-x": "",
	"UsrTest/-r-xr--rw-": "",
	"UsrTest/-r-xr--rwx": "",
	"UsrTest/-r-xr-x---": "",
	"UsrTest/-r-xr-x--x": "",
	"UsrTest/-r-xr-x-w-": "",
	"UsrTest/-r-xr-x-wx": "",
	"UsrTest/-r-xr-xr--": "",
	"UsrTest/-r-xr-xr-x": "",
	"UsrTest/-r-xr-xrw-": "",
	"UsrTest/-r-xr-xrwx": "",
	"UsrTest/-r-xrw----": "",
	"UsrTest/-r-xrw---x": "",
	"UsrTest/-r-xrw--w-": "",
	"UsrTest/-r-xrw--wx": "",
	"UsrTest/-r-xrw-r--": "",
	"UsrTest/-r-xrw-r-x": "",
	"UsrTest/-r-xrw-rw-": "",
	"UsrTest/-r-xrw-rwx": "",
	"UsrTest/-r-xrwx---": "",
	"UsrTest/-r-xrwx--x": "",
	"UsrTest/-r-xrwx-w-": "",
	"UsrTest/-r-xrwx-wx": "",
	"UsrTest/-r-xrwxr--": "",
	"UsrTest/-r-xrwxr-x": "",
	"UsrTest/-r-xrwxrw-": "",
	"UsrTest/-r-xrwxrwx": "",
	"UsrTest/-rw-------": "",
	"UsrTest/-rw------x": "",
	"UsrTest/-rw-----w-": "",
	"UsrTest/-rw-----wx": "",
	"UsrTest/-rw----r--": "",
	"UsrTest/-rw----r-x": "",
	"UsrTest/-rw----rw-": "",
	"UsrTest/-rw----rwx": "",
	"UsrTest/-rw---x---": "",
	"UsrTest/-rw---x--x": "",
	"UsrTest/-rw---x-w-": "",
	"UsrTest/-rw---x-wx": "",
	"UsrTest/-rw---xr--": "",
	"UsrTest/-rw---xr-x": "",
	"UsrTest/-rw---xrw-": "",
	"UsrTest/-rw---xrwx": "",
	"UsrTest/-rw--w----": "",
	"UsrTest/-rw--w---x": "",
	"UsrTest/-rw--w--w-": "",
	"UsrTest/-rw--w--wx": "",
	"UsrTest/-rw--w-r--": "",
	"UsrTest/-rw--w-r-x": "",
	"UsrTest/-rw--w-rw-": "",
	"UsrTest/-rw--w-rwx": "",
	"UsrTest/-rw--wx---": "",
	"UsrTest/-rw--wx--x": "",
	"UsrTest/-rw--wx-w-": "",
	"UsrTest/-rw--wx-wx": "",
	"UsrTest/-rw--wxr--": "",
	"UsrTest/-rw--wxr-x": "",
	"UsrTest/-rw--wxrw-": "",
	"UsrTest/-rw--wxrwx": "",
	"UsrTest/-rw-r-----": "",
	"UsrTest/-rw-r----x": "",
	"UsrTest/-rw-r---w-": "",
	"UsrTest/-rw-r---wx": "",
	"UsrTest/-rw-r--r--": "",
	"UsrTest/-rw-r--r-x": "",
	"UsrTest/-rw-r--rw-": "",
	"UsrTest/-rw-r--rwx": "",
	"UsrTest/-rw-r-x---": "",
	"UsrTest/-rw-r-x--x": "",
	"UsrTest/-rw-r-x-w-": "",
	"UsrTest/-rw-r-x-wx": "",
	"UsrTest/-rw-r-xr--": "",
	"UsrTest/-rw-r-xr-x": "",
	"UsrTest/-rw-r-xrw-": "",
	"UsrTest/-rw-r-xrwx": "",
	"UsrTest/-rw-rw----": "",
	"UsrTest/-rw-rw---x": "",
	"UsrTest/-rw-rw--w-": "",
	"UsrTest/-rw-rw--wx": "",
	"UsrTest/-rw-rw-r--": "",
	"UsrTest/-rw-rw-r-x": "",
	"UsrTest/-rw-rw-rw-": "",
	"UsrTest/-rw-rw-rwx": "",
	"UsrTest/-rw-rwx---": "",
	"UsrTest/-rw-rwx--x": "",
	"UsrTest/-rw-rwx-w-": "",
	"UsrTest/-rw-rwx-wx": "",
	"UsrTest/-rw-rwxr--": "",
	"UsrTest/-rw-rwxr-x": "",
	"UsrTest/-rw-rwxrw-": "",
	"UsrTest/-rw-rwxrwx": "",
	"UsrTest/-rwx------": "",
	"UsrTest/-rwx-----x": "",
	"UsrTest/-rwx----w-": "",
	"UsrTest/-rwx----wx": "",
	"UsrTest/-rwx---r--": "",
	"UsrTest/-rwx---r-x": "",
	"UsrTest/-rwx---rw-": "",
	"UsrTest/-rwx---rwx": "",
	"UsrTest/-rwx--x---": "",
	"UsrTest/-rwx--x--x": "",
	"UsrTest/-rwx--x-w-": "",
	"UsrTest/-rwx--x-wx": "",
	"UsrTest/-rwx--xr--": "",
	"UsrTest/-rwx--xr-x": "",
	"UsrTest/-rwx--xrw-": "",
	"UsrTest/-rwx--xrwx": "",
	"UsrTest/-rwx-w----": "",
	"UsrTest/-rwx-w---x": "",
	"UsrTest/-rwx-w--w-": "",
	"UsrTest/-rwx-w--wx": "",
	"UsrTest/-rwx-w-r--": "",
	"UsrTest/-rwx-w-r-x": "",
	"UsrTest/-rwx-w-rw-": "",
	"UsrTest/-rwx-w-rwx": "",
	"UsrTest/-rwx-wx---": "",
	"UsrTest/-rwx-wx--x": "",
	"UsrTest/-rwx-wx-w-": "",
	"UsrTest/-rwx-wx-wx": "",
	"UsrTest/-rwx-wxr--": "",
	"UsrTest/-rwx-wxr-x": "",
	"UsrTest/-rwx-wxrw-": "",
	"UsrTest/-rwx-wxrwx": "",
	"UsrTest/-rwxr-----": "",
	"UsrTest/-rwxr----x": "",
	"UsrTest/-rwxr---w-": "",
	"UsrTest/-rwxr---wx": "",
	"UsrTest/-rwxr--r--": "",
	"UsrTest/-rwxr--r-x": "",
	"UsrTest/-rwxr--rw-": "",
	"UsrTest/-rwxr--rwx": "",
	"UsrTest/-rwxr-x---": "",
	"UsrTest/-rwxr-x--x": "",
	"UsrTest/-rwxr-x-w-": "",
	"UsrTest/-rwxr-x-wx": "",
	"UsrTest/-rwxr-xr--": "",
	"UsrTest/-rwxr-xr-x": "",
	"UsrTest/-rwxr-xrw-": "",
	"UsrTest/-rwxr-xrwx": "",
	"UsrTest/-rwxrw----": "",
	"UsrTest/-rwxrw---x": "",
	"UsrTest/-rwxrw--w-": "",
	"UsrTest/-rwxrw--wx": "",
	"UsrTest/-rwxrw-r--": "",
	"UsrTest/-rwxrw-r-x": "",
	"UsrTest/-rwxrw-rw-": "",
	"UsrTest/-rwxrw-rwx": "",
	"UsrTest/-rwxrwx---": "",
	"UsrTest/-rwxrwx--x": "",
	"UsrTest/-rwxrwx-w-": "",
	"UsrTest/-rwxrwx-wx": "",
	"UsrTest/-rwxrwxr--": "",
	"UsrTest/-rwxrwxr-x": "",
	"UsrTest/-rwxrwxrw-": "",
	"UsrTest/-rwxrwxrwx": ""
}