{
	"UsrGrp/----------": "chdir /perm/UsrGrp/----------: permission denied",
	"UsrGrp/---------x": "chdir /perm/UsrGrp/---------x: permission denied",
	"UsrGrp/--------w-": "chdir /perm/UsrGrp/--------w-: permission denied",
	"UsrGrp/--------wx": "chdir /perm/UsrGrp/--------wx: permission denied",
	"UsrGrp/-------r--": "chdir /perm/UsrGrp/-------r--: permission denied",
	"UsrGrp/-------r-x": "chdir /perm/UsrGrp/-------r-x: permission denied",
	"UsrGrp/-------rw-": "chdir /perm/UsrGrp/-------rw-: permission denied",
	"UsrGrp/-------rwx": "chdir /perm/UsrGrp/-------rwx: permission denied",
	"UsrGrp/------x---": "",
	"UsrGrp/------x--x": "",
	"UsrGrp/------x-w-": "",
	"UsrGrp/------x-wx": "",
	"UsrGrp/------xr--": "",
	"UsrGrp/------xr-x": "",
	"UsrGrp/------xrw-": "",
	"UsrGrp/------xrwx": "",
	"UsrGrp/-----w----": "chdir /perm/UsrGrp/-----w----: permission denied",
	"UsrGrp/-----w---x": "chdir /perm/UsrGrp/-----w---x: permission denied",
	"UsrGrp/-----w--w-": "chdir /perm/UsrGrp/-----w--w-: permission denied",
	"UsrGrp/-----w--wx": "chdir /perm/UsrGrp/-----w--wx: permission denied",
	"UsrGrp/-----w-r--": "chdir /perm/UsrGrp/-----w-r--: permission denied",
	"UsrGrp/-----w-r-x": "chdir /perm/UsrGrp/-----w-r-x: permission denied",
	"UsrGrp/-----w-rw-": "chdir /perm/UsrGrp/-----w-rw-: permission denied",
	"UsrGrp/-----w-rwx": "chdir /perm/UsrGrp/-----w-rwx: permission denied",
	"UsrGrp/-----wx---": "",
	"UsrGrp/-----wx--x": "",
	"UsrGrp/-----wx-w-": "",
	"UsrGrp/-----wx-wx": "",
	"UsrGrp/-----wxr--": "",
	"UsrGrp/-----wxr-x": "",
	"UsrGrp/-----wxrw-": "",
	"UsrGrp/-----wxrwx": "",
	"UsrGrp/----r-----": "chdir /perm/UsrGrp/----r-----: permission denied",
	"UsrGrp/----r----x": "chdir /perm/UsrGrp/----r----x: permission denied",
	"UsrGrp/----r---w-": "chdir /perm/UsrGrp/----r---w-: permission denied",
	"UsrGrp/----r---wx": "chdir /perm/UsrGrp/----r---wx: permission denied",
	"UsrGrp/----r--r--": "chdir /perm/UsrGrp/----r--r--: permission denied",
	"UsrGrp/----r--r-x": "chdir /perm/UsrGrp/----r--r-x: permission denied",
	"UsrGrp/----r--rw-": "chdir /perm/UsrGrp/----r--rw-: permission denied",
	"UsrGrp/----r--rwx": "chdir /perm/UsrGrp/----r--rwx: permission denied",
	"UsrGrp/----r-x---": "",
	"UsrGrp/----r-x--x": "",
	"UsrGrp/----r-x-w-": "",
	"UsrGrp/----r-x-wx": "",
	"UsrGrp/----r-xr--": "",
	"UsrGrp/----r-xr-x": "",
	"UsrGrp/----r-xrw-": "",
	"UsrGrp/----r-xrwx": "",
	"UsrGrp/----rw----": "chdir /perm/UsrGrp/----rw----: permission denied",
	"UsrGrp/----rw---x": "chdir /perm/UsrGrp/----rw---x: permission denied",
	"UsrGrp/----rw--w-": "chdir /perm/UsrGrp/----rw--w-: permission denied",
	"UsrGrp/----rw--wx": "chdir /perm/UsrGrp/----rw--wx: permission denied",
	"UsrGrp/----rw-r--": "chdir /perm/UsrGrp/----rw-r--: permission denied",
	"UsrGrp/----rw-r-x": "chdir /perm/UsrGrp/----rw-r-x: permission denied",
	"UsrGrp/----rw-rw-": "chdir /perm/UsrGrp/----rw-rw-: permission denied",
	"UsrGrp/----rw-rwx": "chdir /perm/UsrGrp/----rw-rwx: permission denied",
	"UsrGrp/----rwx---": "",
	"UsrGrp/----rwx--x": "",
	"UsrGrp/----rwx-w-": "",
	"UsrGrp/----rwx-wx": "",
	"UsrGrp/----rwxr--": "",
	"UsrGrp/----rwxr-x": "",
	"UsrGrp/----rwxrw-": "",
	"UsrGrp/----rwxrwx": "",
	"UsrGrp/---x------": "chdir /perm/UsrGrp/---x------: permission denied",
	"UsrGrp/---x-----x": "chdir /perm/UsrGrp/---x-----x: permission denied",
	"UsrGrp/---x----w-": "chdir /perm/UsrGrp/---x----w-: permission denied",
	"UsrGrp/---x----wx": "chdir /perm/UsrGrp/---x----wx: permission denied",
	"UsrGrp/---x---r--": "chdir /perm/UsrGrp/---x---r--: permission denied",
	"UsrGrp/---x---r-x": "chdir /perm/UsrGrp/---x---r-x: permission denied",
	"UsrGrp/---x---rw-": "chdir /perm/UsrGrp/---x---rw-: permission denied",
	"UsrGrp/---x---rwx": "chdir /perm/UsrGrp/---x---rwx: permission denied",
	"UsrGrp/---x--x---": "",
	"UsrGrp/---x--x--x": "",
	"UsrGrp/---x--x-w-": "",
	"UsrGrp/---x--x-wx": "",
	"UsrGrp/---x--xr--": "",
	"UsrGrp/---x--xr-x": "",
	"UsrGrp/---x--xrw-": "",
	"UsrGrp/---x--xrwx": "",
	"UsrGrp/---x-w----": "chdir /perm/UsrGrp/---x-w----: permission denied",
	"UsrGrp/---x-w---x": "chdir /perm/UsrGrp/---x-w---x: permission denied",
	"UsrGrp/---x-w--w-": "chdir /perm/UsrGrp/---x-w--w-: permission denied",
	"UsrGrp/---x-w--wx": "chdir /perm/UsrGrp/---x-w--wx: permission denied",
	"UsrGrp/---x-w-r--": "chdir /perm/UsrGrp/---x-w-r--: permission denied",
	"UsrGrp/---x-w-r-x": "chdir /perm/UsrGrp/---x-w-r-x: permission denied",
	"UsrGrp/---x-w-rw-": "chdir /perm/UsrGrp/---x-w-rw-: permission denied",
	"UsrGrp/---x-w-rwx": "chdir /perm/UsrGrp/---x-w-rwx: permission denied",
	"UsrGrp/---x-wx---": "",
	"UsrGrp/---x-wx--x": "",
	"UsrGrp/---x-wx-w-": "",
	"UsrGrp/---x-wx-wx": "",
	"UsrGrp/---x-wxr--": "",
	"UsrGrp/---x-wxr-x": "",
	"UsrGrp/---x-wxrw-": "",
	"UsrGrp/---x-wxrwx": "",
	"UsrGrp/---xr-----": "chdir /perm/UsrGrp/---xr-----: permission denied",
	"UsrGrp/---xr----x": "chdir /perm/UsrGrp/---xr----x: permission denied",
	"UsrGrp/---xr---w-": "chdir /perm/UsrGrp/---xr---w-: permission denied",
	"UsrGrp/---xr---wx": "chdir /perm/UsrGrp/---xr---wx: permission denied",
	"UsrGrp/---xr--r--": "chdir /perm/UsrGrp/---xr--r--: permission denied",
	"UsrGrp/---xr--r-x": "chdir /perm/UsrGrp/---xr--r-x: permission denied",
	"UsrGrp/---xr--rw-": "chdir /perm/UsrGrp/---xr--rw-: permission denied",
	"UsrGrp/---xr--rwx": "chdir /perm/UsrGrp/---xr--rwx: permission denied",
	"UsrGrp/---xr-x---": "",
	"UsrGrp/---xr-x--x": "",
	"UsrGrp/---xr-x-w-": "",
	"UsrGrp/---xr-x-wx": "",
	"UsrGrp/---xr-xr--": "",
	"UsrGrp/---xr-xr-x": "",
	"UsrGrp/---xr-xrw-": "",
	"UsrGrp/---xr-xrwx": "",
	"UsrGrp/---xrw----": "chdir /perm/UsrGrp/---xrw----: permission denied",
	"UsrGrp/---xrw---x": "chdir /perm/UsrGrp/---xrw---x: permission denied",
	"UsrGrp/---xrw--w-": "chdir /perm/UsrGrp/---xrw--w-: permission denied",
	"UsrGrp/---xrw--wx": "chdir /perm/UsrGrp/---xrw--wx: permission denied",
	"UsrGrp/---xrw-r--": "chdir /perm/UsrGrp/---xrw-r--: permission denied",
	"UsrGrp/---xrw-r-x": "chdir /perm/UsrGrp/---xrw-r-x: permission denied",
	"UsrGrp/---xrw-rw-": "chdir /perm/UsrGrp/---xrw-rw-: permission denied",
	"UsrGrp/---xrw-rwx": "chdir /perm/UsrGrp/---xrw-rwx: permission denied",
	"UsrGrp/---xrwx---": "",
	"UsrGrp/---xrwx--x": "",
	"UsrGrp/---xrwx-w-": "",
	"UsrGrp/---xrwx-wx": "",
	"UsrGrp/---xrwxr--": "",
	"UsrGrp/---xrwxr-x": "",
	"UsrGrp/---xrwxrw-": "",
	"UsrGrp/---xrwxrwx": "",
	"UsrGrp/--w-------": "chdir /perm/UsrGrp/--w-------: permission denied",
	"UsrGrp/--w------x": "chdir /perm/UsrGrp/--w------x: permission denied",
	"UsrGrp/--w-----w-": "chdir /perm/UsrGrp/--w-----w-: permission denied",
	"UsrGrp/--w-----wx": "chdir /perm/UsrGrp/--w-----wx: permission denied",
	"UsrGrp/--w----r--": "chdir /perm/UsrGrp/--w----r--: permission denied",
	"UsrGrp/--w----r-x": "chdir /perm/UsrGrp/--w----r-x: permission denied",
	"UsrGrp/--w----rw-": "chdir /perm/UsrGrp/--w----rw-: permission denied",
	"UsrGrp/--w----rwx": "chdir /perm/UsrGrp/--w----rwx: permission denied",
	"UsrGrp/--w---x---": "",
	"UsrGrp/--w---x--x": "",
	"UsrGrp/--w---x-w-": "",
	"UsrGrp/--w---x-wx": "",
	"UsrGrp/--w---xr--": "",
	"UsrGrp/--w---xr-x": "",
	"UsrGrp/--w---xrw-": "",
	"UsrGrp/--w---xrwx": "",
	"UsrGrp/--w--w----": "chdir /perm/UsrGrp/--w--w----: permission denied",
	"UsrGrp/--w--w---x": "chdir /perm/UsrGrp/--w--w---x: permission denied",
	"UsrGrp/--w--w--w-": "chdir /perm/UsrGrp/--w--w--w-: permission denied",
	"UsrGrp/--w--w--wx": "chdir /perm/UsrGrp/--w--w--wx: permission denied",
	"UsrGrp/--w--w-r--": "chdir /perm/UsrGrp/--w--w-r--: permission denied",
	"UsrGrp/--w--w-r-x": "chdir /perm/UsrGrp/--w--w-r-x: permission denied",
	"UsrGrp/--w--w-rw-": "chdir /perm/UsrGrp/--w--w-rw-: permission denied",
	"UsrGrp/--w--w-rwx": "chdir /perm/UsrGrp/--w--w-rwx: permission denied",
	"UsrGrp/--w--wx---": "",
	"UsrGrp/--w--wx--x": "",
	"UsrGrp/--w--wx-w-": "",
	"UsrGrp/--w--wx-wx": "",
	"UsrGrp/--w--wxr--": "",
	"UsrGrp/--w--wxr-x": "",
	"UsrGrp/--w--wxrw-": "",
	"UsrGrp/--w--wxrwx": "",
	"UsrGrp/--w-r-----": "chdir /perm/UsrGrp/--w-r-----: permission denied",
	"UsrGrp/--w-r----x": "chdir /perm/UsrGrp/--w-r----x: permission denied",
	"UsrGrp/--w-r---w-": "chdir /perm/UsrGrp/--w-r---w-: permission denied",
	"UsrGrp/--w-r---wx": "chdir /perm/UsrGrp/--w-r---wx: permission denied",
	"UsrGrp/--w-r--r--": "chdir /perm/UsrGrp/--w-r--r--: permission denied",
	"UsrGrp/--w-r--r-x": "chdir /perm/UsrGrp/--w-r--r-x: permission denied",
	"UsrGrp/--w-r--rw-": "chdir /perm/UsrGrp/--w-r--rw-: permission denied",
	"UsrGrp/--w-r--rwx": "chdir /perm/UsrGrp/--w-r--rwx: permission denied",
	"UsrGrp/--w-r-x---": "",
	"UsrGrp/--w-r-x--x": "",
	"UsrGrp/--w-r-x-w-": "",
	"UsrGrp/--w-r-x-wx": "",
	"UsrGrp/--w-r-xr--": "",
	"UsrGrp/--w-r-xr-x": "",
	"UsrGrp/--w-r-xrw-": "",
	"UsrGrp/--w-r-xrwx": "",
	"UsrGrp/--w-rw----": "chdir /perm/UsrGrp/--w-rw----: permission denied",
	"UsrGrp/--w-rw---x": "chdir /perm/UsrGrp/--w-rw---x: permission denied",
	"UsrGrp/--w-rw--w-": "chdir /perm/UsrGrp/--w-rw--w-: permission denied",
	"UsrGrp/--w-rw--wx": "chdir /perm/UsrGrp/--w-rw--wx: permission denied",
	"UsrGrp/--w-rw-r--": "chdir /perm/UsrGrp/--w-rw-r--: permission denied",
	"UsrGrp/--w-rw-r-x": "chdir /perm/UsrGrp/--w-rw-r-x: permission denied",
	"UsrGrp/--w-rw-rw-": "chdir /perm/UsrGrp/--w-rw-rw-: permission denied",
	"UsrGrp/--w-rw-rwx": "chdir /perm/UsrGrp/--w-rw-rwx: permission denied",
	"UsrGrp/--w-rwx---": "",
	"UsrGrp/--w-rwx--x": "",
	"UsrGrp/--w-rwx-w-": "",
	"UsrGrp/--w-rwx-wx": "",
	"UsrGrp/--w-rwxr--": "",
	"UsrGrp/--w-rwxr-x": "",
	"UsrGrp/--w-rwxrw-": "",
	"UsrGrp/--w-rwxrwx": "",
	"UsrGrp/--wx------": "chdir /perm/UsrGrp/--wx------: permission denied",
	"UsrGrp/--wx-----x": "chdir /perm/UsrGrp/--wx-----x: permission denied",
	"UsrGrp/--wx----w-": "chdir /perm/UsrGrp/--wx----w-: permission denied",
	"UsrGrp/--wx----wx": "chdir /perm/UsrGrp/--wx----wx: permission denied",
	"UsrGrp/--wx---r--": "chdir /perm/UsrGrp/--wx---r--: permission denied",
	"UsrGrp/--wx---r-x": "chdir /perm/UsrGrp/--wx---r-x: permission denied",
	"UsrGrp/--wx---rw-": "chdir /perm/UsrGrp/--wx---rw-: permission denied",
	"UsrGrp/--wx---rwx": "chdir /perm/UsrGrp/--wx---rwx: permission denied",
	"UsrGrp/--wx--x---": "",
	"UsrGrp/--wx--x--x": "",
	"UsrGrp/--wx--x-w-": "",
	"UsrGrp/--wx--x-wx": "",
	"UsrGrp/--wx--xr--": "",
	"UsrGrp/--wx--xr-x": "",
	"UsrGrp/--wx--xrw-": "",
	"UsrGrp/--wx--xrwx": "",
	"UsrGrp/--wx-w----": "chdir /perm/UsrGrp/--wx-w----: permission denied",
	"UsrGrp/--wx-w---x": "chdir /perm/UsrGrp/--wx-w---x: permission denied",
	"UsrGrp/--wx-w--w-": "chdir /perm/UsrGrp/--wx-w--w-: permission denied",
	"UsrGrp/--wx-w--wx": "chdir /perm/UsrGrp/--wx-w--wx: permission denied",
	"UsrGrp/--wx-w-r--": "chdir /perm/UsrGrp/--wx-w-r--: permission denied",
	"UsrGrp/--wx-w-r-x": "chdir /perm/UsrGrp/--wx-w-r-x: permission denied",
	"UsrGrp/--wx-w-rw-": "chdir /perm/UsrGrp/--wx-w-rw-: permission denied",
	"UsrGrp/--wx-w-rwx": "chdir /perm/UsrGrp/--wx-w-rwx: permission denied",
	"UsrGrp/--wx-wx---": "",
	"UsrGrp/--wx-wx--x": "",
	"UsrGrp/--wx-wx-w-": "",
	"UsrGrp/--wx-wx-wx": "",
	"UsrGrp/--wx-wxr--": "",
	"UsrGrp/--wx-wxr-x": "",
	"UsrGrp/--wx-wxrw-": "",
	"UsrGrp/--wx-wxrwx": "",
	"UsrGrp/--wxr-----": "chdir /perm/UsrGrp/--wxr-----: permission denied",
	"UsrGrp/--wxr----x": "chdir /perm/UsrGrp/--wxr----x: permission denied",
	"UsrGrp/--wxr---w-": "chdir /perm/UsrGrp/--wxr---w-: permission denied",
	"UsrGrp/--wxr---wx": "chdir /perm/UsrGrp/--wxr---wx: permission denied",
	"UsrGrp/--wxr--r--": "chdir /perm/UsrGrp/--wxr--r--: permission denied",
	"UsrGrp/--wxr--r-x": "chdir /perm/UsrGrp/--wxr--r-x: permission denied",
	"UsrGrp/--wxr--rw-": "chdir /perm/UsrGrp/--wxr--rw-: permission denied",
	"UsrGrp/--wxr--rwx": "chdir /perm/UsrGrp/--wxr--rwx: permission denied",
	"UsrGrp/--wxr-x---": "",
	"UsrGrp/--wxr-x--x": "",
	"UsrGrp/--wxr-x-w-": "",
	"UsrGrp/--wxr-x-wx": "",
	"UsrGrp/--wxr-xr--": "",
	"UsrGrp/--wxr-xr-x": "",
	"UsrGrp/--wxr-xrw-": "",
	"UsrGrp/--wxr-xrwx": "",
	"UsrGrp/--wxrw----": "chdir /perm/UsrGrp/--wxrw----: permission denied",
	"UsrGrp/--wxrw---x": "chdir /perm/UsrGrp/--wxrw---x: permission denied",
	"UsrGrp/--wxrw--w-": "chdir /perm/UsrGrp/--wxrw--w-: permission denied",
	"UsrGrp/--wxrw--wx": "chdir /perm/UsrGrp/--wxrw--wx: permission denied",
	"UsrGrp/--wxrw-r--": "chdir /perm/UsrGrp/--wxrw-r--: permission denied",
	"UsrGrp/--wxrw-r-x": "chdir /perm/UsrGrp/--wxrw-r-x: permission denied",
	"UsrGrp/--wxrw-rw-": "chdir /perm/UsrGrp/--wxrw-rw-: permission denied",
	"UsrGrp/--wxrw-rwx": "chdir /perm/UsrGrp/--wxrw-rwx: permission denied",
	"UsrGrp/--wxrwx---": "",
	"UsrGrp/--wxrwx--x": "",
	"UsrGrp/--wxrwx-w-": "",
	"UsrGrp/--wxrwx-wx": "",
	"UsrGrp/--wxrwxr--": "",
	"UsrGrp/--wxrwxr-x": "",
	"UsrGrp/--wxrwxrw-": "",
	"UsrGrp/--wxrwxrwx": "",
	"UsrGrp/-r--------": "chdir /perm/UsrGrp/-r--------: permission denied",
	"UsrGrp/-r-------x": "chdir /perm/UsrGrp/-r-------x: permission denied",
	"UsrGrp/-r------w-": "chdir /perm/UsrGrp/-r------w-: permission denied",
	"UsrGrp/-r------wx": "chdir /perm/UsrGrp/-r------wx: permission denied",
	"UsrGrp/-r-----r--": "chdir /perm/UsrGrp/-r-----r--: permission denied",
	"UsrGrp/-r-----r-x": "chdir /perm/UsrGrp/-r-----r-x: permission denied",
	"UsrGrp/-r-----rw-": "chdir /perm/UsrGrp/-r-----rw-: permission denied",
	"UsrGrp/-r-----rwx": "chdir /perm/UsrGrp/-r-----rwx: permission denied",
	"UsrGrp/-r----x---": "",
	"UsrGrp/-r----x--x": "",
	"UsrGrp/-r----x-w-": "",
	"UsrGrp/-r----x-wx": "",
	"UsrGrp/-r----xr--": "",
	"UsrGrp/-r----xr-x": "",
	"UsrGrp/-r----xrw-": "",
	"UsrGrp/-r----xrwx": "",
	"UsrGrp/-r---w----": "chdir /perm/UsrGrp/-r---w----: permission denied",
	"UsrGrp/-r---w---x": "chdir /perm/UsrGrp/-r---w---x: permission denied",
	"UsrGrp/-r---w--w-": "chdir /perm/UsrGrp/-r---w--w-: permission denied",
	"UsrGrp/-r---w--wx": "chdir /perm/UsrGrp/-r---w--wx: permission denied",
	"UsrGrp/-r---w-r--": "chdir /perm/UsrGrp/-r---w-r--: permission denied",
	"UsrGrp/-r---w-r-x": "chdir /perm/UsrGrp/-r---w-r-x: permission denied",
	"UsrGrp/-r---w-rw-": "chdir /perm/UsrGrp/-r---w-rw-: permission denied",
	"UsrGrp/-r---w-rwx": "chdir /perm/UsrGrp/-r---w-rwx: permission denied",
	"UsrGrp/-r---wx---": "",
	"UsrGrp/-r---wx--x": "",
	"UsrGrp/-r---wx-w-": "",
	"UsrGrp/-r---wx-wx": "",
	"UsrGrp/-r---wxr--": "",
	"UsrGrp/-r---wxr-x": "",
	"UsrGrp/-r---wxrw-": "",
	"UsrGrp/-r---wxrwx": "",
	"UsrGrp/-r--r-----": "chdir /perm/UsrGrp/-r--r-----: permission denied",
	"UsrGrp/-r--r----x": "chdir /perm/UsrGrp/-r--r----x: permission denied",
	"UsrGrp/-r--r---w-": "chdir /perm/UsrGrp/-r--r---w-: permission denied",
	"UsrGrp/-r--r---wx": "chdir /perm/UsrGrp/-r--r---wx: permission denied",
	"UsrGrp/-r--r--r--": "chdir /perm/UsrGrp/-r--r--r--: permission denied",
	"UsrGrp/-r--r--r-x": "chdir /perm/UsrGrp/-r--r--r-x: permission denied",
	"UsrGrp/-r--r--rw-": "chdir /perm/UsrGrp/-r--r--rw-: permission denied",
	"UsrGrp/-r--r--rwx": "chdir /perm/UsrGrp/-r--r--rwx: permission denied",
	"UsrGrp/-r--r-x---": "",
	"UsrGrp/-r--r-x--x": "",
	"UsrGrp/-r--r-x-w-": "",
	"UsrGrp/-r--r-x-wx": "",
	"UsrGrp/-r--r-xr--": "",
	"UsrGrp/-r--r-xr-x": "",
	"UsrGrp/-r--r-xrw-": "",
	"UsrGrp/-r--r-xrwx": "",
	"UsrGrp/-r--rw----": "chdir /perm/UsrGrp/-r--rw----: permission denied",
	"UsrGrp/-r--rw---x": "chdir /perm/UsrGrp/-r--rw---x: permission denied",
	"UsrGrp/-r--rw--w-": "chdir /perm/UsrGrp/-r--rw--w-: permission denied",
	"UsrGrp/-r--rw--wx": "chdir /perm/UsrGrp/-r--rw--wx: permission denied",
	"UsrGrp/-r--rw-r--": "chdir /perm/UsrGrp/-r--rw-r--: permission denied",
	"UsrGrp/-r--rw-r-x": "chdir /perm/UsrGrp/-r--rw-r-x: permission denied",
	"UsrGrp/-r--rw-rw-": "chdir /perm/UsrGrp/-r--rw-rw-: permission denied",
	"UsrGrp/-r--rw-rwx": "chdir /perm/UsrGrp/-r--rw-rwx: permission denied",
	"UsrGrp/-r--rwx---": "",
	"UsrGrp/-r--rwx--x": "",
	"UsrGrp/-r--rwx-w-": "",
	"UsrGrp/-r--rwx-wx": "",
	"UsrGrp/-r--rwxr--": "",
	"UsrGrp/-r--rwxr-x": "",
	"UsrGrp/-r--rwxrw-": "",
	"UsrGrp/-r--rwxrwx": "",
	"UsrGrp/-r-x------": "chdir /perm/UsrGrp/-r-x------: permission denied",
	"UsrGrp/-r-x-----x": "chdir /perm/UsrGrp/-r-x-----x: permission denied",
	"UsrGrp/-r-x----w-": "chdir /perm/UsrGrp/-r-x----w-: permission denied",
	"UsrGrp/-r-x----wx": "chdir /perm/UsrGrp/-r-x----wx: permission denied",
	"UsrGrp/-r-x---r--": "chdir /perm/UsrGrp/-r-x---r--: permission denied",
	"UsrGrp/-r-x---r-x": "chdir /perm/UsrGrp/-r-x---r-x: permission denied",
	"UsrGrp/-r-x---rw-": "chdir /perm/UsrGrp/-r-x---rw-: permission denied",
	"UsrGrp/-r-x---rwx": "chdir /perm/UsrGrp/-r-x---rwx: permission denied",
	"UsrGrp/-r-x--x---": "",
	"UsrGrp/-r-x--x--x": "",
	"UsrGrp/-r-x--x-w-": "",
	"UsrGrp/-r-x--x-wx": "",
	"UsrGrp/-r-x--xr--": "",
	"UsrGrp/-r-x--xr-x": "",
	"UsrGrp/-r-x--xrw-": "",
	"UsrGrp/-r-x--xrwx": "",
	"UsrGrp/-r-x-w----": "chdir /perm/UsrGrp/-r-x-w----: permission denied",
	"UsrGrp/-r-x-w---x": "chdir /perm/UsrGrp/-r-x-w---x: permission denied",
	"UsrGrp/-r-x-w--w-": "chdir /perm/UsrGrp/-r-x-w--w-: permission denied",
	"UsrGrp/-r-x-w--wx": "chdir /perm/UsrGrp/-r-x-w--wx: permission denied",
	"UsrGrp/-r-x-w-r--": "chdir /perm/UsrGrp/-r-x-w-r--: permission denied",
	"UsrGrp/-r-x-w-r-x": "chdir /perm/UsrGrp/-r-x-w-r-x: permission denied",
	"UsrGrp/-r-x-w-rw-": "chdir /perm/UsrGrp/-r-x-w-rw-: permission denied",
	"UsrGrp/-r-x-w-rwx": "chdir /perm/UsrGrp/-r-x-w-rwx: permission denied",
	"UsrGrp/-r-x-wx---": "",
	"UsrGrp/-r-x-wx--x": "",
	"UsrGrp/-r-x-wx-w-": "",
	"UsrGrp/-r-x-wx-wx": "",
	"UsrGrp/-r-x-wxr--": "",
	"UsrGrp/-r-x-wxr-x": "",
	"UsrGrp/-r-x-wxrw-": "",
	"UsrGrp/-r-x-wxrwx": "",
	"UsrGrp/-r-xr-----": "chdir /perm/UsrGrp/-r-xr-----: permission denied",
	"UsrGrp/-r-xr----x": "chdir /perm/UsrGrp/-r-xr----x: permission denied",
	"UsrGrp/-r-xr---w-": "chdir /perm/UsrGrp/-r-xr---w-: permission denied",
	"UsrGrp/-r-xr---wx": "chdir /perm/UsrGrp/-r-xr---wx: permission denied",
	"UsrGrp/-r-xr--r--": "chdir /perm/UsrGrp/-r-xr--r--: permission denied",
	"UsrGrp/-r-xr--r-x": "chdir /perm/UsrGrp/-r-xr--r-x: permission denied",
	"UsrGrp/-r-xr--rw-": "chdir /perm/UsrGrp/-r-xr--rw-: permission denied",
	"UsrGrp/-r-xr--rwx": "chdir /perm/UsrGrp/-r-xr--rwx: permission denied",
	"UsrGrp/-r-xr-x---": "",
	"UsrGrp/-r-xr-x--x": "",
	"UsrGrp/-r-xr-x-w-": "",
	"UsrGrp/-r-xr-x-wx": "",
	"UsrGrp/-r-xr-xr--": "",
	"UsrGrp/-r-xr-xr-x": "",
	"UsrGrp/-r-xr-xrw-": "",
	"UsrGrp/-r-xr-xrwx": "",
	"UsrGrp/-r-xrw----": "chdir /perm/UsrGrp/-r-xrw----: permission denied",
	"UsrGrp/-r-xrw---x": "chdir /perm/UsrGrp/-r-xrw---x: permission denied",
	"UsrGrp/-r-xrw--w-": "chdir /perm/UsrGrp/-r-xrw--w-: permission denied",
	"UsrGrp/-r-xrw--wx": "chdir /perm/UsrGrp/-r-xrw--wx: permission denied",
	"UsrGrp/-r-xrw-r--": "chdir /perm/UsrGrp/-r-xrw-r--: permission denied",
	"UsrGrp/-r-xrw-r-x": "chdir /perm/UsrGrp/-r-xrw-r-x: permission denied",
	"UsrGrp/-r-xrw-rw-": "chdir /perm/UsrGrp/-r-xrw-rw-: permission denied",
	"UsrGrp/-r-xrw-rwx": "chdir /perm/UsrGrp/-r-xrw-rwx: permission denied",
	"UsrGrp/-r-xrwx---": "",
	"UsrGrp/-r-xrwx--x": "",
	"UsrGrp/-r-xrwx-w-": "",
	"UsrGrp/-r-xrwx-wx": "",
	"UsrGrp/-r-xrwxr--": "",
	"UsrGrp/-r-xrwxr-x": "",
	"UsrGrp/-r-xrwxrw-": "",
	"UsrGrp/-r-xrwxrwx": "",
	"UsrGrp/-rw-------": "chdir /perm/UsrGrp/-rw-------: permission denied",
	"UsrGrp/-rw------x": "chdir /perm/UsrGrp/-rw------x: permission denied",
	"UsrGrp/-rw-----w-": "chdir /perm/UsrGrp/-rw-----w-: permission denied",
	"UsrGrp/-rw-----wx": "chdir /perm/UsrGrp/-rw-----wx: permission denied",
	"UsrGrp/-rw----r--": "chdir /perm/UsrGrp/-rw----r--: permission denied",
	"UsrGrp/-rw----r-x": "chdir /perm/UsrGrp/-rw----r-x: permission denied",
	"UsrGrp/-rw----rw-": "chdir /perm/UsrGrp/-rw----rw-: permission denied",
	"UsrGrp/-rw----rwx": "chdir /perm/UsrGrp/-rw----rwx: permission denied",
	"UsrGrp/-rw---x---": "",
	"UsrGrp/-rw---x--x": "",
	"UsrGrp/-rw---x-w-": "",
	"UsrGrp/-rw---x-wx": "",
	"UsrGrp/-rw---xr--": "",
	"UsrGrp/-rw---xr-x": "",
	"UsrGrp/-rw---xrw-": "",
	"UsrGrp/-rw---xrwx": "",
	"UsrGrp/-rw--w----": "chdir /perm/UsrGrp/-rw--w----: permission denied",
	"UsrGrp/-rw--w---x": "chdir /perm/UsrGrp/-rw--w---x: permission denied",
	"UsrGrp/-rw--w--w-": "chdir /perm/UsrGrp/-rw--w--w-: permission denied",
	"UsrGrp/-rw--w--wx": "chdir /perm/UsrGrp/-rw--w--wx: permission denied",
	"UsrGrp/-rw--w-r--": "chdir /perm/UsrGrp/-rw--w-r--: permission denied",
	"UsrGrp/-rw--w-r-x": "chdir /perm/UsrGrp/-rw--w-r-x: permission denied",
	"UsrGrp/-rw--w-rw-": "chdir /perm/UsrGrp/-rw--w-rw-: permission denied",
	"UsrGrp/-rw--w-rwx": "chdir /perm/UsrGrp/-rw--w-rwx: permission denied",
	"UsrGrp/-rw--wx---": "",
	"UsrGrp/-rw--wx--x": "",
	"UsrGrp/-rw--wx-w-": "",
	"UsrGrp/-rw--wx-wx": "",
	"UsrGrp/-rw--wxr--": "",
	"UsrGrp/-rw--wxr-x": "",
	"UsrGrp/-rw--wxrw-": "",
	"UsrGrp/-rw--wxrwx": "",
	"UsrGrp/-rw-r-----": "chdir /perm/UsrGrp/-rw-r-----: permission denied",
	"UsrGrp/-rw-r----x": "chdir /perm/UsrGrp/-rw-r----x: permission denied",
	"UsrGrp/-rw-r---w-": "chdir /perm/UsrGrp/-rw-r---w-: permission denied",
	"UsrGrp/-rw-r---wx": "chdir /perm/UsrGrp/-rw-r---wx: permission denied",
	"UsrGrp/-rw-r--r--": "chdir /perm/UsrGrp/-rw-r--r--: permission denied",
	"UsrGrp/-rw-r--r-x": "chdir /perm/UsrGrp/-rw-r--r-x: permission denied",
	"UsrGrp/-rw-r--rw-": "chdir /perm/UsrGrp/-rw-r--rw-: permission denied",
	"UsrGrp/-rw-r--rwx": "chdir /perm/UsrGrp/-rw-r--rwx: permission denied",
	"UsrGrp/-rw-r-x---": "",
	"UsrGrp/-rw-r-x--x": "",
	"UsrGrp/-rw-r-x-w-": "",
	"UsrGrp/-rw-r-x-wx": "",
	"UsrGrp/-rw-r-xr--": "",
	"UsrGrp/-rw-r-xr-x": "",
	"UsrGrp/-rw-r-xrw-": "",
	"UsrGrp/-rw-r-xrwx": "",
	"UsrGrp/-rw-rw----": "chdir /perm/UsrGrp/-rw-rw----: permission denied",
	"UsrGrp/-rw-rw---x": "chdir /perm/UsrGrp/-rw-rw---x: permission denied",
	"UsrGrp/-rw-rw--w-": "chdir /perm/UsrGrp/-rw-rw--w-: permission denied",
	"UsrGrp/-rw-rw--wx": "chdir /perm/UsrGrp/-rw-rw--wx: permission denied",
	"UsrGrp/-rw-rw-r--": "chdir /perm/UsrGrp/-rw-rw-r--: permission denied",
	"UsrGrp/-rw-rw-r-x": "chdir /perm/UsrGrp/-rw-rw-r-x: permission denied",
	"UsrGrp/-rw-rw-rw-": "chdir /perm/UsrGrp/-rw-rw-rw-: permission denied",
	"UsrGrp/-rw-rw-rwx": "chdir /perm/UsrGrp/-rw-rw-rwx: permission denied",
	"UsrGrp/-rw-rwx---": "",
	"UsrGrp/-rw-rwx--x": "",
	"UsrGrp/-rw-rwx-w-": "",
	"UsrGrp/-rw-rwx-wx": "",
	"UsrGrp/-rw-rwxr--": "",
	"UsrGrp/-rw-rwxr-x": "",
	"UsrGrp/-rw-rwxrw-": "",
	"UsrGrp/-rw-rwxrwx": "",
	"UsrGrp/-rwx------": "chdir /perm/UsrGrp/-rwx------: permission denied",
	"UsrGrp/-rwx-----x": "chdir /perm/UsrGrp/-rwx-----x: permission denied",
	"UsrGrp/-rwx----w-": "chdir /perm/UsrGrp/-rwx----w-: permission denied",
	"UsrGrp/-rwx----wx": "chdir /perm/UsrGrp/-rwx----wx: permission denied",
	"UsrGrp/-rwx---r--": "chdir /perm/UsrGrp/-rwx---r--: permission denied",
	"UsrGrp/-rwx---r-x": "chdir /perm/UsrGrp/-rwx---r-x: permission denied",
	"UsrGrp/-rwx---rw-": "chdir /perm/UsrGrp/-rwx---rw-: permission denied",
	"UsrGrp/-rwx---rwx": "chdir /perm/UsrGrp/-rwx---rwx: permission denied",
	"UsrGrp/-rwx--x---": "",
	"UsrGrp/-rwx--x--x": "",
	"UsrGrp/-rwx--x-w-": "",
	"UsrGrp/-rwx--x-wx": "",
	"UsrGrp/-rwx--xr--": "",
	"UsrGrp/-rwx--xr-x": "",
	"UsrGrp/-rwx--xrw-": "",
	"UsrGrp/-rwx--xrwx": "",
	"UsrGrp/-rwx-w----": "chdir /perm/UsrGrp/-rwx-w----: permission denied",
	"UsrGrp/-rwx-w---x": "chdir /perm/UsrGrp/-rwx-w---x: permission denied",
	"UsrGrp/-rwx-w--w-": "chdir /perm/UsrGrp/-rwx-w--w-: permission denied",
	"UsrGrp/-rwx-w--wx": "chdir /perm/UsrGrp/-rwx-w--wx: permission denied",
	"UsrGrp/-rwx-w-r--": "chdir /perm/UsrGrp/-rwx-w-r--: permission denied",
	"UsrGrp/-rwx-w-r-x": "chdir /perm/UsrGrp/-rwx-w-r-x: permission denied",
	"UsrGrp/-rwx-w-rw-": "chdir /perm/UsrGrp/-rwx-w-rw-: permission denied",
	"UsrGrp/-rwx-w-rwx": "chdir /perm/UsrGrp/-rwx-w-rwx: permission denied",
	"UsrGrp/-rwx-wx---": "",
	"UsrGrp/-rwx-wx--x": "",
	"UsrGrp/-rwx-wx-w-": "",
	"UsrGrp/-rwx-wx-wx": "",
	"UsrGrp/-rwx-wxr--": "",
	"UsrGrp/-rwx-wxr-x": "",
	"UsrGrp/-rwx-wxrw-": "",
	"UsrGrp/-rwx-wxrwx": "",
	"UsrGrp/-rwxr-----": "chdir /perm/UsrGrp/-rwxr-----: permission denied",
	"UsrGrp/-rwxr----x": "chdir /perm/UsrGrp/-rwxr----x: permission denied",
	"UsrGrp/-rwxr---w-": "chdir /perm/UsrGrp/-rwxr---w-: permission denied",
	"UsrGrp/-rwxr---wx": "chdir /perm/UsrGrp/-rwxr---wx: permission denied",
	"UsrGrp/-rwxr--r--": "chdir /perm/UsrGrp/-rwxr--r--: permission denied",
	"UsrGrp/-rwxr--r-x": "chdir /perm/UsrGrp/-rwxr--r-x: permission denied",
	"UsrGrp/-rwxr--rw-": "chdir /perm/UsrGrp/-rwxr--rw-: permission denied",
	"UsrGrp/-rwxr--rwx": "chdir /perm/UsrGrp/-rwxr--rwx: permission denied",
	"UsrGrp/-rwxr-x---": "",
	"UsrGrp/-rwxr-x--x": "",
	"UsrGrp/-rwxr-x-w-": "",
	"UsrGrp/-rwxr-x-wx": "",
	"UsrGrp/-rwxr-xr--": "",
	"UsrGrp/-rwxr-xr-x": "",
	"UsrGrp/-rwxr-xrw-": "",
	"UsrGrp/-rwxr-xrwx": "",
	"UsrGrp/-rwxrw----": "chdir /perm/UsrGrp/-rwxrw----: permission denied",
	"UsrGrp/-rwxrw---x": "chdir /perm/UsrGrp/-rwxrw---x: permission denied",
	"UsrGrp/-rwxrw--w-": "chdir /perm/UsrGrp/-rwxrw--w-: permission denied",
	"UsrGrp/-rwxrw--wx": "chdir /perm/UsrGrp/-rwxrw--wx: permission denied",
	"UsrGrp/-rwxrw-r--": "chdir /perm/UsrGrp/-rwxrw-r--: permission denied",
	"UsrGrp/-rwxrw-r-x": "chdir /perm/UsrGrp/-rwxrw-r-x: permission denied",
	"UsrGrp/-rwxrw-rw-": "chdir /perm/UsrGrp/-rwxrw-rw-: permission denied",
	"UsrGrp/-rwxrw-rwx": "chdir /perm/UsrGrp/-rwxrw-rwx: permission denied",
	"UsrGrp/-rwxrwx---": "",
	"UsrGrp/-rwxrwx--x": "",
	"UsrGrp/-rwxrwx-w-": "",
	"UsrGrp/-rwxrwx-wx": "",
	"UsrGrp/-rwxrwxr--": "",
	"UsrGrp/-rwxrwxr-x": "",
	"UsrGrp/-rwxrwxrw-": "",
	"UsrGrp/-rwxrwxrwx": "",
	"UsrOth/----------": "chdir /perm/UsrOth/----------: permission denied",
	"UsrOth/---------x": "",
	"UsrOth/--------w-": "chdir /perm/UsrOth/--------w-: permission denied",
	"UsrOth/--------wx": "",
	"UsrOth/-------r--": "chdir /perm/UsrOth/-------r--: permission denied",
	"UsrOth/-------r-x": "",
	"UsrOth/-------rw-": "chdir /perm/UsrOth/-------rw-: permission denied",
	"UsrOth/-------rwx": "",
	"UsrOth/------x---": "chdir /perm/UsrOth/------x---: permission denied",
	"UsrOth/------x--x": "",
	"UsrOth/------x-w-": "chdir /perm/UsrOth/------x-w-: permission denied",
	"UsrOth/------x-wx": "",
	"UsrOth/------xr--": "chdir /perm/UsrOth/------xr--: permission denied",
	"UsrOth/------xr-x": "",
	"UsrOth/------xrw-": "chdir /perm/UsrOth/------xrw-: permission denied",
	"UsrOth/------xrwx": "",
	"UsrOth/-----w----": "chdir /perm/UsrOth/-----w----: permission denied",
	"UsrOth/-----w---x": "",
	"UsrOth/-----w--w-": "chdir /perm/UsrOth/-----w--w-: permission denied",
	"UsrOth/-----w--wx": "",
	"UsrOth/-----w-r--": "chdir /perm/UsrOth/-----w-r--: permission denied",
	"UsrOth/-----w-r-x": "",
	"UsrOth/-----w-rw-": "chdir /perm/UsrOth/-----w-rw-: permission denied",
	"UsrOth/-----w-rwx": "",
	"UsrOth/-----wx---": "chdir /perm/UsrOth/-----wx---: permission denied",
	"UsrOth/-----wx--x": "",
	"UsrOth/-----wx-w-": "chdir /perm/UsrOth/-----wx-w-: permission denied",
	"UsrOth/-----wx-wx": "",
	"UsrOth/-----wxr--": "chdir /perm/UsrOth/-----wxr--: permission denied",
	"UsrOth/-----wxr-x": "",
	"UsrOth/-----wxrw-": "chdir /perm/UsrOth/-----wxrw-: permission denied",
	"UsrOth/-----wxrwx": "",
	"UsrOth/----r-----": "chdir /perm/UsrOth/----r-----: permission denied",
	"UsrOth/----r----x": "",
	"UsrOth/----r---w-": "chdir /perm/UsrOth/----r---w-: permission denied",
	"UsrOth/----r---wx": "",
	"UsrOth/----r--r--": "chdir /perm/UsrOth/----r--r--: permission denied",
	"UsrOth/----r--r-x": "",
	"UsrOth/----r--rw-": "chdir /perm/UsrOth/----r--rw-: permission denied",
	"UsrOth/----r--rwx": "",
	"UsrOth/----r-x---": "chdir /perm/UsrOth/----r-x---: permission denied",
	"UsrOth/----r-x--x": "",
	"UsrOth/----r-x-w-": "chdir /perm/UsrOth/----r-x-w-: permission denied",
	"UsrOth/----r-x-wx": "",
	"UsrOth/----r-xr--": "chdir /perm/UsrOth/----r-xr--: permission denied",
	"UsrOth/----r-xr-x": "",
	"UsrOth/----r-xrw-": "chdir /perm/UsrOth/----r-xrw-: permission denied",
	"UsrOth/----r-xrwx": "",
	"UsrOth/----rw----": "chdir /perm/UsrOth/----rw----: permission denied",
	"UsrOth/----rw---x": "",
	"UsrOth/----rw--w-": "chdir /perm/UsrOth/----rw--w-: permission denied",
	"UsrOth/----rw--wx": "",
	"UsrOth/----rw-r--": "chdir /perm/UsrOth/----rw-r--: permission denied",
	"UsrOth/----rw-r-x": "",
	"UsrOth/----rw-rw-": "chdir /perm/UsrOth/----rw-rw-: permission denied",
	"UsrOth/----rw-rwx": "",
	"UsrOth/----rwx---": "chdir /perm/UsrOth/----rwx---: permission denied",
	"UsrOth/----rwx--x": "",
	"UsrOth/----rwx-w-": "chdir /perm/UsrOth/----rwx-w-: permission denied",
	"UsrOth/----rwx-wx": "",
	"UsrOth/----rwxr--": "chdir /perm/UsrOth/----rwxr--: permission denied",
	"UsrOth/----rwxr-x": "",
	"UsrOth/----rwxrw-": "chdir /perm/UsrOth/----rwxrw-: permission denied",
	"UsrOth/----rwxrwx": "",
	"UsrOth/---x------": "chdir /perm/UsrOth/---x------: permission denied",
	"UsrOth/---x-----x": "",
	"UsrOth/---x----w-": "chdir /perm/UsrOth/---x----w-: permission denied",
	"UsrOth/---x----wx": "",
	"UsrOth/---x---r--": "chdir /perm/UsrOth/---x---r--: permission denied",
	"UsrOth/---x---r-x": "",
	"UsrOth/---x---rw-": "chdir /perm/UsrOth/---x---rw-: permission denied",
	"UsrOth/---x---rwx": "",
	"UsrOth/---x--x---": "chdir /perm/UsrOth/---x--x---: permission denied",
	"UsrOth/---x--x--x": "",
	"UsrOth/---x--x-w-": "chdir /perm/UsrOth/---x--x-w-: permission denied",
	"UsrOth/---x--x-wx": "",
	"UsrOth/---x--xr--": "chdir /perm/UsrOth/---x--xr--: permission denied",
	"UsrOth/---x--xr-x": "",
	"UsrOth/---x--xrw-": "chdir /perm/UsrOth/---x--xrw-: permission denied",
	"UsrOth/---x--xrwx": "",
	"UsrOth/---x-w----": "chdir /perm/UsrOth/---x-w----: permission denied",
	"UsrOth/---x-w---x": "",
	"UsrOth/---x-w--w-": "chdir /perm/UsrOth/---x-w--w-: permission denied",
	"UsrOth/---x-w--wx": "",
	"UsrOth/---x-w-r--": "chdir /perm/UsrOth/---x-w-r--: permission denied",
	"UsrOth/---x-w-r-x": "",
	"UsrOth/---x-w-rw-": "chdir /perm/UsrOth/---x-w-rw-: permission denied",
	"UsrOth/---x-w-rwx": "",
	"UsrOth/---x-wx---": "chdir /perm/UsrOth/---x-wx---: permission denied",
	"UsrOth/---x-wx--x": "",
	"UsrOth/---x-wx-w-": "chdir /perm/UsrOth/---x-wx-w-: permission denied",
	"UsrOth/---x-wx-wx": "",
	"UsrOth/---x-wxr--": "chdir /perm/UsrOth/---x-wxr--: permission denied",
	"UsrOth/---x-wxr-x": "",
	"UsrOth/---x-wxrw-": "chdir /perm/UsrOth/---x-wxrw-: permission denied",
	"UsrOth/---x-wxrwx": "",
	"UsrOth/---xr-----": "chdir /perm/UsrOth/---xr-----: permission denied",
	"UsrOth/---xr----x": "",
	"UsrOth/---xr---w-": "chdir /perm/UsrOth/---xr---w-: permission denied",
	"UsrOth/---xr---wx": "",
	"UsrOth/---xr--r--": "chdir /perm/UsrOth/---xr--r--: permission denied",
	"UsrOth/---xr--r-x": "",
	"UsrOth/---xr--rw-": "chdir /perm/UsrOth/---xr--rw-: permission denied",
	"UsrOth/---xr--rwx": "",
	"UsrOth/---xr-x---": "chdir /perm/UsrOth/---xr-x---: permission denied",
	"UsrOth/---xr-x--x": "",
	"UsrOth/---xr-x-w-": "chdir /perm/UsrOth/---xr-x-w-: permission denied",
	"UsrOth/---xr-x-wx": "",
	"UsrOth/---xr-xr--": "chdir /perm/UsrOth/---xr-xr--: permission denied",
	"UsrOth/---xr-xr-x": "",
	"UsrOth/---xr-xrw-": "chdir /perm/UsrOth/---xr-xrw-: permission denied",
	"UsrOth/---xr-xrwx": "",
	"UsrOth/---xrw----": "chdir /perm/UsrOth/---xrw----: permission denied",
	"UsrOth/---xrw---x": "",
	"UsrOth/---xrw--w-": "chdir /perm/UsrOth/---xrw--w-: permission denied",
	"UsrOth/---xrw--wx": "",
	"UsrOth/---xrw-r--": "chdir /perm/UsrOth/---xrw-r--: permission denied",
	"UsrOth/---xrw-r-x": "",
	"UsrOth/---xrw-rw-": "chdir /perm/UsrOth/---xrw-rw-: permission denied",
	"UsrOth/---xrw-rwx": "",
	"UsrOth/---xrwx---": "chdir /perm/UsrOth/---xrwx---: permission denied",
	"UsrOth/---xrwx--x": "",
	"UsrOth/---xrwx-w-": "chdir /perm/UsrOth/---xrwx-w-: permission denied",
	"UsrOth/---xrwx-wx": "",
	"UsrOth/---xrwxr--": "chdir /perm/UsrOth/---xrwxr--: permission denied",
	"UsrOth/---xrwxr-x": "",
	"UsrOth/---xrwxrw-": "chdir /perm/UsrOth/---xrwxrw-: permission denied",
	"UsrOth/---xrwxrwx": "",
	"UsrOth/--w-------": "chdir /perm/UsrOth/--w-------: permission denied",
	"UsrOth/--w------x": "",
	"UsrOth/--w-----w-": "chdir /perm/UsrOth/--w-----w-: permission denied",
	"UsrOth/--w-----wx": "",
	"UsrOth/--w----r--": "chdir /perm/UsrOth/--w----r--: permission denied",
	"UsrOth/--w----r-x": "",
	"UsrOth/--w----rw-": "chdir /perm/UsrOth/--w----rw-: permission denied",
	"UsrOth/--w----rwx": "",
	"UsrOth/--w---x---": "chdir /perm/UsrOth/--w---x---: permission denied",
	"UsrOth/--w---x--x": "",
	"UsrOth/--w---x-w-": "chdir /perm/UsrOth/--w---x-w-: permission denied",
	"UsrOth/--w---x-wx": "",
	"UsrOth/--w---xr--": "chdir /perm/UsrOth/--w---xr--: permission denied",
	"UsrOth/--w---xr-x": "",
	"UsrOth/--w---xrw-": "chdir /perm/UsrOth/--w---xrw-: permission denied",
	"UsrOth/--w---xrwx": "",
	"UsrOth/--w--w----": "chdir /perm/UsrOth/--w--w----: permission denied",
	"UsrOth/--w--w---x": "",
	"UsrOth/--w--w--w-": "chdir /perm/UsrOth/--w--w--w-: permission denied",
	"UsrOth/--w--w--wx": "",
	"UsrOth/--w--w-r--": "chdir /perm/UsrOth/--w--w-r--: permission denied",
	"UsrOth/--w--w-r-x": "",
	"UsrOth/--w--w-rw-": "chdir /perm/UsrOth/--w--w-rw-: permission denied",
	"UsrOth/--w--w-rwx": "",
	"UsrOth/--w--wx---": "chdir /perm/UsrOth/--w--wx---: permission denied",
	"UsrOth/--w--wx--x": "",
	"UsrOth/--w--wx-w-": "chdir /perm/UsrOth/--w--wx-w-: permission denied",
	"UsrOth/--w--wx-wx": "",
	"UsrOth/--w--wxr--": "chdir /perm/UsrOth/--w--wxr--: permission denied",
	"UsrOth/--w--wxr-x": "",
	"UsrOth/--w--wxrw-": "chdir /perm/UsrOth/--w--wxrw-: permission denied",
	"UsrOth/--w--wxrwx": "",
	"UsrOth/--w-r-----": "chdir /perm/UsrOth/--w-r-----: permission denied",
	"UsrOth/--w-r----x": "",
	"UsrOth/--w-r---w-": "chdir /perm/UsrOth/--w-r---w-: permission denied",
	"UsrOth/--w-r---wx": "",
	"UsrOth/--w-r--r--": "chdir /perm/UsrOth/--w-r--r--: permission denied",
	"UsrOth/--w-r--r-x": "",
	"UsrOth/--w-r--rw-": "chdir /perm/UsrOth/--w-r--rw-: permission denied",
	"UsrOth/--w-r--rwx": "",
	"UsrOth/--w-r-x---": "chdir /perm/UsrOth/--w-r-x---: permission denied",
	"UsrOth/--w-r-x--x": "",
	"UsrOth/--w-r-x-w-": "chdir /perm/UsrOth/--w-r-x-w-: permission denied",
	"UsrOth/--w-r-x-wx": "",
	"UsrOth/--w-r-xr--": "chdir /perm/UsrOth/--w-r-xr--: permission denied",
	"UsrOth/--w-r-xr-x": "",
	"UsrOth/--w-r-xrw-": "chdir /perm/UsrOth/--w-r-xrw-: permission denied",
	"UsrOth/--w-r-xrwx": "",
	"UsrOth/--w-rw----": "chdir /perm/UsrOth/--w-rw----: permission denied",
	"UsrOth/--w-rw---x": "",
	"UsrOth/--w-rw--w-": "chdir /perm/UsrOth/--w-rw--w-: permission denied",
	"UsrOth/--w-rw--wx": "",
	"UsrOth/--w-rw-r--": "chdir /perm/UsrOth/--w-rw-r--: permission denied",
	"UsrOth/--w-rw-r-x": "",
	"UsrOth/--w-rw-rw-": "chdir /perm/UsrOth/--w-rw-rw-: permission denied",
	"UsrOth/--w-rw-rwx": "",
	"UsrOth/--w-rwx---": "chdir /perm/UsrOth/--w-rwx---: permission denied",
	"UsrOth/--w-rwx--x": "",
	"UsrOth/--w-rwx-w-": "chdir /perm/UsrOth/--w-rwx-w-: permission denied",
	"UsrOth/--w-rwx-wx": "",
	"UsrOth/--w-rwxr--": "chdir /perm/UsrOth/--w-rwxr--: permission denied",
	"UsrOth/--w-rwxr-x": "",
	"UsrOth/--w-rwxrw-": "chdir /perm/UsrOth/--w-rwxrw-: permission denied",
	"UsrOth/--w-rwxrwx": "",
	"UsrOth/--wx------": "chdir /perm/UsrOth/--wx------: permission denied",
	"UsrOth/--wx-----x": "",
	"UsrOth/--wx----w-": "chdir /perm/UsrOth/--wx----w-: permission denied",
	"UsrOth/--wx----wx": "",
	"UsrOth/--wx---r--": "chdir /perm/UsrOth/--wx---r--: permission denied",
	"UsrOth/--wx---r-x": "",
	"UsrOth/--wx---rw-": "chdir /perm/UsrOth/--wx---rw-: permission denied",
	"UsrOth/--wx---rwx": "",
	"UsrOth/--wx--x---": "chdir /perm/UsrOth/--wx--x---: permission denied",
	"UsrOth/--wx--x--x": "",
	"UsrOth/--wx--x-w-": "chdir /perm/UsrOth/--wx--x-w-: permission denied",
	"UsrOth/--wx--x-wx": "",
	"UsrOth/--wx--xr--": "chdir /perm/UsrOth/--wx--xr--: permission denied",
	"UsrOth/--wx--xr-x": "",
	"UsrOth/--wx--xrw-": "chdir /perm/UsrOth/--wx--xrw-: permission denied",
	"UsrOth/--wx--xrwx": "",
	"UsrOth/--wx-w----": "chdir /perm/UsrOth/--wx-w----: permission denied",
	"UsrOth/--wx-w---x": "",
	"UsrOth/--wx-w--w-": "chdir /perm/UsrOth/--wx-w--w-: permission denied",
	"UsrOth/--wx-w--wx": "",
	"UsrOth/--wx-w-r--": "chdir /perm/UsrOth/--wx-w-r--: permission denied",
	"UsrOth/--wx-w-r-x": "",
	"UsrOth/--wx-w-rw-": "chdir /perm/UsrOth/--wx-w-rw-: permission denied",
	"UsrOth/--wx-w-rwx": "",
	"UsrOth/--wx-wx---": "chdir /perm/UsrOth/--wx-wx---: permission denied",
	"UsrOth/--wx-wx--x": "",
	"UsrOth/--wx-wx-w-": "chdir /perm/UsrOth/--wx-wx-w-: permission denied",
	"UsrOth/--wx-wx-wx": "",
	"UsrOth/--wx-wxr--": "chdir /perm/UsrOth/--wx-wxr--: permission denied",
	"UsrOth/--wx-wxr-x": "",
	"UsrOth/--wx-wxrw-": "chdir /perm/UsrOth/--wx-wxrw-: permission denied",
	"UsrOth/--wx-wxrwx": "",
	"UsrOth/--wxr-----": "chdir /perm/UsrOth/--wxr-----: permission denied",
	"UsrOth/--wxr----x": "",
	"UsrOth/--wxr---w-": "chdir /perm/UsrOth/--wxr---w-: permission denied",
	"UsrOth/--wxr---wx": "",
	"UsrOth/--wxr--r--": "chdir /perm/UsrOth/--wxr--r--: permission denied",
	"UsrOth/--wxr--r-x": "",
	"UsrOth/--wxr--rw-": "chdir /perm/UsrOth/--wxr--rw-: permission denied",
	"UsrOth/--wxr--rwx": "",
	"UsrOth/--wxr-x---": "chdir /perm/UsrOth/--wxr-x---: permission denied",
	"UsrOth/--wxr-x--x": "",
	"UsrOth/--wxr-x-w-": "chdir /perm/UsrOth/--wxr-x-w-: permission denied",
	"UsrOth/--wxr-x-wx": "",
	"UsrOth/--wxr-xr--": "chdir /perm/UsrOth/--wxr-xr--: permission denied",
	"UsrOth/--wxr-xr-x": "",
	"UsrOth/--wxr-xrw-": "chdir /perm/UsrOth/--wxr-xrw-: permission denied",
	"UsrOth/--wxr-xrwx": "",
	"UsrOth/--wxrw----": "chdir /perm/UsrOth/--wxrw----: permission denied",
	"UsrOth/--wxrw---x": "",
	"UsrOth/--wxrw--w-": "chdir /perm/UsrOth/--wxrw--w-: permission denied",
	"UsrOth/--wxrw--wx": "",
	"UsrOth/--wxrw-r--": "chdir /perm/UsrOth/--wxrw-r--: permission denied",
	"UsrOth/--wxrw-r-x": "",
	"UsrOth/--wxrw-rw-": "chdir /perm/UsrOth/--wxrw-rw-: permission denied",
	"UsrOth/--wxrw-rwx": "",
	"UsrOth/--wxrwx---": "chdir /perm/UsrOth/--wxrwx---: permission denied",
	"UsrOth/--wxrwx--x": "",
	"UsrOth/--wxrwx-w-": "chdir /perm/UsrOth/--wxrwx-w-: permission denied",
	"UsrOth/--wxrwx-wx": "",
	"UsrOth/--wxrwxr--": "chdir /perm/UsrOth/--wxrwxr--: permission denied",
	"UsrOth/--wxrwxr-x": "",
	"UsrOth/--wxrwxrw-": "chdir /perm/UsrOth/--wxrwxrw-: permission denied",
	"UsrOth/--wxrwxrwx": "",
	"UsrOth/-r--------": "chdir /perm/UsrOth/-r--------: permission denied",
	"UsrOth/-r-------x": "",
	"UsrOth/-r------w-": "chdir /perm/UsrOth/-r------w-: permission denied",
	"UsrOth/-r------wx": "",
	"UsrOth/-r-----r--": "chdir /perm/UsrOth/-r-----r--: permission denied",
	"UsrOth/-r-----r-x": "",
	"UsrOth/-r-----rw-": "chdir /perm/UsrOth/-r-----rw-: permission denied",
	"UsrOth/-r-----rwx": "",
	"UsrOth/-r----x---": "chdir /perm/UsrOth/-r----x---: permission denied",
	"UsrOth/-r----x--x": "",
	"UsrOth/-r----x-w-": "chdir /perm/UsrOth/-r----x-w-: permission denied",
	"UsrOth/-r----x-wx": "",
	"UsrOth/-r----xr--": "chdir /perm/UsrOth/-r----xr--: permission denied",
	"UsrOth/-r----xr-x": "",
	"UsrOth/-r----xrw-": "chdir /perm/UsrOth/-r----xrw-: permission denied",
	"UsrOth/-r----xrwx": "",
	"UsrOth/-r---w----": "chdir /perm/UsrOth/-r---w----: permission denied",
	"UsrOth/-r---w---x": "",
	"UsrOth/-r---w--w-": "chdir /perm/UsrOth/-r---w--w-: permission denied",
	"UsrOth/-r---w--wx": "",
	"UsrOth/-r---w-r--": "chdir /perm/UsrOth/-r---w-r--: permission denied",
	"UsrOth/-r---w-r-x": "",
	"UsrOth/-r---w-rw-": "chdir /perm/UsrOth/-r---w-rw-: permission denied",
	"UsrOth/-r---w-rwx": "",
	"UsrOth/-r---wx---": "chdir /perm/UsrOth/-r---wx---: permission denied",
	"UsrOth/-r---wx--x": "",
	"UsrOth/-r---wx-w-": "chdir /perm/UsrOth/-r---wx-w-: permission denied",
	"UsrOth/-r---wx-wx": "",
	"UsrOth/-r---wxr--": "chdir /perm/UsrOth/-r---wxr--: permission denied",
	"UsrOth/-r---wxr-x": "",
	"UsrOth/-r---wxrw-": "chdir /perm/UsrOth/-r---wxrw-: permission denied",
	"UsrOth/-r---wxrwx": "",
	"UsrOth/-r--r-----": "chdir /perm/UsrOth/-r--r-----: permission denied",
	"UsrOth/-r--r----x": "",
	"UsrOth/-r--r---w-": "chdir /perm/UsrOth/-r--r---w-: permission denied",
	"UsrOth/-r--r---wx": "",
	"UsrOth/-r--r--r--": "chdir /perm/UsrOth/-r--r--r--: permission denied",
	"UsrOth/-r--r--r-x": "",
	"UsrOth/-r--r--rw-": "chdir /perm/UsrOth/-r--r--rw-: permission denied",
	"UsrOth/-r--r--rwx": "",
	"UsrOth/-r--r-x---": "chdir /perm/UsrOth/-r--r-x---: permission denied",
	"UsrOth/-r--r-x--x": "",
	"UsrOth/-r--r-x-w-": "chdir /perm/UsrOth/-r--r-x-w-: permission denied",
	"UsrOth/-r--r-x-wx": "",
	"UsrOth/-r--r-xr--": "chdir /perm/UsrOth/-r--r-xr--: permission denied",
	"UsrOth/-r--r-xr-x": "",
	"UsrOth/-r--r-xrw-": "chdir /perm/UsrOth/-r--r-xrw-: permission denied",
	"UsrOth/-r--r-xrwx": "",
	"UsrOth/-r--rw----": "chdir /perm/UsrOth/-r--rw----: permission denied",
	"UsrOth/-r--rw---x": "",
	"UsrOth/-r--rw--w-": "chdir /perm/UsrOth/-r--rw--w-: permission denied",
	"UsrOth/-r--rw--wx": "",
	"UsrOth/-r--rw-r--": "chdir /perm/UsrOth/-r--rw-r--: permission denied",
	"UsrOth/-r--rw-r-x": "",
	"UsrOth/-r--rw-rw-": "chdir /perm/UsrOth/-r--rw-rw-: permission denied",
	"UsrOth/-r--rw-rwx": "",
	"UsrOth/-r--rwx---": "chdir /perm/UsrOth/-r--rwx---: permission denied",
	"UsrOth/-r--rwx--x": "",
	"UsrOth/-r--rwx-w-": "chdir /perm/UsrOth/-r--rwx-w-: permission denied",
	"UsrOth/-r--rwx-wx": "",
	"UsrOth/-r--rwxr--": "chdir /perm/UsrOth/-r--rwxr--: permission denied",
	"UsrOth/-r--rwxr-x": "",
	"UsrOth/-r--rwxrw-": "chdir /perm/UsrOth/-r--rwxrw-: permission denied",
	"UsrOth/-r--rwxrwx": "",
	"UsrOth/-r-x------": "chdir /perm/UsrOth/-r-x------: permission denied",
	"UsrOth/-r-x-----x": "",
	"UsrOth/-r-x----w-": "chdir /perm/UsrOth/-r-x----w-: permission denied",
	"UsrOth/-r-x----wx": "",
	"UsrOth/-r-x---r--": "chdir /perm/UsrOth/-r-x---r--: permission denied",
	"UsrOth/-r-x---r-x": "",
	"UsrOth/-r-x---rw-": "chdir /perm/UsrOth/-r-x---rw-: permission denied",
	"UsrOth/-r-x---rwx": "",
	"UsrOth/-r-x--x---": "chdir /perm/UsrOth/-r-x--x---: permission denied",
	"UsrOth/-r-x--x--x": "",
	"UsrOth/-r-x--x-w-": "chdir /perm/UsrOth/-r-x--x-w-: permission denied",
	"UsrOth/-r-x--x-wx": "",
	"UsrOth/-r-x--xr--": "chdir /perm/UsrOth/-r-x--xr--: permission denied",
	"UsrOth/-r-x--xr-x": "",
	"UsrOth/-r-x--xrw-": "chdir /perm/UsrOth/-r-x--xrw-: permission denied",
	"UsrOth/-r-x--xrwx": "",
	"UsrOth/-r-x-w----": "chdir /perm/UsrOth/-r-x-w----: permission denied",
	"UsrOth/-r-x-w---x": "",
	"UsrOth/-r-x-w--w-": "chdir /perm/UsrOth/-r-x-w--w-: permission denied",
	"UsrOth/-r-x-w--wx": "",
	"UsrOth/-r-x-w-r--": "chdir /perm/UsrOth/-r-x-w-r--: permission denied",
	"UsrOth/-r-x-w-r-x": "",
	"UsrOth/-r-x-w-rw-": "chdir /perm/UsrOth/-r-x-w-rw-: permission denied",
	"UsrOth/-r-x-w-rwx": "",
	"UsrOth/-r-x-wx---": "chdir /perm/UsrOth/-r-x-wx---: permission denied",
	"UsrOth/-r-x-wx--x": "",
	"UsrOth/-r-x-wx-w-": "chdir /perm/UsrOth/-r-x-wx-w-: permission denied",
	"UsrOth/-r-x-wx-wx": "",
	"UsrOth/-r-x-wxr--": "chdir /perm/UsrOth/-r-x-wxr--: permission denied",
	"UsrOth/-r-x-wxr-x": "",
	"UsrOth/-r-x-wxrw-": "chdir /perm/UsrOth/-r-x-wxrw-: permission denied",
	"UsrOth/-r-x-wxrwx": "",
	"UsrOth/-r-xr-----": "chdir /perm/UsrOth/-r-xr-----: permission denied",
	"UsrOth/-r-xr----x": "",
	"UsrOth/-r-xr---w-": "chdir /perm/UsrOth/-r-xr---w-: permission denied",
	"UsrOth/-r-xr---wx": "",
	"UsrOth/-r-xr--r--": "chdir /perm/UsrOth/-r-xr--r--: permission denied",
	"UsrOth/-r-xr--r-x": "",
	"UsrOth/-r-xr--rw-": "chdir /perm/UsrOth/-r-xr--rw-: permission denied",
	"UsrOth/-r-xr--rwx": "",
	"UsrOth/-r-xr-x---": "chdir /perm/UsrOth/-r-xr-x---: permission denied",
	"UsrOth/-r-xr-x--x": "",
	"UsrOth/-r-xr-x-w-": "chdir /perm/UsrOth/-r-xr-x-w-: permission denied",
	"UsrOth/-r-xr-x-wx": "",
	"UsrOth/-r-xr-xr--": "chdir /perm/UsrOth/-r-xr-xr--: permission denied",
	"UsrOth/-r-xr-xr-x": "",
	"UsrOth/-r-xr-xrw-": "chdir /perm/UsrOth/-r-xr-xrw-: permission denied",
	"UsrOth/-r-xr-xrwx": "",
	"UsrOth/-r-xrw----": "chdir /perm/UsrOth/-r-xrw----: permission denied",
	"UsrOth/-r-xrw---x": "",
	"UsrOth/-r-xrw--w-": "chdir /perm/UsrOth/-r-xrw--w-: permission denied",
	"UsrOth/-r-xrw--wx": "",
	"UsrOth/-r-xrw-r--": "chdir /perm/UsrOth/-r-xrw-r--: permission denied",
	"UsrOth/-r-xrw-r-x": "",
	"UsrOth/-r-xrw-rw-": "chdir /perm/UsrOth/-r-xrw-rw-: permission denied",
	"UsrOth/-r-xrw-rwx": "",
	"UsrOth/-r-xrwx---": "chdir /perm/UsrOth/-r-xrwx---: permission denied",
	"UsrOth/-r-xrwx--x": "",
	"UsrOth/-r-xrwx-w-": "chdir /perm/UsrOth/-r-xrwx-w-: permission denied",
	"UsrOth/-r-xrwx-wx": "",
	"UsrOth/-r-xrwxr--": "chdir /perm/UsrOth/-r-xrwxr--: permission denied",
	"UsrOth/-r-xrwxr-x": "",
	"UsrOth/-r-xrwxrw-": "chdir /perm/UsrOth/-r-xrwxrw-: permission denied",
	"UsrOth/-r-xrwxrwx": "",
	"UsrOth/-rw-------": "chdir /perm/UsrOth/-rw-------: permission denied",
	"UsrOth/-rw------x": "",
	"UsrOth/-rw-----w-": "chdir /perm/UsrOth/-rw-----w-: permission denied",
	"UsrOth/-rw-----wx": "",
	"UsrOth/-rw----r--": "chdir /perm/UsrOth/-rw----r--: permission denied",
	"UsrOth/-rw----r-x": "",
	"UsrOth/-rw----rw-": "chdir /perm/UsrOth/-rw----rw-: permission denied",
	"UsrOth/-rw----rwx": "",
	"UsrOth/-rw---x---": "chdir /perm/UsrOth/-rw---x---: permission denied",
	"UsrOth/-rw---x--x": "",
	"UsrOth/-rw---x-w-": "chdir /perm/UsrOth/-rw---x-w-: permission denied",
	"UsrOth/-rw---x-wx": "",
	"UsrOth/-rw---xr--": "chdir /perm/UsrOth/-rw---xr--: permission denied",
	"UsrOth/-rw---xr-x": "",
	"UsrOth/-rw---xrw-": "chdir /perm/UsrOth/-rw---xrw-: permission denied",
	"UsrOth/-rw---xrwx": "",
	"UsrOth/-rw--w----": "chdir /perm/UsrOth/-rw--w----: permission denied",
	"UsrOth/-rw--w---x": "",
	"UsrOth/-rw--w--w-": "chdir /perm/UsrOth/-rw--w--w-: permission denied",
	"UsrOth/-rw--w--wx": "",
	"UsrOth/-rw--w-r--": "chdir /perm/UsrOth/-rw--w-r--: permission denied",
	"UsrOth/-rw--w-r-x": "",
	"UsrOth/-rw--w-rw-": "chdir /perm/UsrOth/-rw--w-rw-: permission denied",
	"UsrOth/-rw--w-rwx": "",
	"UsrOth/-rw--wx---": "chdir /perm/UsrOth/-rw--wx---: permission denied",
	"UsrOth/-rw--wx--x": "",
	"UsrOth/-rw--wx-w-": "chdir /perm/UsrOth/-rw--wx-w-: permission denied",
	"UsrOth/-rw--wx-wx": "",
	"UsrOth/-rw--wxr--": "chdir /perm/UsrOth/-rw--wxr--: permission denied",
	"UsrOth/-rw--wxr-x": "",
	"UsrOth/-rw--wxrw-": "chdir /perm/UsrOth/-rw--wxrw-: permission denied",
	"UsrOth/-rw--wxrwx": "",
	"UsrOth/-rw-r-----": "chdir /perm/UsrOth/-rw-r-----: permission denied",
	"UsrOth/-rw-r----x": "",
	"UsrOth/-rw-r---w-": "chdir /perm/UsrOth/-rw-r---w-: permission denied",
	"UsrOth/-rw-r---wx": "",
	"UsrOth/-rw-r--r--": "chdir /perm/UsrOth/-rw-r--r--: permission denied",
	"UsrOth/-rw-r--r-x": "",
	"UsrOth/-rw-r--rw-": "chdir /perm/UsrOth/-rw-r--rw-: permission denied",
	"UsrOth/-rw-r--rwx": "",
	"UsrOth/-rw-r-x---": "chdir /perm/UsrOth/-rw-r-x---: permission denied",
	"UsrOth/-rw-r-x--x": "",
	"UsrOth/-rw-r-x-w-": "chdir /perm/UsrOth/-rw-r-x-w-: permission denied",
	"UsrOth/-rw-r-x-wx": "",
	"UsrOth/-rw-r-xr--": "chdir /perm/UsrOth/-rw-r-xr--: permission denied",
	"UsrOth/-rw-r-xr-x": "",
	"UsrOth/-rw-r-xrw-": "chdir /perm/UsrOth/-rw-r-xrw-: permission denied",
	"UsrOth/-rw-r-xrwx": "",
	"UsrOth/-rw-rw----": "chdir /perm/UsrOth/-rw-rw----: permission denied",
	"UsrOth/-rw-rw---x": "",
	"UsrOth/-rw-rw--w-": "chdir /perm/UsrOth/-rw-rw--w-: permission denied",
	"UsrOth/-rw-rw--wx": "",
	"UsrOth/-rw-rw-r--": "chdir /perm/UsrOth/-rw-rw-r--: permission denied",
	"UsrOth/-rw-rw-r-x": "",
	"UsrOth/-rw-rw-rw-": "chdir /perm/UsrOth/-rw-rw-rw-: permission denied",
	"UsrOth/-rw-rw-rwx": "",
	"UsrOth/-rw-rwx---": "chdir /perm/UsrOth/-rw-rwx---: permission denied",
	"UsrOth/-rw-rwx--x": "",
	"UsrOth/-rw-rwx-w-": "chdir /perm/UsrOth/-rw-rwx-w-: permission denied",
	"UsrOth/-rw-rwx-wx": "",
	"UsrOth/-rw-rwxr--": "chdir /perm/UsrOth/-rw-rwxr--: permission denied",
	"UsrOth/-rw-rwxr-x": "",
	"UsrOth/-rw-rwxrw-": "chdir /perm/UsrOth/-rw-rwxrw-: permission denied",
	"UsrOth/-rw-rwxrwx": "",
	"UsrOth/-rwx------": "chdir /perm/UsrOth/-rwx------: permission denied",
	"UsrOth/-rwx-----x": "",
	"UsrOth/-rwx----w-": "chdir /perm/UsrOth/-rwx----w-: permission denied",
	"UsrOth/-rwx----wx": "",
	"UsrOth/-rwx---r--": "chdir /perm/UsrOth/-rwx---r--: permission denied",
	"UsrOth/-rwx---r-x": "",
	"UsrOth/-rwx---rw-": "chdir /perm/UsrOth/-rwx---rw-: permission denied",
	"UsrOth/-rwx---rwx": "",
	"UsrOth/-rwx--x---": "chdir /perm/UsrOth/-rwx--x---: permission denied",
	"UsrOth/-rwx--x--x": "",
	"UsrOth/-rwx--x-w-": "chdir /perm/UsrOth/-rwx--x-w-: permission denied",
	"UsrOth/-rwx--x-wx": "",
	"UsrOth/-rwx--xr--": "chdir /perm/UsrOth/-rwx--xr--: permission denied",
	"UsrOth/-rwx--xr-x": "",
	"UsrOth/-rwx--xrw-": "chdir /perm/UsrOth/-rwx--xrw-: permission denied",
	"UsrOth/-rwx--xrwx": "",
	"UsrOth/-rwx-w----": "chdir /perm/UsrOth/-rwx-w----: permission denied",
	"UsrOth/-rwx-w---x": "",
	"UsrOth/-rwx-w--w-": "chdir /perm/UsrOth/-rwx-w--w-: permission denied",
	"UsrOth/-rwx-w--wx": "",
	"UsrOth/-rwx-w-r--": "chdir /perm/UsrOth/-rwx-w-r--: permission denied",
	"UsrOth/-rwx-w-r-x": "",
	"UsrOth/-rwx-w-rw-": "chdir /perm/UsrOth/-rwx-w-rw-: permission denied",
	"UsrOth/-rwx-w-rwx": "",
	"UsrOth/-rwx-wx---": "chdir /perm/UsrOth/-rwx-wx---: permission denied",
	"UsrOth/-rwx-wx--x": "",
	"UsrOth/-rwx-wx-w-": "chdir /perm/UsrOth/-rwx-wx-w-: permission denied",
	"UsrOth/-rwx-wx-wx": "",
	"UsrOth/-rwx-wxr--": "chdir /perm/UsrOth/-rwx-wxr--: permission denied",
	"UsrOth/-rwx-wxr-x": "",
	"UsrOth/-rwx-wxrw-": "chdir /perm/UsrOth/-rwx-wxrw-: permission denied",
	"UsrOth/-rwx-wxrwx": "",
	"UsrOth/-rwxr-----": "chdir /perm/UsrOth/-rwxr-----: permission denied",
	"UsrOth/-rwxr----x": "",
	"UsrOth/-rwxr---w-": "chdir /perm/UsrOth/-rwxr---w-: permission denied",
	"UsrOth/-rwxr---wx": "",
	"UsrOth/-rwxr--r--": "chdir /perm/UsrOth/-rwxr--r--: permission denied",
	"UsrOth/-rwxr--r-x": "",
	"UsrOth/-rwxr--rw-": "chdir /perm/UsrOth/-rwxr--rw-: permission denied",
	"UsrOth/-rwxr--rwx": "",
	"UsrOth/-rwxr-x---": "chdir /perm/UsrOth/-rwxr-x---: permission denied",
	"UsrOth/-rwxr-x--x": "",
	"UsrOth/-rwxr-x-w-": "chdir /perm/UsrOth/-rwxr-x-w-: permission denied",
	"UsrOth/-rwxr-x-wx": "",
	"UsrOth/-rwxr-xr--": "chdir /perm/UsrOth/-rwxr-xr--: permission denied",
	"UsrOth/-rwxr-xr-x": "",
	"UsrOth/-rwxr-xrw-": "chdir /perm/UsrOth/-rwxr-xrw-: permission denied",
	"UsrOth/-rwxr-xrwx": "",
	"UsrOth/-rwxrw----": "chdir /perm/UsrOth/-rwxrw----: permission denied",
	"UsrOth/-rwxrw---x": "",
	"UsrOth/-rwxrw--w-": "chdir /perm/UsrOth/-rwxrw--w-: permission denied",
	"UsrOth/-rwxrw--wx": "",
	"UsrOth/-rwxrw-r--": "chdir /perm/UsrOth/-rwxrw-r--: permission denied",
	"UsrOth/-rwxrw-r-x": "",
	"UsrOth/-rwxrw-rw-": "chdir /perm/UsrOth/-rwxrw-rw-: permission denied",
	"UsrOth/-rwxrw-rwx": "",
	"UsrOth/-rwxrwx---": "chdir /perm/UsrOth/-rwxrwx---: permission denied",
	"UsrOth/-rwxrwx--x": "",
	"UsrOth/-rwxrwx-w-": "chdir /perm/UsrOth/-rwxrwx-w-: permission denied",
	"UsrOth/-rwxrwx-wx": "",
	"UsrOth/-rwxrwxr--": "chdir /perm/UsrOth/-rwxrwxr--: permission denied",
	"UsrOth/-rwxrwxr-x": "",
	"UsrOth/-rwxrwxrw-": "chdir /perm/UsrOth/-rwxrwxrw-: permission denied",
	"UsrOth/-rwxrwxrwx": "",
	"UsrTest/----------": "chdir /perm/UsrTest/----------: permission denied",
	"UsrTest/---------x": "chdir /perm/UsrTest/---------x: permission denied",
	"UsrTest/--------w-": "chdir /perm/UsrTest/--------w-: permission denied",
	"UsrTest/--------wx": "chdir /perm/UsrTest/--------wx: permission denied",
	"UsrTest/-------r--": "chdir /perm/UsrTest/-------r--: permission denied",
	"UsrTest/-------r-x": "chdir /perm/UsrTest/-------r-x: permission denied",
	"UsrTest/-------rw-": "chdir /perm/UsrTest/-------rw-: permission denied",
	"UsrTest/-------rwx": "chdir /perm/UsrTest/-------rwx: permission denied",
	"UsrTest/------x---": "chdir /perm/UsrTest/------x---: permission denied",
	"UsrTest/------x--x": "chdir /perm/UsrTest/------x--x: permission denied",
	"UsrTest/------x-w-": "chdir /perm/UsrTest/------x-w-: permission denied",
	"UsrTest/------x-wx": "chdir /perm/UsrTest/------x-wx: permission denied",
	"UsrTest/------xr--": "chdir /perm/UsrTest/------xr--: permission denied",
	"UsrTest/------xr-x": "chdir /perm/UsrTest/------xr-x: permission denied",
	"UsrTest/------xrw-": "chdir /perm/UsrTest/------xrw-: permission denied",
	"UsrTest/------xrwx": "chdir /perm/UsrTest/------xrwx: permission denied",
	"UsrTest/-----w----": "chdir /perm/UsrTest/-----w----: permission denied",
	"UsrTest/-----w---x": "chdir /perm/UsrTest/-----w---x: permission denied",
	"UsrTest/-----w--w-": "chdir /perm/UsrTest/-----w--w-: permission denied",
	"UsrTest/-----w--wx": "chdir /perm/UsrTest/-----w--wx: permission denied",
	"UsrTest/-----w-r--": "chdir /perm/UsrTest/-----w-r--: permission denied",
	"UsrTest/-----w-r-x": "chdir /perm/UsrTest/-----w-r-x: permission denied",
	"UsrTest/-----w-rw-": "chdir /perm/UsrTest/-----w-rw-: permission denied",
	"UsrTest/-----w-rwx": "chdir /perm/UsrTest/-----w-rwx: permission denied",
	"UsrTest/-----wx---": "chdir /perm/UsrTest/-----wx---: permission denied",
	"UsrTest/-----wx--x": "chdir /perm/UsrTest/-----wx--x: permission denied",
	"UsrTest/-----wx-w-": "chdir /perm/UsrTest/-----wx-w-: permission denied",
	"UsrTest/-----wx-wx": "chdir /perm/UsrTest/-----wx-wx: permission denied",
	"UsrTest/-----wxr--": "chdir /perm/UsrTest/-----wxr--: permission denied",
	"UsrTest/-----wxr-x": "chdir /perm/UsrTest/-----wxr-x: permission denied",
	"UsrTest/-----wxrw-": "chdir /perm/UsrTest/-----wxrw-: permission denied",
	"UsrTest/-----wxrwx": "chdir /perm/UsrTest/-----wxrwx: permission denied",
	"UsrTest/----r-----": "chdir /perm/UsrTest/----r-----: permission denied",
	"UsrTest/----r----x": "chdir /perm/UsrTest/----r----x: permission denied",
	"UsrTest/----r---w-": "chdir /perm/UsrTest/----r---w-: permission denied",
	"UsrTest/----r---wx": "chdir /perm/UsrTest/----r---wx: permission denied",
	"UsrTest/----r--r--": "chdir /perm/UsrTest/----r--r--: permission denied",
	"UsrTest/----r--r-x": "chdir /perm/UsrTest/----r--r-x: permission denied",
	"UsrTest/----r--rw-": "chdir /perm/UsrTest/----r--rw-: permission denied",
	"UsrTest/----r--rwx": "chdir /perm/UsrTest/----r--rwx: permission denied",
	"UsrTest/----r-x---": "chdir /perm/UsrTest/----r-x---: permission denied",
	"UsrTest/----r-x--x": "chdir /perm/UsrTest/----r-x--x: permission denied",
	"UsrTest/----r-x-w-": "chdir /perm/UsrTest/----r-x-w-: permission denied",
	"UsrTest/----r-x-wx": "chdir /perm/UsrTest/----r-x-wx: permission denied",
	"UsrTest/----r-xr--": "chdir /perm/UsrTest/----r-xr--: permission denied",
	"UsrTest/----r-xr-x": "chdir /perm/UsrTest/----r-xr-x: permission denied",
	"UsrTest/----r-xrw-": "chdir /perm/UsrTest/----r-xrw-: permission denied",
	"UsrTest/----r-xrwx": "chdir /perm/UsrTest/----r-xrwx: permission denied",
	"UsrTest/----rw----": "chdir /perm/UsrTest/----rw----: permission denied",
	"UsrTest/----rw---x": "chdir /perm/UsrTest/----rw---x: permission denied",
	"UsrTest/----rw--w-": "chdir /perm/UsrTest/----rw--w-: permission denied",
	"UsrTest/----rw--wx": "chdir /perm/UsrTest/----rw--wx: permission denied",
	"UsrTest/----rw-r--": "chdir /perm/UsrTest/----rw-r--: permission denied",
	"UsrTest/----rw-r-x": "chdir /perm/UsrTest/----rw-r-x: permission denied",
	"UsrTest/----rw-rw-": "chdir /perm/UsrTest/----rw-rw-: permission denied",
	"UsrTest/----rw-rwx": "chdir /perm/UsrTest/----rw-rwx: permission denied",
	"UsrTest/----rwx---": "chdir /perm/UsrTest/----rwx---: permission denied",
	"UsrTest/----rwx--x": "chdir /perm/UsrTest/----rwx--x: permission denied",
	"UsrTest/----rwx-w-": "chdir /perm/UsrTest/----rwx-w-: permission denied",
	"UsrTest/----rwx-wx": "chdir /perm/UsrTest/----rwx-wx: permission denied",
	"UsrTest/----rwxr--": "chdir /perm/UsrTest/----rwxr--: permission denied",
	"UsrTest/----rwxr-x": "chdir /perm/UsrTest/----rwxr-x: permission denied",
	"UsrTest/----rwxrw-": "chdir /perm/UsrTest/----rwxrw-: permission denied",
	"UsrTest/----rwxrwx": "chdir /perm/UsrTest/----rwxrwx: permission denied",
	"UsrTest/---x------": "",
	"UsrTest/---x-----x": "",
	"UsrTest/---x----w-": "",
	"UsrTest/---x----wx": "",
	"UsrTest/---x---r--": "",
	"UsrTest/---x---r-x": "",
	"UsrTest/---x---rw-": "",
	"UsrTest/---x---rwx": "",
	"UsrTest/---x--x---": "",
	"UsrTest/---x--x--x": "",
	"UsrTest/---x--x-w-": "",
	"UsrTest/---x--x-wx": "",
	"UsrTest/---x--xr--": "",
	"UsrTest/---x--xr-x": "",
	"UsrTest/---x--xrw-": "",
	"UsrTest/---x--xrwx": "",
	"UsrTest/---x-w----": "",
	"UsrTest/---x-w---x": "",
	"UsrTest/---x-w--w-": "",
	"UsrTest/---x-w--wx": "",
	"UsrTest/---x-w-r--": "",
	"UsrTest/---x-w-r-x": "",
	"UsrTest/---x-w-rw-": "",
	"UsrTest/---x-w-rwx": "",
	"UsrTest/---x-wx---": "",
	"UsrTest/---x-wx--x": "",
	"UsrTest/---x-wx-w-": "",
	"UsrTest/---x-wx-wx": "",
	"UsrTest/---x-wxr--": "",
	"UsrTest/---x-wxr-x": "",
	"UsrTest/---x-wxrw-": "",
	"UsrTest/---x-wxrwx": "",
	"UsrTest/---xr-----": "",
	"UsrTest/---xr----x": "",
	"UsrTest/---xr---w-": "",
	"UsrTest/---xr---wx": "",
	"UsrTest/---xr--r--": "",
	"UsrTest/---xr--r-x": "",
	"UsrTest/---xr--rw-": "",
	"UsrTest/---xr--rwx": "",
	"UsrTest/---xr-x---": "",
	"UsrTest/---xr-x--x": "",
	"UsrTest/---xr-x-w-": "",
	"UsrTest/---xr-x-wx": "",
	"UsrTest/---xr-xr--": "",
	"UsrTest/---xr-xr-x": "",
	"UsrTest/---xr-xrw-": "",
	"UsrTest/---xr-xrwx": "",
	"UsrTest/---xrw----": "",
	"UsrTest/---xrw---x": "",
	"UsrTest/---xrw--w-": "",
	"UsrTest/---xrw--wx": "",
	"UsrTest/---xrw-r--": "",
	"UsrTest/---xrw-r-x": "",
	"UsrTest/---xrw-rw-": "",
	"UsrTest/---xrw-rwx": "",
	"UsrTest/---xrwx---": "",
	"UsrTest/---xrwx--x": "",
	"UsrTest/---xrwx-w-": "",
	"UsrTest/---xrwx-wx": "",
	"UsrTest/---xrwxr--": "",
	"UsrTest/---xrwxr-x": "",
	"UsrTest/---xrwxrw-": "",
	"UsrTest/---xrwxrwx": "",
	"UsrTest/--w-------": "chdir /perm/UsrTest/--w-------: permission denied",
	"UsrTest/--w------x": "chdir /perm/UsrTest/--w------x: permission denied",
	"UsrTest/--w-----w-": "chdir /perm/UsrTest/--w-----w-: permission denied",
	"UsrTest/--w-----wx": "chdir /perm/UsrTest/--w-----wx: permission denied",
	"UsrTest/--w----r--": "chdir /perm/UsrTest/--w----r--: permission denied",
	"UsrTest/--w----r-x": "chdir /perm/UsrTest/--w----r-x: permission denied",
	"UsrTest/--w----rw-": "chdir /perm/UsrTest/--w----rw-: permission denied",
	"UsrTest/--w----rwx": "chdir /perm/UsrTest/--w----rwx: permission denied",
	"UsrTest/--w---x---": "chdir /perm/UsrTest/--w---x---: permission denied",
	"UsrTest/--w---x--x": "chdir /perm/UsrTest/--w---x--x: permission denied",
	"UsrTest/--w---x-w-": "chdir /perm/UsrTest/--w---x-w-: permission denied",
	"UsrTest/--w---x-wx": "chdir /perm/UsrTest/--w---x-wx: permission denied",
	"UsrTest/--w---xr--": "chdir /perm/UsrTest/--w---xr--: permission denied",
	"UsrTest/--w---xr-x": "chdir /perm/UsrTest/--w---xr-x: permission denied",
	"UsrTest/--w---xrw-": "chdir /perm/UsrTest/--w---xrw-: permission denied",
	"UsrTest/--w---xrwx": "chdir /perm/UsrTest/--w---xrwx: permission denied",
	"UsrTest/--w--w----": "chdir /perm/UsrTest/--w--w----: permission denied",
	"UsrTest/--w--w---x": "chdir /perm/UsrTest/--w--w---x: permission denied",
	"UsrTest/--w--w--w-": "chdir /perm/UsrTest/--w--w--w-: permission denied",
	"UsrTest/--w--w--wx": "chdir /perm/UsrTest/--w--w--wx: permission denied",
	"UsrTest/--w--w-r--": "chdir /perm/UsrTest/--w--w-r--: permission denied",
	"UsrTest/--w--w-r-x": "chdir /perm/UsrTest/--w--w-r-x: permission denied",
	"UsrTest/--w--w-rw-": "chdir /perm/UsrTest/--w--w-rw-: permission denied",
	"UsrTest/--w--w-rwx": "chdir /perm/UsrTest/--w--w-rwx: permission denied",
	"UsrTest/--w--wx---": "chdir /perm/UsrTest/--w--wx---: permission denied",
	"UsrTest/--w--wx--x": "chdir /perm/UsrTest/--w--wx--x: permission denied",
	"UsrTest/--w--wx-w-": "chdir /perm/UsrTest/--w--wx-w-: permission denied",
	"UsrTest/--w--wx-wx": "chdir /perm/UsrTest/--w--wx-wx: permission denied",
	"UsrTest/--w--wxr--": "chdir /perm/UsrTest/--w--wxr--: permission denied",
	"UsrTest/--w--wxr-x": "chdir /perm/UsrTest/--w--wxr-x: permission denied",
	"UsrTest/--w--wxrw-": "chdir /perm/UsrTest/--w--wxrw-: permission denied",
	"UsrTest/--w--wxrwx": "chdir /perm/UsrTest/--w--wxrwx: permission denied",
	"UsrTest/--w-r-----": "chdir /perm/UsrTest/--w-r-----: permission denied",
	"UsrTest/--w-r----x": "chdir /perm/UsrTest/--w-r----x: permission denied",
	"UsrTest/--w-r---w-": "chdir /perm/UsrTest/--w-r---w-: permission denied",
	"UsrTest/--w-r---wx": "chdir /perm/UsrTest/--w-r---wx: permission denied",
	"UsrTest/--w-r--r--": "chdir /perm/UsrTest/--w-r--r--: permission denied",
	"UsrTest/--w-r--r-x": "chdir /perm/UsrTest/--w-r--r-x: permission denied",
	"UsrTest/--w-r--rw-": "chdir /perm/UsrTest/--w-r--rw-: permission denied",
	"UsrTest/--w-r--rwx": "chdir /perm/UsrTest/--w-r--rwx: permission denied",
	"UsrTest/--w-r-x---": "chdir /perm/UsrTest/--w-r-x---: permission denied",
	"UsrTest/--w-r-x--x": "chdir /perm/UsrTest/--w-r-x--x: permission denied",
	"UsrTest/--w-r-x-w-": "chdir /perm/UsrTest/--w-r-x-w-: permission denied",
	"UsrTest/--w-r-x-wx": "chdir /perm/UsrTest/--w-r-x-wx: permission denied",
	"UsrTest/--w-r-xr--": "chdir /perm/UsrTest/--w-r-xr--: permission denied",
	"UsrTest/--w-r-xr-x": "chdir /perm/UsrTest/--w-r-xr-x: permission denied",
	"UsrTest/--w-r-xrw-": "chdir /perm/UsrTest/--w-r-xrw-: permission denied",
	"UsrTest/--w-r-xrwx": "chdir /perm/UsrTest/--w-r-xrwx: permission denied",
	"UsrTest/--w-rw----": "chdir /perm/UsrTest/--w-rw----: permission denied",
	"UsrTest/--w-rw---x": "chdir /perm/UsrTest/--w-rw---x: permission denied",
	"UsrTest/--w-rw--w-": "chdir /perm/UsrTest/--w-rw--w-: permission denied",
	"UsrTest/--w-rw--wx": "chdir /perm/UsrTest/--w-rw--wx: permission denied",
	"UsrTest/--w-rw-r--": "chdir /perm/UsrTest/--w-rw-r--: permission denied",
	"UsrTest/--w-rw-r-x": "chdir /perm/UsrTest/--w-rw-r-x: permission denied",
	"UsrTest/--w-rw-rw-": "chdir /perm/UsrTest/--w-rw-rw-: permission denied",
	"UsrTest/--w-rw-rwx": "chdir /perm/UsrTest/--w-rw-rwx: permission denied",
	"UsrTest/--w-rwx---": "chdir /perm/UsrTest/--w-rwx---: permission denied",
	"UsrTest/--w-rwx--x": "chdir /perm/UsrTest/--w-rwx--x: permission denied",
	"UsrTest/--w-rwx-w-": "chdir /perm/UsrTest/--w-rwx-w-: permission denied",
	"UsrTest/--w-rwx-wx": "chdir /perm/UsrTest/--w-rwx-wx: permission denied",
	"UsrTest/--w-rwxr--": "chdir /perm/UsrTest/--w-rwxr--: permission denied",
	"UsrTest/--w-rwxr-x": "chdir /perm/UsrTest/--w-rwxr-x: permission denied",
	"UsrTest/--w-rwxrw-": "chdir /perm/UsrTest/--w-rwxrw-: permission denied",
	"UsrTest/--w-rwxrwx": "chdir /perm/UsrTest/--w-rwxrwx: permission denied",
	"UsrTest/--wx------": "",
	"UsrTest/--wx-----x": "",
	"UsrTest/--wx----w-": "",
	"UsrTest/--wx----wx": "",
	"UsrTest/--wx---r--": "",
	"UsrTest/--wx---r-x": "",
	"UsrTest/--wx---rw-": "",
	"UsrTest/--wx---rwx": "",
	"UsrTest/--wx--x---": "",
	"UsrTest/--wx--x--x": "",
	"UsrTest/--wx--x-w-": "",
	"UsrTest/--wx--x-wx": "",
	"UsrTest/--wx--xr--": "",
	"UsrTest/--wx--xr-x": "",
	"UsrTest/--wx--xrw-": "",
	"UsrTest/--wx--xrwx": "",
	"UsrTest/--wx-w----": "",
	"UsrTest/--wx-w---x": "",
	"UsrTest/--wx-w--w-": "",
	"UsrTest/--wx-w--wx": "",
	"UsrTest/--wx-w-r--": "",
	"UsrTest/--wx-w-r-x": "",
	"UsrTest/--wx-w-rw-": "",
	"UsrTest/--wx-w-rwx": "",
	"UsrTest/--wx-wx---": "",
	"UsrTest/--wx-wx--x": "",
	"UsrTest/--wx-wx-w-": "",
	"UsrTest/--wx-wx-wx": "",
	"UsrTest/--wx-wxr--": "",
	"UsrTest/--wx-wxr-x": "",
	"UsrTest/--wx-wxrw-": "",
	"UsrTest/--wx-wxrwx": "",
	"UsrTest/--wxr-----": "",
	"UsrTest/--wxr----x": "",
	"UsrTest/--wxr---w-": "",
	"UsrTest/--wxr---wx": "",
	"UsrTest/--wxr--r--": "",
	"UsrTest/--wxr--r-x": "",
	"UsrTest/--wxr--rw-": "",
	"UsrTest/--wxr--rwx": "",
	"UsrTest/--wxr-x---": "",
	"UsrTest/--wxr-x--x": "",
	"UsrTest/--wxr-x-w-": "",
	"UsrTest/--wxr-x-wx": "",
	"UsrTest/--wxr-xr--": "",
	"UsrTest/--wxr-xr-x": "",
	"UsrTest/--wxr-xrw-": "",
	"UsrTest/--wxr-xrwx": "",
	"UsrTest/--wxrw----": "",
	"UsrTest/--wxrw---x": "",
	"UsrTest/--wxrw--w-": "",
	"UsrTest/--wxrw--wx": "",
	"UsrTest/--wxrw-r--": "",
	"UsrTest/--wxrw-r-x": "",
	"UsrTest/--wxrw-rw-": "",
	"UsrTest/--wxrw-rwx": "",
	"UsrTest/--wxrwx---": "",
	"UsrTest/--wxrwx--x": "",
	"UsrTest/--wxrwx-w-": "",
	"UsrTest/--wxrwx-wx": "",
	"UsrTest/--wxrwxr--": "",
	"UsrTest/--wxrwxr-x": "",
	"UsrTest/--wxrwxrw-": "",
	"UsrTest/--wxrwxrwx": "",
	"UsrTest/-r--------": "chdir /perm/UsrTest/-r--------: permission denied",
	"UsrTest/-r-------x": "chdir /perm/UsrTest/-r-------x: permission denied",
	"UsrTest/-r------w-": "chdir /perm/UsrTest/-r------w-: permission denied",
	"UsrTest/-r------wx": "chdir /perm/UsrTest/-r------wx: permission denied",
	"UsrTest/-r-----r--": "chdir /perm/UsrTest/-r-----r--: permission denied",
	"UsrTest/-r-----r-x": "chdir /perm/UsrTest/-r-----r-x: permission denied",
	"UsrTest/-r-----rw-": "chdir /perm/UsrTest/-r-----rw-: permission denied",
	"UsrTest/-r-----rwx": "chdir /perm/UsrTest/-r-----rwx: permission denied",
	"UsrTest/-r----x---": "chdir /perm/UsrTest/-r----x---: permission denied",
	"UsrTest/-r----x--x": "chdir /perm/UsrTest/-r----x--x: permission denied",
	"UsrTest/-r----x-w-": "chdir /perm/UsrTest/-r----x-w-: permission denied",
	"UsrTest/-r----x-wx": "chdir /perm/UsrTest/-r----x-wx: permission denied",
	"UsrTest/-r----xr--": "chdir /perm/UsrTest/-r----xr--: permission denied",
	"UsrTest/-r----xr-x": "chdir /perm/UsrTest/-r----xr-x: permission denied",
	"UsrTest/-r----xrw-": "chdir /perm/UsrTest/-r----xrw-: permission denied",
	"UsrTest/-r----xrwx": "chdir /perm/UsrTest/-r----xrwx: permission denied",
	"UsrTest/-r---w----": "chdir /perm/UsrTest/-r---w----: permission denied",
	"UsrTest/-r---w---x": "chdir /perm/UsrTest/-r---w---x: permission denied",
	"UsrTest/-r---w--w-": "chdir /perm/UsrTest/-r---w--w-: permission denied",
	"UsrTest/-r---w--wx": "chdir /perm/UsrTest/-r---w--wx: permission denied",
	"UsrTest/-r---w-r--": "chdir /perm/UsrTest/-r---w-r--: permission denied",
	"UsrTest/-r---w-r-x": "chdir /perm/UsrTest/-r---w-r-x: permission denied",
	"UsrTest/-r---w-rw-": "chdir /perm/UsrTest/-r---w-rw-: permission denied",
	"UsrTest/-r---w-rwx": "chdir /perm/UsrTest/-r---w-rwx: permission denied",
	"UsrTest/-r---wx---": "chdir /perm/UsrTest/-r---wx---: permission denied",
	"UsrTest/-r---wx--x": "chdir /perm/UsrTest/-r---wx--x: permission denied",
	"UsrTest/-r---wx-w-": "chdir /perm/UsrTest/-r---wx-w-: permission denied",
	"UsrTest/-r---wx-wx": "chdir /perm/UsrTest/-r---wx-wx: permission denied",
	"UsrTest/-r---wxr--": "chdir /perm/UsrTest/-r---wxr--: permission denied",
	"UsrTest/-r---wxr-x": "chdir /perm/UsrTest/-r---wxr-x: permission denied",
	"UsrTest/-r---wxrw-": "chdir /perm/UsrTest/-r---wxrw-: permission denied",
	"UsrTest/-r---wxrwx": "chdir /perm/UsrTest/-r---wxrwx: permission denied",
	"UsrTest/-r--r-----": "chdir /perm/UsrTest/-r--r-----: permission denied",
	"UsrTest/-r--r----x": "chdir /perm/UsrTest/-r--r----x: permission denied",
	"UsrTest/-r--r---w-": "chdir /perm/UsrTest/-r--r---w-: permission denied",
	"UsrTest/-r--r---wx": "chdir /perm/UsrTest/-r--r---wx: permission denied",
	"UsrTest/-r--r--r--": "chdir /perm/UsrTest/-r--r--r--: permission denied",
	"UsrTest/-r--r--r-x": "chdir /perm/UsrTest/-r--r--r-x: permission denied",
	"UsrTest/-r--r--rw-": "chdir /perm/UsrTest/-r--r--rw-: permission denied",
	"UsrTest/-r--r--rwx": "chdir /perm/UsrTest/-r--r--rwx: permission denied",
	"UsrTest/-r--r-x---": "chdir /perm/UsrTest/-r--r-x---: permission denied",
	"UsrTest/-r--r-x--x": "chdir /perm/UsrTest/-r--r-x--x: permission denied",
	"UsrTest/-r--r-x-w-": "chdir /perm/UsrTest/-r--r-x-w-: permission denied",
	"UsrTest/-r--r-x-wx": "chdir /perm/UsrTest/-r--r-x-wx: permission denied",
	"UsrTest/-r--r-xr--": "chdir /perm/UsrTest/-r--r-xr--: permission denied",
	"UsrTest/-r--r-xr-x": "chdir /perm/UsrTest/-r--r-xr-x: permission denied",
	"UsrTest/-r--r-xrw-": "chdir /perm/UsrTest/-r--r-xrw-: permission denied",
	"UsrTest/-r--r-xrwx": "chdir /perm/UsrTest/-r--r-xrwx: permission denied",
	"UsrTest/-r--rw----": "chdir /perm/UsrTest/-r--rw----: permission denied",
	"UsrTest/-r--rw---x": "chdir /perm/UsrTest/-r--rw---x: permission denied",
	"UsrTest/-r--rw--w-": "chdir /perm/UsrTest/-r--rw--w-: permission denied",
	"UsrTest/-r--rw--wx": "chdir /perm/UsrTest/-r--rw--wx: permission denied",
	"UsrTest/-r--rw-r--": "chdir /perm/UsrTest/-r--rw-r--: permission denied",
	"UsrTest/-r--rw-r-x": "chdir /perm/UsrTest/-r--rw-r-x: permission denied",
	"UsrTest/-r--rw-rw-": "chdir /perm/UsrTest/-r--rw-rw-: permission denied",
	"UsrTest/-r--rw-rwx": "chdir /perm/UsrTest/-r--rw-rwx: permission denied",
	"UsrTest/-r--rwx---": "chdir /perm/UsrTest/-r--rwx---: permission denied",
	"UsrTest/-r--rwx--x": "chdir /perm/UsrTest/-r--rwx--x: permission denied",
	"UsrTest/-r--rwx-w-": "chdir /perm/UsrTest/-r--rwx-w-: permission denied",
	"UsrTest/-r--rwx-wx": "chdir /perm/UsrTest/-r--rwx-wx: permission denied",
	"UsrTest/-r--rwxr--": "chdir /perm/UsrTest/-r--rwxr--: permission denied",
	"UsrTest/-r--rwxr-x": "chdir /perm/UsrTest/-r--rwxr-x: permission denied",
	"UsrTest/-r--rwxrw-": "chdir /perm/UsrTest/-r--rwxrw-: permission denied",
	"UsrTest/-r--rwxrwx": "chdir /perm/UsrTest/-r--rwxrwx: permission denied",
	"UsrTest/-r-x------": "",
	"UsrTest/-r-x-----x": "",
	"UsrTest/-r-x----w-": "",
	"UsrTest/-r-x----wx": "",
	"UsrTest/-r-x---r--": "",
	"UsrTest/-r-x---r-x": "",
	"UsrTest/-r-x---rw-": "",
	"UsrTest/-r-x---rwx": "",
	"UsrTest/-r-x--x---": "",
	"UsrTest/-r-x--x--x": "",
	"UsrTest/-r-x--x-w-": "",
	"UsrTest/-r-x--x-wx": "",
	"UsrTest/-r-x--xr--": "",
	"UsrTest/-r-x--xr-x": "",
	"UsrTest/-r-x--xrw-": "",
	"UsrTest/-r-x--xrwx": "",
	"UsrTest/-r-x-w----": "",
	"UsrTest/-r-x-w---x": "",
	"UsrTest/-r-x-w--w-": "",
	"UsrTest/-r-x-w--wx": "",
	"UsrTest/-r-x-w-r--": "",
	"UsrTest/-r-x-w-r-x": "",
	"UsrTest/-r-x-w-rw-": "",
	"UsrTest/-r-x-w-rwx": "",
	"UsrTest/-r-x-wx---": "",
	"UsrTest/-r-x-wx--x": "",
	"UsrTest/-r-x-wx-w-": "",
	"UsrTest/-r-x-wx-wx": "",
	"UsrTest/-r-x-wxr--": "",
	"UsrTest/-r-x-wxr-x": "",
	"UsrTest/-r-x-wxrw-": "",
	"UsrTest/-r-x-wxrwx": "",
	"UsrTest/-r-xr-----": "",
	"UsrTest/-r-xr----x": "",
	"UsrTest/-r-xr---w-": "",
	"UsrTest/-r-xr---wx": "",
	"UsrTest/-r-xr--r--": "",
	"UsrTest/-r-xr--r-x": "",
	"UsrTest/-r-xr--rw-": "",
	"UsrTest/-r-xr--rwx": "",
	"UsrTest/-r-xr-x---": "",
	"UsrTest/-r-xr-x--x": "",
	"UsrTest/-r-xr-x-w-": "",
	"UsrTest/-r-xr-x-wx": "",
	"UsrTest/-r-xr-xr--": "",
	"UsrTest/-r-xr-xr-x": "",
	"UsrTest/-r-xr-xrw-": "",
	"UsrTest/-r-xr-xrwx": "",
	"UsrTest/-r-xrw----": "",
	"UsrTest/-r-xrw---x": "",
	"UsrTest/-r-xrw--w-": "",
	"UsrTest/-r-xrw--wx": "",
	"UsrTest/-r-xrw-r--": "",
	"UsrTest/-r-xrw-r-x": "",
	"UsrTest/-r-xrw-rw-": "",
	"UsrTest/-r-xrw-rwx": "",
	"UsrTest/-r-xrwx---": "",
	"UsrTest/-r-xrwx--x": "",
	"UsrTest/-r-xrwx-w-": "",
	"UsrTest/-r-xrwx-wx": "",
	"UsrTest/-r-xrwxr--": "",
	"UsrTest/-r-xrwxr-x": "",
	"UsrTest/-r-xrwxrw-": "",
	"UsrTest/-r-xrwxrwx": "",
	"UsrTest/-rw-------": "chdir /perm/UsrTest/-rw-------: permission denied",
	"UsrTest/-rw------x": "chdir /perm/UsrTest/-rw------x: permission denied",
	"UsrTest/-rw-----w-": "chdir /perm/UsrTest/-rw-----w-: permission denied",
	"UsrTest/-rw-----wx": "chdir /perm/UsrTest/-rw-----wx: permission denied",
	"UsrTest/-rw----r--": "chdir /perm/UsrTest/-rw----r--: permission denied",
	"UsrTest/-rw----r-x": "chdir /perm/UsrTest/-rw----r-x: permission denied",
	"UsrTest/-rw----rw-": "chdir /perm/UsrTest/-rw----rw-: permission denied",
	"UsrTest/-rw----rwx": "chdir /perm/UsrTest/-rw----rwx: permission denied",
	"UsrTest/-rw---x---": "chdir /perm/UsrTest/-rw---x---: permission denied",
	"UsrTest/-rw---x--x": "chdir /perm/UsrTest/-rw---x--x: permission denied",
	"UsrTest/-rw---x-w-": "chdir /perm/UsrTest/-rw---x-w-: permission denied",
	"UsrTest/-rw---x-wx": "chdir /perm/UsrTest/-rw---x-wx: permission denied",
	"UsrTest/-rw---xr--": "chdir /perm/UsrTest/-rw---xr--: permission denied",
	"UsrTest/-rw---xr-x": "chdir /perm/UsrTest/-rw---xr-x: permission denied",
	"UsrTest/-rw---xrw-": "chdir /perm/UsrTest/-rw---xrw-: permission denied",
	"UsrTest/-rw---xrwx": "chdir /perm/UsrTest/-rw---xrwx: permission denied",
	"UsrTest/-rw--w----": "chdir /perm/UsrTest/-rw--w----: permission denied",
	"UsrTest/-rw--w---x": "chdir /perm/UsrTest/-rw--w---x: permission denied",
	"UsrTest/-rw--w--w-": "chdir /perm/UsrTest/-rw--w--w-: permission denied",
	"UsrTest/-rw--w--wx": "chdir /perm/UsrTest/-rw--w--wx: permission denied",
	"UsrTest/-rw--w-r--": "chdir /perm/UsrTest/-rw--w-r--: permission denied",
	"UsrTest/-rw--w-r-x": "chdir /perm/UsrTest/-rw--w-r-x: permission denied",
	"UsrTest/-rw--w-rw-": "chdir /perm/UsrTest/-rw--w-rw-: permission denied",
	"UsrTest/-rw--w-rwx": "chdir /perm/UsrTest/-rw--w-rwx: permission denied",
	"UsrTest/-rw--wx---": "chdir /perm/UsrTest/-rw--wx---: permission denied",
	"UsrTest/-rw--wx--x": "chdir /perm/UsrTest/-rw--wx--x: permission denied",
	"UsrTest/-rw--wx-w-": "chdir /perm/UsrTest/-rw--wx-w-: permission denied",
	"UsrTest/-rw--wx-wx": "chdir /perm/UsrTest/-rw--wx-wx: permission denied",
	"UsrTest/-rw--wxr--": "chdir /perm/UsrTest/-rw--wxr--: permission denied",
	"UsrTest/-rw--wxr-x": "chdir /perm/UsrTest/-rw--wxr-x: permission denied",
	"UsrTest/-rw--wxrw-": "chdir /perm/UsrTest/-rw--wxrw-: permission denied",
	"UsrTest/-rw--wxrwx": "chdir /perm/UsrTest/-rw--wxrwx: permission denied",
	"UsrTest/-rw-r-----": "chdir /perm/UsrTest/-rw-r-----: permission denied",
	"UsrTest/-rw-r----x": "chdir /perm/UsrTest/-rw-r----x: permission denied",
	"UsrTest/-rw-r---w-": "chdir /perm/UsrTest/-rw-r---w-: permission denied",
	"UsrTest/-rw-r---wx": "chdir /perm/UsrTest/-rw-r---wx: permission denied",
	"UsrTest/-rw-r--r--": "chdir /perm/UsrTest/-rw-r--r--: permission denied",
	"UsrTest/-rw-r--r-x": "chdir /perm/UsrTest/-rw-r--r-x: permission denied",
	"UsrTest/-rw-r--rw-": "chdir /perm/UsrTest/-rw-r--rw-: permission denied",
	"UsrTest/-rw-r--rwx": "chdir /perm/UsrTest/-rw-r--rwx: permission denied",
	"UsrTest/-rw-r-x---": "chdir /perm/UsrTest/-rw-r-x---: permission denied",
	"UsrTest/-rw-r-x--x": "chdir /perm/UsrTest/-rw-r-x--x: permission denied",
	"UsrTest/-rw-r-x-w-": "chdir /perm/UsrTest/-rw-r-x-w-: permission denied",
	"UsrTest/-rw-r-x-wx": "chdir /perm/UsrTest/-rw-r-x-wx: permission denied",
	"UsrTest/-rw-r-xr--": "chdir /perm/UsrTest/-rw-r-xr--: permission denied",
	"UsrTest/-rw-r-xr-x": "chdir /perm/UsrTest/-rw-r-xr-x: permission denied",
	"UsrTest/-rw-r-xrw-": "chdir /perm/UsrTest/-rw-r-xrw-: permission denied",
	"UsrTest/-rw-r-xrwx": "chdir /perm/UsrTest/-rw-r-xrwx: permission denied",
	"UsrTest/-rw-rw----": "chdir /perm/UsrTest/-rw-rw----: permission denied",
	"UsrTest/-rw-rw---x": "chdir /perm/UsrTest/-rw-rw---x: permission denied",
	"UsrTest/-rw-rw--w-": "chdir /perm/UsrTest/-rw-rw--w-: permission denied",
	"UsrTest/-rw-rw--wx": "chdir /perm/UsrTest/-rw-rw--wx: permission denied",
	"UsrTest/-rw-rw-r--": "chdir /perm/UsrTest/-rw-rw-r--: permission denied",
	"UsrTest/-rw-rw-r-x": "chdir /perm/UsrTest/-rw-rw-r-x: permission denied",
	"UsrTest/-rw-rw-rw-": "chdir /perm/UsrTest/-rw-rw-rw-: permission denied",
	"UsrTest/-rw-rw-rwx": "chdir /perm/UsrTest/-rw-rw-rwx: permission denied",
	"UsrTest/-rw-rwx---": "chdir /perm/UsrTest/-rw-rwx---: permission denied",
	"UsrTest/-rw-rwx--x": "chdir /perm/UsrTest/-rw-rwx--x: permission denied",
	"UsrTest/-rw-rwx-w-": "chdir /perm/UsrTest/-rw-rwx-w-: permission denied",
	"UsrTest/-rw-rwx-wx": "chdir /perm/UsrTest/-rw-rwx-wx: permission denied",
	"UsrTest/-rw-rwxr--": "chdir /perm/UsrTest/-rw-rwxr--: permission denied",
	"UsrTest/-rw-rwxr-x": "chdir /perm/UsrTest/-rw-rwxr-x: permission denied",
	"UsrTest/-rw-rwxrw-": "chdir /perm/UsrTest/-rw-rwxrw-: permission denied",
	"UsrTest/-rw-rwxrwx": "chdir /perm/UsrTest/-rw-rwxrwx: permission denied",
	"UsrTest/-rwx------": "",
	"UsrTest/-rwx-----x": "",
	"UsrTest/-rwx----w-": "",
	"UsrTest/-rwx----wx": "",
	"UsrTest/-rwx---r--": "",
	"UsrTest/-rwx---r-x": "",
	"UsrTest/-rwx---rw-": "",
	"UsrTest/-rwx---rwx": "",
	"UsrTest/-rwx--x---": "",
	"UsrTest/-rwx--x--x": "",
	"UsrTest/-rwx--x-w-": "",
	"UsrTest/-rwx--x-wx": "",
	"UsrTest/-rwx--xr--": "",
	"UsrTest/-rwx--xr-x": "",
	"UsrTest/-rwx--xrw-": "",
	"UsrTest/-rwx--xrwx": "",
	"UsrTest/-rwx-w----": "",
	"UsrTest/-rwx-w---x": "",
	"UsrTest/-rwx-w--w-": "",
	"UsrTest/-rwx-w--wx": "",
	"UsrTest/-rwx-w-r--": "",
	"UsrTest/-rwx-w-r-x": "",
	"UsrTest/-rwx-w-rw-": "",
	"UsrTest/-rwx-w-rwx": "",
	"UsrTest/-rwx-wx---": "",
	"UsrTest/-rwx-wx--x": "",
	"UsrTest/-rwx-wx-w-": "",
	"UsrTest/-rwx-wx-wx": "",
	"UsrTest/-rwx-wxr--": "",
	"UsrTest/-rwx-wxr-x": "",
	"UsrTest/-rwx-wxrw-": "",
	"UsrTest/-rwx-wxrwx": "",
	"UsrTest/-rwxr-----": "",
	"UsrTest/-rwxr----x": "",
	"UsrTest/-rwxr---w-": "",
	"UsrTest/-rwxr---wx": "",
	"UsrTest/-rwxr--r--": "",
	"UsrTest/-rwxr--r-x": "",
	"UsrTest/-rwxr--rw-": "",
	"UsrTest/-rwxr--rwx": "",
	"UsrTest/-rwxr-x---": "",
	"UsrTest/-rwxr-x--x": "",
	"UsrTest/-rwxr-x-w-": "",
	"UsrTest/-rwxr-x-wx": "",
	"UsrTest/-rwxr-xr--": "",
	"UsrTest/-rwxr-xr-x": "",
	"UsrTest/-rwxr-xrw-": "",
	"UsrTest/-rwxr-xrwx": "",
	"UsrTest/-rwxrw----": "",
	"UsrTest/-rwxrw---x": "",
	"UsrTest/-rwxrw--w-": "",
	"UsrTest/-rwxrw--wx": "",
	"UsrTest/-rwxrw-r--": "",
	"UsrTest/-rwxrw-r-x": "",
	"UsrTest/-rwxrw-rw-": "",
	"UsrTest/-rwxrw-rwx": "",
	"UsrTest/-rwxrwx---": "",
	"UsrTest/-rwxrwx--x": "",
	"UsrTest/-rwxrwx-w-": "",
	"UsrTest/-rwxrwx-wx": "",
	"UsrTest/-rwxrwxr--": "",
	"UsrTest/-rwxrwxr-x": "",
	"UsrTest/-rwxrwxrw-": "",
	"UsrTest/-rwxrwxrwx": ""
}